../Core/Src/main.c:122:6:wyatt_main	16	static
../Core/Src/main.c:139:5:main	24	static
../Core/Src/main.c:245:6:SystemClock_Config	88	static
../Core/Src/main.c:297:13:MX_ADC1_Init	56	static
../Core/Src/main.c:365:13:MX_ADC2_Init	40	static
../Core/Src/main.c:424:13:MX_ADC3_Init	56	static
../Core/Src/main.c:492:13:MX_ADC4_Init	40	static
../Core/Src/main.c:551:13:MX_ADC5_Init	40	static
../Core/Src/main.c:610:13:MX_DAC1_Init	56	static
../Core/Src/main.c:664:13:MX_DAC2_Init	56	static
../Core/Src/main.c:711:13:MX_DAC3_Init	56	static
../Core/Src/main.c:765:13:MX_DAC4_Init	56	static
../Core/Src/main.c:819:13:MX_OPAMP1_Init	8	static
../Core/Src/main.c:851:13:MX_OPAMP3_Init	8	static
../Core/Src/main.c:883:13:MX_OPAMP4_Init	8	static
../Core/Src/main.c:915:13:MX_OPAMP5_Init	8	static
../Core/Src/main.c:947:13:MX_OPAMP6_Init	8	static
../Core/Src/main.c:979:13:MX_QUADSPI1_Init	8	static
../Core/Src/main.c:1013:13:MX_SPI2_Init	8	static
../Core/Src/main.c:1053:13:MX_SPI3_Init	8	static
../Core/Src/main.c:1093:13:MX_SPI4_Init	8	static
../Core/Src/main.c:1133:13:MX_TIM6_Init	24	static
../Core/Src/main.c:1171:13:MX_UART5_Init	8	static
../Core/Src/main.c:1220:13:MX_USART3_Init	8	static
../Core/Src/main.c:1266:13:MX_DMA_Init	16	static
../Core/Src/main.c:1285:13:MX_GPIO_Init	56	static
../Core/Src/main.c:1368:6:StartDefaultTask	16	static
../Core/Src/main.c:1387:6:HAL_TIM_PeriodElapsedCallback	16	static
../Core/Src/main.c:1404:6:Error_Handler	4	static,ignoring_inline_asm
