../Core/Src/main.c:125:6:wyatt_main	16	static
../Core/Src/main.c:142:5:main	24	static
../Core/Src/main.c:250:6:SystemClock_Config	88	static
../Core/Src/main.c:302:13:MX_ADC1_Init	56	static
../Core/Src/main.c:370:13:MX_ADC2_Init	40	static
../Core/Src/main.c:429:13:MX_ADC3_Init	56	static
../Core/Src/main.c:497:13:MX_ADC4_Init	40	static
../Core/Src/main.c:556:13:MX_ADC5_Init	40	static
../Core/Src/main.c:615:13:MX_DAC1_Init	56	static
../Core/Src/main.c:669:13:MX_DAC2_Init	56	static
../Core/Src/main.c:716:13:MX_DAC3_Init	56	static
../Core/Src/main.c:770:13:MX_DAC4_Init	56	static
../Core/Src/main.c:824:13:MX_OPAMP1_Init	8	static
../Core/Src/main.c:856:13:MX_OPAMP3_Init	8	static
../Core/Src/main.c:888:13:MX_OPAMP4_Init	8	static
../Core/Src/main.c:920:13:MX_OPAMP5_Init	8	static
../Core/Src/main.c:952:13:MX_OPAMP6_Init	8	static
../Core/Src/main.c:984:13:MX_QUADSPI1_Init	8	static
../Core/Src/main.c:1018:13:MX_SPI2_Init	8	static
../Core/Src/main.c:1058:13:MX_SPI3_Init	8	static
../Core/Src/main.c:1098:13:MX_SPI4_Init	8	static
../Core/Src/main.c:1138:13:MX_TIM2_Init	40	static
../Core/Src/main.c:1183:13:MX_TIM6_Init	24	static
../Core/Src/main.c:1221:13:MX_UART5_Init	8	static
../Core/Src/main.c:1270:13:MX_USART3_Init	8	static
../Core/Src/main.c:1316:13:MX_DMA_Init	16	static
../Core/Src/main.c:1335:13:MX_GPIO_Init	56	static
../Core/Src/main.c:1424:6:StartDefaultTask	16	static
../Core/Src/main.c:1443:6:HAL_TIM_PeriodElapsedCallback	16	static
../Core/Src/main.c:1480:6:Error_Handler	4	static,ignoring_inline_asm
