Archive member included to satisfy reference by file (symbol)

/app/stm32cubeide/plugins/com.st.stm32cube.ide.mcu.externaltools.gnu-tools-for-stm32.10.3-2021.10.linux64_1.0.200.202301161003/tools/bin/../lib/gcc/arm-none-eabi/10.3.1/../../../../arm-none-eabi/lib/thumb/v7e-m+fp/hard/libc_nano.a(lib_a-errno.o)
                              ./Core/Src/syscalls.o (__errno)
/app/stm32cubeide/plugins/com.st.stm32cube.ide.mcu.externaltools.gnu-tools-for-stm32.10.3-2021.10.linux64_1.0.200.202301161003/tools/bin/../lib/gcc/arm-none-eabi/10.3.1/../../../../arm-none-eabi/lib/thumb/v7e-m+fp/hard/libc_nano.a(lib_a-exit.o)
                              /app/stm32cubeide/plugins/com.st.stm32cube.ide.mcu.externaltools.gnu-tools-for-stm32.10.3-2021.10.linux64_1.0.200.202301161003/tools/bin/../lib/gcc/arm-none-eabi/10.3.1/../../../../arm-none-eabi/lib/thumb/v7e-m+fp/hard/crt0.o (exit)
/app/stm32cubeide/plugins/com.st.stm32cube.ide.mcu.externaltools.gnu-tools-for-stm32.10.3-2021.10.linux64_1.0.200.202301161003/tools/bin/../lib/gcc/arm-none-eabi/10.3.1/../../../../arm-none-eabi/lib/thumb/v7e-m+fp/hard/libc_nano.a(lib_a-findfp.o)
                              ./Middlewares/Third_Party/FreeRTOS/Source/tasks.o (__sf_fake_stderr)
/app/stm32cubeide/plugins/com.st.stm32cube.ide.mcu.externaltools.gnu-tools-for-stm32.10.3-2021.10.linux64_1.0.200.202301161003/tools/bin/../lib/gcc/arm-none-eabi/10.3.1/../../../../arm-none-eabi/lib/thumb/v7e-m+fp/hard/libc_nano.a(lib_a-fwalk.o)
                              /app/stm32cubeide/plugins/com.st.stm32cube.ide.mcu.externaltools.gnu-tools-for-stm32.10.3-2021.10.linux64_1.0.200.202301161003/tools/bin/../lib/gcc/arm-none-eabi/10.3.1/../../../../arm-none-eabi/lib/thumb/v7e-m+fp/hard/libc_nano.a(lib_a-findfp.o) (_fwalk)
/app/stm32cubeide/plugins/com.st.stm32cube.ide.mcu.externaltools.gnu-tools-for-stm32.10.3-2021.10.linux64_1.0.200.202301161003/tools/bin/../lib/gcc/arm-none-eabi/10.3.1/../../../../arm-none-eabi/lib/thumb/v7e-m+fp/hard/libc_nano.a(lib_a-impure.o)
                              /app/stm32cubeide/plugins/com.st.stm32cube.ide.mcu.externaltools.gnu-tools-for-stm32.10.3-2021.10.linux64_1.0.200.202301161003/tools/bin/../lib/gcc/arm-none-eabi/10.3.1/../../../../arm-none-eabi/lib/thumb/v7e-m+fp/hard/libc_nano.a(lib_a-exit.o) (_global_impure_ptr)
/app/stm32cubeide/plugins/com.st.stm32cube.ide.mcu.externaltools.gnu-tools-for-stm32.10.3-2021.10.linux64_1.0.200.202301161003/tools/bin/../lib/gcc/arm-none-eabi/10.3.1/../../../../arm-none-eabi/lib/thumb/v7e-m+fp/hard/libc_nano.a(lib_a-init.o)
                              /app/stm32cubeide/plugins/com.st.stm32cube.ide.mcu.externaltools.gnu-tools-for-stm32.10.3-2021.10.linux64_1.0.200.202301161003/tools/bin/../lib/gcc/arm-none-eabi/10.3.1/../../../../arm-none-eabi/lib/thumb/v7e-m+fp/hard/crt0.o (__libc_init_array)
/app/stm32cubeide/plugins/com.st.stm32cube.ide.mcu.externaltools.gnu-tools-for-stm32.10.3-2021.10.linux64_1.0.200.202301161003/tools/bin/../lib/gcc/arm-none-eabi/10.3.1/../../../../arm-none-eabi/lib/thumb/v7e-m+fp/hard/libc_nano.a(lib_a-lock.o)
                              /app/stm32cubeide/plugins/com.st.stm32cube.ide.mcu.externaltools.gnu-tools-for-stm32.10.3-2021.10.linux64_1.0.200.202301161003/tools/bin/../lib/gcc/arm-none-eabi/10.3.1/../../../../arm-none-eabi/lib/thumb/v7e-m+fp/hard/libc_nano.a(lib_a-findfp.o) (__retarget_lock_init_recursive)
/app/stm32cubeide/plugins/com.st.stm32cube.ide.mcu.externaltools.gnu-tools-for-stm32.10.3-2021.10.linux64_1.0.200.202301161003/tools/bin/../lib/gcc/arm-none-eabi/10.3.1/../../../../arm-none-eabi/lib/thumb/v7e-m+fp/hard/libc_nano.a(lib_a-memcpy-stub.o)
                              ./Middlewares/Third_Party/FreeRTOS/Source/CMSIS_RTOS_V2/cmsis_os2.o (memcpy)
/app/stm32cubeide/plugins/com.st.stm32cube.ide.mcu.externaltools.gnu-tools-for-stm32.10.3-2021.10.linux64_1.0.200.202301161003/tools/bin/../lib/gcc/arm-none-eabi/10.3.1/../../../../arm-none-eabi/lib/thumb/v7e-m+fp/hard/libc_nano.a(lib_a-memset.o)
                              /app/stm32cubeide/plugins/com.st.stm32cube.ide.mcu.externaltools.gnu-tools-for-stm32.10.3-2021.10.linux64_1.0.200.202301161003/tools/bin/../lib/gcc/arm-none-eabi/10.3.1/../../../../arm-none-eabi/lib/thumb/v7e-m+fp/hard/crt0.o (memset)
/app/stm32cubeide/plugins/com.st.stm32cube.ide.mcu.externaltools.gnu-tools-for-stm32.10.3-2021.10.linux64_1.0.200.202301161003/tools/bin/../lib/gcc/arm-none-eabi/10.3.1/../../../../arm-none-eabi/lib/thumb/v7e-m+fp/hard/libc_nano.a(lib_a-nano-mallocr.o)
                              /app/stm32cubeide/plugins/com.st.stm32cube.ide.mcu.externaltools.gnu-tools-for-stm32.10.3-2021.10.linux64_1.0.200.202301161003/tools/bin/../lib/gcc/arm-none-eabi/10.3.1/../../../../arm-none-eabi/lib/thumb/v7e-m+fp/hard/libc_nano.a(lib_a-findfp.o) (_malloc_r)
[...]
Memory Configuration

Name             Origin             Length             Attributes
RAM              0x0000000020000000 0x0000000000004000 xrw
SRAM1_LOW        0x0000000020004000 0x0000000000004000 xrw
SRAM1_UPPER      0x0000000020008000 0x000000000000c000 xrw
SRAM2            0x0000000020014000 0x0000000000004000 xrw
CCM_SRAM_ALL     0x0000000020018000 0x0000000000008000 xrw
FLASH            0x0000000008000000 0x0000000000080000 xr
*default*        0x0000000000000000 0xffffffffffffffff

Linker script and memory map

LOAD /app/stm32cubeide/plugins/com.st.stm32cube.ide.mcu.externaltools.gnu-tools-for-stm32.10.3-2021.10.linux64_1.0.200.202301161003/tools/bin/../lib/gcc/arm-none-eabi/10.3.1/thumb/v7e-m+fp/hard/crti.o
LOAD /app/stm32cubeide/plugins/com.st.stm32cube.ide.mcu.externaltools.gnu-tools-for-stm32.10.3-2021.10.linux64_1.0.200.202301161003/tools/bin/../lib/gcc/arm-none-eabi/10.3.1/thumb/v7e-m+fp/hard/crtbegin.o
LOAD /app/stm32cubeide/plugins/com.st.stm32cube.ide.mcu.externaltools.gnu-tools-for-stm32.10.3-2021.10.linux64_1.0.200.202301161003/tools/bin/../lib/gcc/arm-none-eabi/10.3.1/../../../../arm-none-eabi/lib/thumb/v7e-m+fp/hard/crt0.o
LOAD ./Core/Src/app_freertos.o
LOAD ./Core/Src/braeden.o
LOAD ./Core/Src/bryant.o
LOAD ./Core/Src/fonts.o
LOAD ./Core/Src/ili9341.o
LOAD ./Core/Src/ili9341_touch.o
LOAD ./Core/Src/jeremy.o
LOAD ./Core/Src/main.o
LOAD ./Core/Src/stm32g4xx_hal_msp.o
LOAD ./Core/Src/stm32g4xx_hal_timebase_tim.o
LOAD ./Core/Src/stm32g4xx_it.o
LOAD ./Core/Src/syscalls.o
LOAD ./Core/Src/sysmem.o
LOAD ./Core/Src/system_stm32g4xx.o
LOAD ./Core/Startup/startup_stm32g474vehx.o
LOAD ./Drivers/STM32G4xx_HAL_Driver/Src/stm32g4xx_hal.o
LOAD ./Drivers/STM32G4xx_HAL_Driver/Src/stm32g4xx_hal_adc.o
LOAD ./Drivers/STM32G4xx_HAL_Driver/Src/stm32g4xx_hal_adc_ex.o
LOAD ./Drivers/STM32G4xx_HAL_Driver/Src/stm32g4xx_hal_cortex.o
LOAD ./Drivers/STM32G4xx_HAL_Driver/Src/stm32g4xx_hal_dac.o
LOAD ./Drivers/STM32G4xx_HAL_Driver/Src/stm32g4xx_hal_dac_ex.o
LOAD ./Drivers/STM32G4xx_HAL_Driver/Src/stm32g4xx_hal_dma.o
LOAD ./Drivers/STM32G4xx_HAL_Driver/Src/stm32g4xx_hal_dma_ex.o
LOAD ./Drivers/STM32G4xx_HAL_Driver/Src/stm32g4xx_hal_exti.o
LOAD ./Drivers/STM32G4xx_HAL_Driver/Src/stm32g4xx_hal_flash.o
LOAD ./Drivers/STM32G4xx_HAL_Driver/Src/stm32g4xx_hal_flash_ex.o
LOAD ./Drivers/STM32G4xx_HAL_Driver/Src/stm32g4xx_hal_flash_ramfunc.o
LOAD ./Drivers/STM32G4xx_HAL_Driver/Src/stm32g4xx_hal_gpio.o
LOAD ./Drivers/STM32G4xx_HAL_Driver/Src/stm32g4xx_hal_opamp.o
LOAD ./Drivers/STM32G4xx_HAL_Driver/Src/stm32g4xx_hal_opamp_ex.o
LOAD ./Drivers/STM32G4xx_HAL_Driver/Src/stm32g4xx_hal_pwr.o
LOAD ./Drivers/STM32G4xx_HAL_Driver/Src/stm32g4xx_hal_pwr_ex.o
LOAD ./Drivers/STM32G4xx_HAL_Driver/Src/stm32g4xx_hal_qspi.o
LOAD ./Drivers/STM32G4xx_HAL_Driver/Src/stm32g4xx_hal_rcc.o
LOAD ./Drivers/STM32G4xx_HAL_Driver/Src/stm32g4xx_hal_rcc_ex.o
LOAD ./Drivers/STM32G4xx_HAL_Driver/Src/stm32g4xx_hal_spi.o
LOAD ./Drivers/STM32G4xx_HAL_Driver/Src/stm32g4xx_hal_spi_ex.o
LOAD ./Drivers/STM32G4xx_HAL_Driver/Src/stm32g4xx_hal_tim.o
LOAD ./Drivers/STM32G4xx_HAL_Driver/Src/stm32g4xx_hal_tim_ex.o
LOAD ./Drivers/STM32G4xx_HAL_Driver/Src/stm32g4xx_hal_uart.o
LOAD ./Drivers/STM32G4xx_HAL_Driver/Src/stm32g4xx_hal_uart_ex.o
LOAD ./Drivers/STM32G4xx_HAL_Driver/Src/stm32g4xx_hal_usart.o
LOAD ./Drivers/STM32G4xx_HAL_Driver/Src/stm32g4xx_hal_usart_ex.o
LOAD ./Drivers/STM32G4xx_HAL_Driver/Src/stm32g4xx_ll_adc.o
LOAD ./FATFS/App/app_fatfs.o
LOAD ./FATFS/Target/user_diskio.o
LOAD ./FATFS/Target/user_diskio_spi.o
LOAD ./Middlewares/Third_Party/FatFs/src/diskio.o
LOAD ./Middlewares/Third_Party/FatFs/src/ff.o
LOAD ./Middlewares/Third_Party/FatFs/src/ff_gen_drv.o
LOAD ./Middlewares/Third_Party/FatFs/src/option/syscall.o
LOAD ./Middlewares/Third_Party/FreeRTOS/Source/CMSIS_RTOS_V2/cmsis_os2.o
LOAD ./Middlewares/Third_Party/FreeRTOS/Source/croutine.o
LOAD ./Middlewares/Third_Party/FreeRTOS/Source/event_groups.o
LOAD ./Middlewares/Third_Party/FreeRTOS/Source/list.o
LOAD ./Middlewares/Third_Party/FreeRTOS/Source/queue.o
LOAD ./Middlewares/Third_Party/FreeRTOS/Source/stream_buffer.o
LOAD ./Middlewares/Third_Party/FreeRTOS/Source/tasks.o
LOAD ./Middlewares/Third_Party/FreeRTOS/Source/timers.o
LOAD ./Middlewares/Third_Party/FreeRTOS/Source/portable/GCC/ARM_CM4F/port.o
LOAD ./Middlewares/Third_Party/FreeRTOS/Source/portable/MemMang/heap_4.o
START GROUP
LOAD /app/stm32cubeide/plugins/com.st.stm32cube.ide.mcu.externaltools.gnu-tools-for-stm32.10.3-2021.10.linux64_1.0.200.202301161003/tools/bin/../lib/gcc/arm-none-eabi/10.3.1/../../../../arm-none-eabi/lib/thumb/v7e-m+fp/hard/libc_nano.a
LOAD /app/stm32cubeide/plugins/com.st.stm32cube.ide.mcu.externaltools.gnu-tools-for-stm32.10.3-2021.10.linux64_1.0.200.202301161003/tools/bin/../lib/gcc/arm-none-eabi/10.3.1/../../../../arm-none-eabi/lib/thumb/v7e-m+fp/hard/libm.a
END GROUP
START GROUP
LOAD /app/stm32cubeide/plugins/com.st.stm32cube.ide.mcu.externaltools.gnu-tools-for-stm32.10.3-2021.10.linux64_1.0.200.202301161003/tools/bin/../lib/gcc/arm-none-eabi/10.3.1/thumb/v7e-m+fp/hard/libgcc.a
LOAD /app/stm32cubeide/plugins/com.st.stm32cube.ide.mcu.externaltools.gnu-tools-for-stm32.10.3-2021.10.linux64_1.0.200.202301161003/tools/bin/../lib/gcc/arm-none-eabi/10.3.1/../../../../arm-none-eabi/lib/thumb/v7e-m+fp/hard/libc_nano.a
END GROUP
START GROUP
LOAD /app/stm32cubeide/plugins/com.st.stm32cube.ide.mcu.externaltools.gnu-tools-for-stm32.10.3-2021.10.linux64_1.0.200.202301161003/tools/bin/../lib/gcc/arm-none-eabi/10.3.1/thumb/v7e-m+fp/hard/libgcc.a
LOAD /app/stm32cubeide/plugins/com.st.stm32cube.ide.mcu.externaltools.gnu-tools-for-stm32.10.3-2021.10.linux64_1.0.200.202301161003/tools/bin/../lib/gcc/arm-none-eabi/10.3.1/../../../../arm-none-eabi/lib/thumb/v7e-m+fp/hard/libc_nano.a
LOAD /app/stm32cubeide/plugins/com.st.stm32cube.ide.mcu.externaltools.gnu-tools-for-stm32.10.3-2021.10.linux64_1.0.200.202301161003/tools/bin/../lib/gcc/arm-none-eabi/10.3.1/../../../../arm-none-eabi/lib/thumb/v7e-m+fp/hard/libnosys.a
END GROUP
START GROUP
LOAD /app/stm32cubeide/plugins/com.st.stm32cube.ide.mcu.externaltools.gnu-tools-for-stm32.10.3-2021.10.linux64_1.0.200.202301161003/tools/bin/../lib/gcc/arm-none-eabi/10.3.1/thumb/v7e-m+fp/hard/libgcc.a
LOAD /app/stm32cubeide/plugins/com.st.stm32cube.ide.mcu.externaltools.gnu-tools-for-stm32.10.3-2021.10.linux64_1.0.200.202301161003/tools/bin/../lib/gcc/arm-none-eabi/10.3.1/../../../../arm-none-eabi/lib/thumb/v7e-m+fp/hard/libc_nano.a
LOAD /app/stm32cubeide/plugins/com.st.stm32cube.ide.mcu.externaltools.gnu-tools-for-stm32.10.3-2021.10.linux64_1.0.200.202301161003/tools/bin/../lib/gcc/arm-none-eabi/10.3.1/../../../../arm-none-eabi/lib/thumb/v7e-m+fp/hard/libnosys.a
END GROUP
LOAD /app/stm32cubeide/plugins/com.st.stm32cube.ide.mcu.externaltools.gnu-tools-for-stm32.10.3-2021.10.linux64_1.0.200.202301161003/tools/bin/../lib/gcc/arm-none-eabi/10.3.1/thumb/v7e-m+fp/hard/crtend.o
LOAD /app/stm32cubeide/plugins/com.st.stm32cube.ide.mcu.externaltools.gnu-tools-for-stm32.10.3-2021.10.linux64_1.0.200.202301161003/tools/bin/../lib/gcc/arm-none-eabi/10.3.1/thumb/v7e-m+fp/hard/crtn.o
                0x0000000020004000                _estack = (ORIGIN (RAM) + LENGTH (RAM))
                0x0000000000000200                _Min_Heap_Size = 0x200
                0x0000000000000400                _Min_Stack_Size = 0x400

.sram1_low      0x0000000020004000     0x4000
                0x0000000020004000                . = ALIGN (0x4)
 *(.sram1_low)
 .sram1_low     0x0000000020004000     0x4000 ./Core/Src/main.o
                0x0000000020004000                jeremy_memspace
                0x0000000020005000                braeden_memspace
                0x0000000020006000                bryant_memspace
                0x0000000020007000                wyatt_memspace
                0x0000000020008000                . = ALIGN (0x4)

.sram1_upper    0x0000000020008000     0xc000
                0x0000000020008000                . = ALIGN (0x4)
 *(.sram1_upper)
 .sram1_upper   0x0000000020008000     0xc000 ./Core/Src/main.o
                0x0000000020008000                audio_buffer
                0x0000000020014000                . = ALIGN (0x4)

.sram2          0x0000000020014000        0x0
                0x0000000020014000                . = ALIGN (0x4)
 *(.sram2)
                0x0000000020014000                . = ALIGN (0x4)

.ccm_sram_all   0x0000000020018000        0x0
                0x0000000020018000                . = ALIGN (0x4)
 *(.ccm_sram_all)
                0x0000000020018000                . = ALIGN (0x4)

.isr_vector     0x0000000008000000      0x1d8
                0x0000000008000000                . = ALIGN (0x4)
 *(.isr_vector)
 .isr_vector    0x0000000008000000      0x1d8 ./Core/Startup/startup_stm32g474vehx.o
                0x0000000008000000                g_pfnVectors
                0x00000000080001d8                . = ALIGN (0x4)

.text           0x00000000080001e0     0x92a0
                0x00000000080001e0                . = ALIGN (0x4)
 *(.text)
 .text          0x00000000080001e0       0x40 /app/stm32cubeide/plugins/com.st.stm32cube.ide.mcu.externaltools.gnu-tools-for-stm32.10.3-2021.10.linux64_1.0.200.202301161003/tools/bin/../lib/gcc/arm-none-eabi/10.3.1/thumb/v7e-m+fp/hard/crtbegin.o
 .text          0x0000000008000220       0x10 /app/stm32cubeide/plugins/com.st.stm32cube.ide.mcu.externaltools.gnu-tools-for-stm32.10.3-2021.10.linux64_1.0.200.202301161003/tools/bin/../lib/gcc/arm-none-eabi/10.3.1/../../../../arm-none-eabi/lib/thumb/v7e-m+fp/hard/libc_nano.a(lib_a-strlen.o)
                0x0000000008000220                strlen
 .text          0x0000000008000230       0xa0 /app/stm32cubeide/plugins/com.st.stm32cube.ide.mcu.externaltools.gnu-tools-for-stm32.10.3-2021.10.linux64_1.0.200.202301161003/tools/bin/../lib/gcc/arm-none-eabi/10.3.1/../../../../arm-none-eabi/lib/thumb/v7e-m+fp/hard/libc_nano.a(lib_a-memchr.o)
                0x0000000008000230                memchr
 .text          0x00000000080002d0       0x30 /app/stm32cubeide/plugins/com.st.stm32cube.ide.mcu.externaltools.gnu-tools-for-stm32.10.3-2021.10.linux64_1.0.200.202301161003/tools/bin/../lib/gcc/arm-none-eabi/10.3.1/thumb/v7e-m+fp/hard/libgcc.a(_aeabi_uldivmod.o)
                0x00000000080002d0                __aeabi_uldivmod
 .text          0x0000000008000300      0x2d0 /app/stm32cubeide/plugins/com.st.stm32cube.ide.mcu.externaltools.gnu-tools-for-stm32.10.3-2021.10.linux64_1.0.200.202301161003/tools/bin/../lib/gcc/arm-none-eabi/10.3.1/thumb/v7e-m+fp/hard/libgcc.a(_udivmoddi4.o)
                0x0000000008000300                __udivmoddi4
 .text          0x00000000080005d0        0x4 /app/stm32cubeide/plugins/com.st.stm32cube.ide.mcu.externaltools.gnu-tools-for-stm32.10.3-2021.10.linux64_1.0.200.202301161003/tools/bin/../lib/gcc/arm-none-eabi/10.3.1/thumb/v7e-m+fp/hard/libgcc.a(_dvmd_tls.o)
                0x00000000080005d0                __aeabi_ldiv0
                0x00000000080005d0                __aeabi_idiv0
 *(.text*)
 .text.braeden_main
                0x00000000080005d4       0x14 ./Core/Src/braeden.o
                0x00000000080005d4                braeden_main
 .text.prepareDACBuffer_8Bit
                0x00000000080005e8       0x28 ./Core/Src/bryant.o
 .text.prepareDACBuffer_16Bit
                0x0000000008000610       0x36 ./Core/Src/bryant.o
 *fill*         0x0000000008000646        0x2 
 .text.bryant_main
                0x0000000008000648      0x208 ./Core/Src/bryant.o
                0x0000000008000648                bryant_main
 .text.update_green_DMA_addr
                0x0000000008000850       0x48 ./Core/Src/jeremy.o
                0x0000000008000850                update_green_DMA_addr
 .text.jeremy_main
                0x0000000008000898       0xc4 ./Core/Src/jeremy.o
                0x0000000008000898                jeremy_main
 .text.wyatt_main
                0x000000000800095c        0x6 ./Core/Src/main.o
                0x000000000800095c                wyatt_main
 .text.StartDefaultTask
                0x0000000008000962        0xa ./Core/Src/main.o
                0x0000000008000962                StartDefaultTask
 .text.SystemClock_Config
                0x000000000800096c       0x76 ./Core/Src/main.o
                0x000000000800096c                SystemClock_Config
 *fill*         0x00000000080009e2        0x2 
 .text.startup.main
                0x00000000080009e4      0x8f8 ./Core/Src/main.o
                0x00000000080009e4                main
 .text.HAL_TIM_PeriodElapsedCallback
                0x00000000080012dc       0xa4 ./Core/Src/main.o
                0x00000000080012dc                HAL_TIM_PeriodElapsedCallback
 .text.Error_Handler
                0x0000000008001380        0x4 ./Core/Src/main.o
                0x0000000008001380                Error_Handler
 .text.HAL_MspInit
                0x0000000008001384       0x44 ./Core/Src/stm32g4xx_hal_msp.o
                0x0000000008001384                HAL_MspInit
 .text.HAL_ADC_MspInit
                0x00000000080013c8      0x268 ./Core/Src/stm32g4xx_hal_msp.o
                0x00000000080013c8                HAL_ADC_MspInit
 .text.HAL_DAC_MspInit
                0x0000000008001630      0x144 ./Core/Src/stm32g4xx_hal_msp.o
                0x0000000008001630                HAL_DAC_MspInit
 .text.HAL_OPAMP_MspInit
                0x0000000008001774       0xe8 ./Core/Src/stm32g4xx_hal_msp.o
                0x0000000008001774                HAL_OPAMP_MspInit
 .text.HAL_QSPI_MspInit
                0x000000000800185c       0xdc ./Core/Src/stm32g4xx_hal_msp.o
                0x000000000800185c                HAL_QSPI_MspInit
 .text.HAL_SPI_MspInit
                0x0000000008001938      0x14c ./Core/Src/stm32g4xx_hal_msp.o
                0x0000000008001938                HAL_SPI_MspInit
 .text.HAL_TIM_Base_MspInit
                0x0000000008001a84       0x6c ./Core/Src/stm32g4xx_hal_msp.o
                0x0000000008001a84                HAL_TIM_Base_MspInit
 .text.HAL_UART_MspInit
                0x0000000008001af0       0xb4 ./Core/Src/stm32g4xx_hal_msp.o
                0x0000000008001af0                HAL_UART_MspInit
 .text.HAL_USART_MspInit
                0x0000000008001ba4       0xb0 ./Core/Src/stm32g4xx_hal_msp.o
                0x0000000008001ba4                HAL_USART_MspInit
 .text.HAL_InitTick
                0x0000000008001c54       0x8c ./Core/Src/stm32g4xx_hal_timebase_tim.o
                0x0000000008001c54                HAL_InitTick
 .text.NMI_Handler
                0x0000000008001ce0        0x8 ./Core/Src/stm32g4xx_it.o
                0x0000000008001ce0                NMI_Handler
 .text.HardFault_Handler
                0x0000000008001ce8        0x2 ./Core/Src/stm32g4xx_it.o
                0x0000000008001ce8                HardFault_Handler
 .text.MemManage_Handler
                0x0000000008001cea        0x2 ./Core/Src/stm32g4xx_it.o
                0x0000000008001cea                MemManage_Handler
 .text.BusFault_Handler
                0x0000000008001cec        0x2 ./Core/Src/stm32g4xx_it.o
                0x0000000008001cec                BusFault_Handler
 .text.UsageFault_Handler
                0x0000000008001cee        0x2 ./Core/Src/stm32g4xx_it.o
                0x0000000008001cee                UsageFault_Handler
 .text.DebugMon_Handler
                0x0000000008001cf0        0x2 ./Core/Src/stm32g4xx_it.o
                0x0000000008001cf0                DebugMon_Handler
 *fill*         0x0000000008001cf2        0x2 
 .text.DMA1_Channel1_IRQHandler
                0x0000000008001cf4        0xc ./Core/Src/stm32g4xx_it.o
                0x0000000008001cf4                DMA1_Channel1_IRQHandler
 .text.TIM2_IRQHandler
                0x0000000008001d00        0xc ./Core/Src/stm32g4xx_it.o
                0x0000000008001d00                TIM2_IRQHandler
 .text.TIM6_DAC_IRQHandler
                0x0000000008001d0c       0x24 ./Core/Src/stm32g4xx_it.o
                0x0000000008001d0c                TIM6_DAC_IRQHandler
 .text.TIM7_DAC_IRQHandler
                0x0000000008001d30       0x24 ./Core/Src/stm32g4xx_it.o
                0x0000000008001d30                TIM7_DAC_IRQHandler
 .text._sbrk    0x0000000008001d54       0x40 ./Core/Src/sysmem.o
                0x0000000008001d54                _sbrk
 .text.SystemInit
                0x0000000008001d94       0x14 ./Core/Src/system_stm32g4xx.o
                0x0000000008001d94                SystemInit
 .text.Reset_Handler
                0x0000000008001da8       0x50 ./Core/Startup/startup_stm32g474vehx.o
                0x0000000008001da8                Reset_Handler
 .text.Default_Handler
                0x0000000008001df8        0x2 ./Core/Startup/startup_stm32g474vehx.o
                0x0000000008001df8                RTC_Alarm_IRQHandler
                0x0000000008001df8                EXTI2_IRQHandler
                0x0000000008001df8                TIM8_TRG_COM_IRQHandler
                0x0000000008001df8                TIM8_CC_IRQHandler
                0x0000000008001df8                HRTIM1_Master_IRQHandler
                0x0000000008001df8                SPI4_IRQHandler
                0x0000000008001df8                FDCAN3_IT0_IRQHandler
                0x0000000008001df8                TIM1_CC_IRQHandler
                0x0000000008001df8                HRTIM1_FLT_IRQHandler
                0x0000000008001df8                HRTIM1_TIMF_IRQHandler
                0x0000000008001df8                USB_HP_IRQHandler
                0x0000000008001df8                CORDIC_IRQHandler
                0x0000000008001df8                HRTIM1_TIMD_IRQHandler
                0x0000000008001df8                DMA2_Channel8_IRQHandler
                0x0000000008001df8                EXTI3_IRQHandler
                0x0000000008001df8                I2C3_ER_IRQHandler
                0x0000000008001df8                EXTI0_IRQHandler
                0x0000000008001df8                I2C2_EV_IRQHandler
                0x0000000008001df8                FPU_IRQHandler
                0x0000000008001df8                FDCAN1_IT1_IRQHandler
                0x0000000008001df8                TIM1_UP_TIM16_IRQHandler
                0x0000000008001df8                ADC1_2_IRQHandler
                0x0000000008001df8                HRTIM1_TIME_IRQHandler
                0x0000000008001df8                SPI1_IRQHandler
                0x0000000008001df8                HRTIM1_TIMC_IRQHandler
                0x0000000008001df8                TIM8_UP_IRQHandler
                0x0000000008001df8                DMA2_Channel2_IRQHandler
                0x0000000008001df8                DMA1_Channel4_IRQHandler
                0x0000000008001df8                TIM20_TRG_COM_IRQHandler
                0x0000000008001df8                USART3_IRQHandler
                0x0000000008001df8                DMA1_Channel7_IRQHandler
                0x0000000008001df8                UART5_IRQHandler
                0x0000000008001df8                ADC3_IRQHandler
                0x0000000008001df8                TIM4_IRQHandler
                0x0000000008001df8                DMA2_Channel1_IRQHandler
                0x0000000008001df8                QUADSPI_IRQHandler
                0x0000000008001df8                I2C1_EV_IRQHandler
                0x0000000008001df8                DMA1_Channel6_IRQHandler
                0x0000000008001df8                UART4_IRQHandler
                0x0000000008001df8                DMA2_Channel4_IRQHandler
                0x0000000008001df8                TIM3_IRQHandler
                0x0000000008001df8                RCC_IRQHandler
                0x0000000008001df8                TIM20_UP_IRQHandler
                0x0000000008001df8                Default_Handler
                0x0000000008001df8                DMA2_Channel7_IRQHandler
                0x0000000008001df8                RTC_TAMP_LSECSS_IRQHandler
                0x0000000008001df8                FMAC_IRQHandler
                0x0000000008001df8                EXTI15_10_IRQHandler
                0x0000000008001df8                DMA1_Channel8_IRQHandler
                0x0000000008001df8                HRTIM1_TIMA_IRQHandler
                0x0000000008001df8                FDCAN3_IT1_IRQHandler
                0x0000000008001df8                TIM5_IRQHandler
                0x0000000008001df8                UCPD1_IRQHandler
                0x0000000008001df8                I2C3_EV_IRQHandler
                0x0000000008001df8                EXTI9_5_IRQHandler
                0x0000000008001df8                RTC_WKUP_IRQHandler
                0x0000000008001df8                PVD_PVM_IRQHandler
                0x0000000008001df8                SPI2_IRQHandler
                0x0000000008001df8                ADC5_IRQHandler
                0x0000000008001df8                DMA2_Channel5_IRQHandler
                0x0000000008001df8                CRS_IRQHandler
                0x0000000008001df8                DMA1_Channel5_IRQHandler
                0x0000000008001df8                USB_LP_IRQHandler
                0x0000000008001df8                EXTI4_IRQHandler
                0x0000000008001df8                RNG_IRQHandler
                0x0000000008001df8                HRTIM1_TIMB_IRQHandler
                0x0000000008001df8                TIM1_TRG_COM_TIM17_IRQHandler
                0x0000000008001df8                FDCAN2_IT1_IRQHandler
                0x0000000008001df8                DMA1_Channel3_IRQHandler
                0x0000000008001df8                ADC4_IRQHandler
                0x0000000008001df8                WWDG_IRQHandler
                0x0000000008001df8                I2C4_EV_IRQHandler
                0x0000000008001df8                FDCAN2_IT0_IRQHandler
                0x0000000008001df8                LPUART1_IRQHandler
                0x0000000008001df8                DMA2_Channel6_IRQHandler
                0x0000000008001df8                FDCAN1_IT0_IRQHandler
                0x0000000008001df8                COMP7_IRQHandler
                0x0000000008001df8                COMP1_2_3_IRQHandler
                0x0000000008001df8                EXTI1_IRQHandler
                0x0000000008001df8                USART2_IRQHandler
                0x0000000008001df8                COMP4_5_6_IRQHandler
                0x0000000008001df8                TIM20_BRK_IRQHandler
                0x0000000008001df8                I2C2_ER_IRQHandler
                0x0000000008001df8                DMA1_Channel2_IRQHandler
                0x0000000008001df8                TIM8_BRK_IRQHandler
                0x0000000008001df8                FLASH_IRQHandler
                0x0000000008001df8                TIM20_CC_IRQHandler
                0x0000000008001df8                USART1_IRQHandler
                0x0000000008001df8                SPI3_IRQHandler
                0x0000000008001df8                I2C1_ER_IRQHandler
                0x0000000008001df8                FMC_IRQHandler
                0x0000000008001df8                LPTIM1_IRQHandler
                0x0000000008001df8                DMAMUX_OVR_IRQHandler
                0x0000000008001df8                I2C4_ER_IRQHandler
                0x0000000008001df8                USBWakeUp_IRQHandler
                0x0000000008001df8                SAI1_IRQHandler
                0x0000000008001df8                DMA2_Channel3_IRQHandler
                0x0000000008001df8                TIM1_BRK_TIM15_IRQHandler
 .text.HAL_Init
                0x0000000008001dfa       0x1e ./Drivers/STM32G4xx_HAL_Driver/Src/stm32g4xx_hal.o
                0x0000000008001dfa                HAL_Init
 .text.HAL_IncTick
                0x0000000008001e18       0x18 ./Drivers/STM32G4xx_HAL_Driver/Src/stm32g4xx_hal.o
                0x0000000008001e18                HAL_IncTick
 .text.HAL_GetTick
                0x0000000008001e30        0xc ./Drivers/STM32G4xx_HAL_Driver/Src/stm32g4xx_hal.o
                0x0000000008001e30                HAL_GetTick
 .text.HAL_Delay
                0x0000000008001e3c       0x28 ./Drivers/STM32G4xx_HAL_Driver/Src/stm32g4xx_hal.o
                0x0000000008001e3c                HAL_Delay
 .text.LL_ADC_SetChannelSamplingTime
                0x0000000008001e64       0x22 ./Drivers/STM32G4xx_HAL_Driver/Src/stm32g4xx_hal_adc.o
 .text.LL_ADC_REG_IsConversionOngoing
                0x0000000008001e86        0x8 ./Drivers/STM32G4xx_HAL_Driver/Src/stm32g4xx_hal_adc.o
 .text.HAL_ADC_ErrorCallback
                0x0000000008001e8e        0x2 ./Drivers/STM32G4xx_HAL_Driver/Src/stm32g4xx_hal_adc.o
                0x0000000008001e8e                HAL_ADC_ErrorCallback
 .text.HAL_ADC_ConvCpltCallback
                0x0000000008001e90        0x2 ./Drivers/STM32G4xx_HAL_Driver/Src/stm32g4xx_hal_adc.o
                0x0000000008001e90                HAL_ADC_ConvCpltCallback
 .text.HAL_ADC_ConvHalfCpltCallback
                0x0000000008001e92        0x2 ./Drivers/STM32G4xx_HAL_Driver/Src/stm32g4xx_hal_adc.o
                0x0000000008001e92                HAL_ADC_ConvHalfCpltCallback
 .text.HAL_ADC_LevelOutOfWindowCallback
                0x0000000008001e94        0x2 ./Drivers/STM32G4xx_HAL_Driver/Src/stm32g4xx_hal_adc.o
                0x0000000008001e94                HAL_ADC_LevelOutOfWindowCallback
 *fill*         0x0000000008001e96        0x2 
 .text.HAL_ADC_Init
                0x0000000008001e98      0x288 ./Drivers/STM32G4xx_HAL_Driver/Src/stm32g4xx_hal_adc.o
                0x0000000008001e98                HAL_ADC_Init
 .text.HAL_ADC_ConfigChannel
                0x0000000008002120      0x3e4 ./Drivers/STM32G4xx_HAL_Driver/Src/stm32g4xx_hal_adc.o
                0x0000000008002120                HAL_ADC_ConfigChannel
 .text.LL_ADC_REG_IsConversionOngoing
                0x0000000008002504        0x8 ./Drivers/STM32G4xx_HAL_Driver/Src/stm32g4xx_hal_adc_ex.o
 .text.HAL_ADCEx_InjectedConvCpltCallback
                0x000000000800250c        0x2 ./Drivers/STM32G4xx_HAL_Driver/Src/stm32g4xx_hal_adc_ex.o
                0x000000000800250c                HAL_ADCEx_InjectedConvCpltCallback
 .text.HAL_ADCEx_InjectedQueueOverflowCallback
                0x000000000800250e        0x2 ./Drivers/STM32G4xx_HAL_Driver/Src/stm32g4xx_hal_adc_ex.o
                0x000000000800250e                HAL_ADCEx_InjectedQueueOverflowCallback
 .text.HAL_ADCEx_LevelOutOfWindow2Callback
                0x0000000008002510        0x2 ./Drivers/STM32G4xx_HAL_Driver/Src/stm32g4xx_hal_adc_ex.o
                0x0000000008002510                HAL_ADCEx_LevelOutOfWindow2Callback
 .text.HAL_ADCEx_LevelOutOfWindow3Callback
                0x0000000008002512        0x2 ./Drivers/STM32G4xx_HAL_Driver/Src/stm32g4xx_hal_adc_ex.o
                0x0000000008002512                HAL_ADCEx_LevelOutOfWindow3Callback
 .text.HAL_ADCEx_EndOfSamplingCallback
                0x0000000008002514        0x2 ./Drivers/STM32G4xx_HAL_Driver/Src/stm32g4xx_hal_adc_ex.o
                0x0000000008002514                HAL_ADCEx_EndOfSamplingCallback
 *fill*         0x0000000008002516        0x2 
 .text.HAL_ADCEx_MultiModeConfigChannel
                0x0000000008002518      0x14c ./Drivers/STM32G4xx_HAL_Driver/Src/stm32g4xx_hal_adc_ex.o
                0x0000000008002518                HAL_ADCEx_MultiModeConfigChannel
 .text.HAL_NVIC_SetPriorityGrouping
                0x0000000008002664       0x24 ./Drivers/STM32G4xx_HAL_Driver/Src/stm32g4xx_hal_cortex.o
                0x0000000008002664                HAL_NVIC_SetPriorityGrouping
 .text.HAL_NVIC_SetPriority
                0x0000000008002688       0x64 ./Drivers/STM32G4xx_HAL_Driver/Src/stm32g4xx_hal_cortex.o
                0x0000000008002688                HAL_NVIC_SetPriority
 .text.HAL_NVIC_EnableIRQ
                0x00000000080026ec       0x1c ./Drivers/STM32G4xx_HAL_Driver/Src/stm32g4xx_hal_cortex.o
                0x00000000080026ec                HAL_NVIC_EnableIRQ
 .text.DAC_DMAConvCpltCh1
                0x0000000008002708       0x10 ./Drivers/STM32G4xx_HAL_Driver/Src/stm32g4xx_hal_dac.o
                0x0000000008002708                DAC_DMAConvCpltCh1
 .text.DAC_DMAHalfConvCpltCh1
                0x0000000008002718        0x6 ./Drivers/STM32G4xx_HAL_Driver/Src/stm32g4xx_hal_dac.o
                0x0000000008002718                DAC_DMAHalfConvCpltCh1
 .text.DAC_DMAErrorCh1
                0x000000000800271e       0x18 ./Drivers/STM32G4xx_HAL_Driver/Src/stm32g4xx_hal_dac.o
                0x000000000800271e                DAC_DMAErrorCh1
 .text.HAL_DAC_DMAUnderrunCallbackCh1
                0x0000000008002736        0x2 ./Drivers/STM32G4xx_HAL_Driver/Src/stm32g4xx_hal_dac.o
                0x0000000008002736                HAL_DAC_DMAUnderrunCallbackCh1
 .text.HAL_DAC_ConvCpltCallbackCh1
                0x0000000008002738        0x2 ./Drivers/STM32G4xx_HAL_Driver/Src/stm32g4xx_hal_dac.o
                0x0000000008002738                HAL_DAC_ConvCpltCallbackCh1
 .text.HAL_DAC_ConvHalfCpltCallbackCh1
                0x000000000800273a        0x2 ./Drivers/STM32G4xx_HAL_Driver/Src/stm32g4xx_hal_dac.o
                0x000000000800273a                HAL_DAC_ConvHalfCpltCallbackCh1
 .text.HAL_DAC_ErrorCallbackCh1
                0x000000000800273c        0x2 ./Drivers/STM32G4xx_HAL_Driver/Src/stm32g4xx_hal_dac.o
                0x000000000800273c                HAL_DAC_ErrorCallbackCh1
 *fill*         0x000000000800273e        0x2 
 .text.HAL_DAC_Init
                0x0000000008002740       0x74 ./Drivers/STM32G4xx_HAL_Driver/Src/stm32g4xx_hal_dac.o
                0x0000000008002740                HAL_DAC_Init
 .text.HAL_DAC_Start
                0x00000000080027b4       0x80 ./Drivers/STM32G4xx_HAL_Driver/Src/stm32g4xx_hal_dac.o
                0x00000000080027b4                HAL_DAC_Start
 .text.HAL_DAC_Start_DMA
                0x0000000008002834       0xf4 ./Drivers/STM32G4xx_HAL_Driver/Src/stm32g4xx_hal_dac.o
                0x0000000008002834                HAL_DAC_Start_DMA
 .text.HAL_DAC_Stop_DMA
                0x0000000008002928       0x54 ./Drivers/STM32G4xx_HAL_Driver/Src/stm32g4xx_hal_dac.o
                0x0000000008002928                HAL_DAC_Stop_DMA
 .text.HAL_DAC_IRQHandler
                0x000000000800297c       0x60 ./Drivers/STM32G4xx_HAL_Driver/Src/stm32g4xx_hal_dac.o
                0x000000000800297c                HAL_DAC_IRQHandler
 .text.HAL_DAC_ConfigChannel
                0x00000000080029dc      0x1dc ./Drivers/STM32G4xx_HAL_Driver/Src/stm32g4xx_hal_dac.o
                0x00000000080029dc                HAL_DAC_ConfigChannel
 .text.DAC_DMAConvCpltCh2
                0x0000000008002bb8       0x10 ./Drivers/STM32G4xx_HAL_Driver/Src/stm32g4xx_hal_dac_ex.o
                0x0000000008002bb8                DAC_DMAConvCpltCh2
 .text.DAC_DMAHalfConvCpltCh2
                0x0000000008002bc8        0x6 ./Drivers/STM32G4xx_HAL_Driver/Src/stm32g4xx_hal_dac_ex.o
                0x0000000008002bc8                DAC_DMAHalfConvCpltCh2
 .text.DAC_DMAErrorCh2
                0x0000000008002bce       0x18 ./Drivers/STM32G4xx_HAL_Driver/Src/stm32g4xx_hal_dac_ex.o
                0x0000000008002bce                DAC_DMAErrorCh2
 .text.HAL_DACEx_ConvCpltCallbackCh2
                0x0000000008002be6        0x2 ./Drivers/STM32G4xx_HAL_Driver/Src/stm32g4xx_hal_dac_ex.o
                0x0000000008002be6                HAL_DACEx_ConvCpltCallbackCh2
 .text.HAL_DACEx_ConvHalfCpltCallbackCh2
                0x0000000008002be8        0x2 ./Drivers/STM32G4xx_HAL_Driver/Src/stm32g4xx_hal_dac_ex.o
                0x0000000008002be8                HAL_DACEx_ConvHalfCpltCallbackCh2
 .text.HAL_DACEx_ErrorCallbackCh2
                0x0000000008002bea        0x2 ./Drivers/STM32G4xx_HAL_Driver/Src/stm32g4xx_hal_dac_ex.o
                0x0000000008002bea                HAL_DACEx_ErrorCallbackCh2
 .text.HAL_DACEx_DMAUnderrunCallbackCh2
                0x0000000008002bec        0x2 ./Drivers/STM32G4xx_HAL_Driver/Src/stm32g4xx_hal_dac_ex.o
                0x0000000008002bec                HAL_DACEx_DMAUnderrunCallbackCh2
 .text.DMA_SetConfig
                0x0000000008002bee       0x34 ./Drivers/STM32G4xx_HAL_Driver/Src/stm32g4xx_hal_dma.o
 *fill*         0x0000000008002c22        0x2 
 .text.DMA_CalcDMAMUXChannelBaseAndMask
                0x0000000008002c24       0x48 ./Drivers/STM32G4xx_HAL_Driver/Src/stm32g4xx_hal_dma.o
 .text.HAL_DMA_Init
                0x0000000008002c6c       0xe4 ./Drivers/STM32G4xx_HAL_Driver/Src/stm32g4xx_hal_dma.o
                0x0000000008002c6c                HAL_DMA_Init
 .text.HAL_DMA_Start_IT
                0x0000000008002d50       0x84 ./Drivers/STM32G4xx_HAL_Driver/Src/stm32g4xx_hal_dma.o
                0x0000000008002d50                HAL_DMA_Start_IT
 .text.HAL_DMA_Abort
                0x0000000008002dd4       0x66 ./Drivers/STM32G4xx_HAL_Driver/Src/stm32g4xx_hal_dma.o
                0x0000000008002dd4                HAL_DMA_Abort
 .text.HAL_DMA_IRQHandler
                0x0000000008002e3a       0x94 ./Drivers/STM32G4xx_HAL_Driver/Src/stm32g4xx_hal_dma.o
                0x0000000008002e3a                HAL_DMA_IRQHandler
 *fill*         0x0000000008002ece        0x2 
 .text.HAL_GPIO_Init
                0x0000000008002ed0      0x198 ./Drivers/STM32G4xx_HAL_Driver/Src/stm32g4xx_hal_gpio.o
                0x0000000008002ed0                HAL_GPIO_Init
 .text.HAL_GPIO_ReadPin
                0x0000000008003068        0xc ./Drivers/STM32G4xx_HAL_Driver/Src/stm32g4xx_hal_gpio.o
                0x0000000008003068                HAL_GPIO_ReadPin
 .text.HAL_GPIO_WritePin
                0x0000000008003074        0xa ./Drivers/STM32G4xx_HAL_Driver/Src/stm32g4xx_hal_gpio.o
                0x0000000008003074                HAL_GPIO_WritePin
 *fill*         0x000000000800307e        0x2 
 .text.HAL_OPAMP_Init
                0x0000000008003080      0x114 ./Drivers/STM32G4xx_HAL_Driver/Src/stm32g4xx_hal_opamp.o
                0x0000000008003080                HAL_OPAMP_Init
 .text.HAL_PWREx_ControlVoltageScaling
                0x0000000008003194       0xb4 ./Drivers/STM32G4xx_HAL_Driver/Src/stm32g4xx_hal_pwr_ex.o
                0x0000000008003194                HAL_PWREx_ControlVoltageScaling
 .text.HAL_PWREx_DisableUCPDDeadBattery
                0x0000000008003248       0x10 ./Drivers/STM32G4xx_HAL_Driver/Src/stm32g4xx_hal_pwr_ex.o
                0x0000000008003248                HAL_PWREx_DisableUCPDDeadBattery
 .text.QSPI_WaitFlagStateUntilTimeout
                0x0000000008003258       0x4e ./Drivers/STM32G4xx_HAL_Driver/Src/stm32g4xx_hal_qspi.o
 .text.HAL_QSPI_TimeOutCallback
                0x00000000080032a6        0x2 ./Drivers/STM32G4xx_HAL_Driver/Src/stm32g4xx_hal_qspi.o
                0x00000000080032a6                HAL_QSPI_TimeOutCallback
 .text.HAL_QSPI_ErrorCallback
                0x00000000080032a8        0x2 ./Drivers/STM32G4xx_HAL_Driver/Src/stm32g4xx_hal_qspi.o
                0x00000000080032a8                HAL_QSPI_ErrorCallback
 .text.HAL_QSPI_AbortCpltCallback
                0x00000000080032aa        0x2 ./Drivers/STM32G4xx_HAL_Driver/Src/stm32g4xx_hal_qspi.o
                0x00000000080032aa                HAL_QSPI_AbortCpltCallback
 .text.HAL_QSPI_CmdCpltCallback
                0x00000000080032ac        0x2 ./Drivers/STM32G4xx_HAL_Driver/Src/stm32g4xx_hal_qspi.o
                0x00000000080032ac                HAL_QSPI_CmdCpltCallback
 .text.HAL_QSPI_RxCpltCallback
                0x00000000080032ae        0x2 ./Drivers/STM32G4xx_HAL_Driver/Src/stm32g4xx_hal_qspi.o
                0x00000000080032ae                HAL_QSPI_RxCpltCallback
 .text.HAL_QSPI_TxCpltCallback
                0x00000000080032b0        0x2 ./Drivers/STM32G4xx_HAL_Driver/Src/stm32g4xx_hal_qspi.o
                0x00000000080032b0                HAL_QSPI_TxCpltCallback
 .text.HAL_QSPI_RxHalfCpltCallback
                0x00000000080032b2        0x2 ./Drivers/STM32G4xx_HAL_Driver/Src/stm32g4xx_hal_qspi.o
                0x00000000080032b2                HAL_QSPI_RxHalfCpltCallback
 .text.HAL_QSPI_TxHalfCpltCallback
                0x00000000080032b4        0x2 ./Drivers/STM32G4xx_HAL_Driver/Src/stm32g4xx_hal_qspi.o
                0x00000000080032b4                HAL_QSPI_TxHalfCpltCallback
 .text.HAL_QSPI_FifoThresholdCallback
                0x00000000080032b6        0x2 ./Drivers/STM32G4xx_HAL_Driver/Src/stm32g4xx_hal_qspi.o
                0x00000000080032b6                HAL_QSPI_FifoThresholdCallback
 .text.HAL_QSPI_StatusMatchCallback
                0x00000000080032b8        0x2 ./Drivers/STM32G4xx_HAL_Driver/Src/stm32g4xx_hal_qspi.o
                0x00000000080032b8                HAL_QSPI_StatusMatchCallback
 *fill*         0x00000000080032ba        0x2 
 .text.HAL_QSPI_Init
                0x00000000080032bc      0x104 ./Drivers/STM32G4xx_HAL_Driver/Src/stm32g4xx_hal_qspi.o
                0x00000000080032bc                HAL_QSPI_Init
 .text.HAL_RCC_OscConfig
                0x00000000080033c0      0x418 ./Drivers/STM32G4xx_HAL_Driver/Src/stm32g4xx_hal_rcc.o
                0x00000000080033c0                HAL_RCC_OscConfig
 .text.HAL_RCC_GetSysClockFreq
                0x00000000080037d8       0x58 ./Drivers/STM32G4xx_HAL_Driver/Src/stm32g4xx_hal_rcc.o
                0x00000000080037d8                HAL_RCC_GetSysClockFreq
 .text.HAL_RCC_ClockConfig
                0x0000000008003830      0x1d8 ./Drivers/STM32G4xx_HAL_Driver/Src/stm32g4xx_hal_rcc.o
                0x0000000008003830                HAL_RCC_ClockConfig
 .text.HAL_RCC_GetHCLKFreq
                0x0000000008003a08        0xc ./Drivers/STM32G4xx_HAL_Driver/Src/stm32g4xx_hal_rcc.o
                0x0000000008003a08                HAL_RCC_GetHCLKFreq
 .text.HAL_RCC_GetPCLK1Freq
                0x0000000008003a14       0x24 ./Drivers/STM32G4xx_HAL_Driver/Src/stm32g4xx_hal_rcc.o
                0x0000000008003a14                HAL_RCC_GetPCLK1Freq
 .text.HAL_RCC_GetPCLK2Freq
                0x0000000008003a38       0x24 ./Drivers/STM32G4xx_HAL_Driver/Src/stm32g4xx_hal_rcc.o
                0x0000000008003a38                HAL_RCC_GetPCLK2Freq
 .text.HAL_RCC_GetClockConfig
                0x0000000008003a5c       0x3c ./Drivers/STM32G4xx_HAL_Driver/Src/stm32g4xx_hal_rcc.o
                0x0000000008003a5c                HAL_RCC_GetClockConfig
 .text.HAL_RCC_EnableCSS
                0x0000000008003a98       0x10 ./Drivers/STM32G4xx_HAL_Driver/Src/stm32g4xx_hal_rcc.o
                0x0000000008003a98                HAL_RCC_EnableCSS
 .text.HAL_RCC_CSSCallback
                0x0000000008003aa8        0x2 ./Drivers/STM32G4xx_HAL_Driver/Src/stm32g4xx_hal_rcc.o
                0x0000000008003aa8                HAL_RCC_CSSCallback
 *fill*         0x0000000008003aaa        0x2 
 .text.HAL_RCC_NMI_IRQHandler
                0x0000000008003aac       0x1c ./Drivers/STM32G4xx_HAL_Driver/Src/stm32g4xx_hal_rcc.o
                0x0000000008003aac                HAL_RCC_NMI_IRQHandler
 .text.HAL_RCCEx_PeriphCLKConfig
                0x0000000008003ac8      0x2f0 ./Drivers/STM32G4xx_HAL_Driver/Src/stm32g4xx_hal_rcc_ex.o
                0x0000000008003ac8                HAL_RCCEx_PeriphCLKConfig
 .text.HAL_SPI_AbortCpltCallback
                0x0000000008003db8        0x2 ./Drivers/STM32G4xx_HAL_Driver/Src/stm32g4xx_hal_spi.o
                0x0000000008003db8                HAL_SPI_AbortCpltCallback
 .text.HAL_SPI_TxCpltCallback
                0x0000000008003dba        0x2 ./Drivers/STM32G4xx_HAL_Driver/Src/stm32g4xx_hal_spi.o
                0x0000000008003dba                HAL_SPI_TxCpltCallback
 .text.HAL_SPI_RxCpltCallback
                0x0000000008003dbc        0x2 ./Drivers/STM32G4xx_HAL_Driver/Src/stm32g4xx_hal_spi.o
                0x0000000008003dbc                HAL_SPI_RxCpltCallback
 .text.HAL_SPI_TxRxCpltCallback
                0x0000000008003dbe        0x2 ./Drivers/STM32G4xx_HAL_Driver/Src/stm32g4xx_hal_spi.o
                0x0000000008003dbe                HAL_SPI_TxRxCpltCallback
 .text.HAL_SPI_TxHalfCpltCallback
                0x0000000008003dc0        0x2 ./Drivers/STM32G4xx_HAL_Driver/Src/stm32g4xx_hal_spi.o
                0x0000000008003dc0                HAL_SPI_TxHalfCpltCallback
 .text.HAL_SPI_RxHalfCpltCallback
                0x0000000008003dc2        0x2 ./Drivers/STM32G4xx_HAL_Driver/Src/stm32g4xx_hal_spi.o
                0x0000000008003dc2                HAL_SPI_RxHalfCpltCallback
 .text.HAL_SPI_TxRxHalfCpltCallback
                0x0000000008003dc4        0x2 ./Drivers/STM32G4xx_HAL_Driver/Src/stm32g4xx_hal_spi.o
                0x0000000008003dc4                HAL_SPI_TxRxHalfCpltCallback
 .text.HAL_SPI_ErrorCallback
                0x0000000008003dc6        0x2 ./Drivers/STM32G4xx_HAL_Driver/Src/stm32g4xx_hal_spi.o
                0x0000000008003dc6                HAL_SPI_ErrorCallback
 .text.HAL_SPI_Init
                0x0000000008003dc8      0x130 ./Drivers/STM32G4xx_HAL_Driver/Src/stm32g4xx_hal_spi.o
                0x0000000008003dc8                HAL_SPI_Init
 .text.HAL_TIM_PeriodElapsedHalfCpltCallback
                0x0000000008003ef8        0x2 ./Drivers/STM32G4xx_HAL_Driver/Src/stm32g4xx_hal_tim.o
                0x0000000008003ef8                HAL_TIM_PeriodElapsedHalfCpltCallback
 .text.HAL_TIM_OC_DelayElapsedCallback
                0x0000000008003efa        0x2 ./Drivers/STM32G4xx_HAL_Driver/Src/stm32g4xx_hal_tim.o
                0x0000000008003efa                HAL_TIM_OC_DelayElapsedCallback
 .text.HAL_TIM_IC_CaptureCallback
                0x0000000008003efc        0x2 ./Drivers/STM32G4xx_HAL_Driver/Src/stm32g4xx_hal_tim.o
                0x0000000008003efc                HAL_TIM_IC_CaptureCallback
 .text.HAL_TIM_IC_CaptureHalfCpltCallback
                0x0000000008003efe        0x2 ./Drivers/STM32G4xx_HAL_Driver/Src/stm32g4xx_hal_tim.o
                0x0000000008003efe                HAL_TIM_IC_CaptureHalfCpltCallback
 .text.HAL_TIM_PWM_PulseFinishedCallback
                0x0000000008003f00        0x2 ./Drivers/STM32G4xx_HAL_Driver/Src/stm32g4xx_hal_tim.o
                0x0000000008003f00                HAL_TIM_PWM_PulseFinishedCallback
 .text.HAL_TIM_PWM_PulseFinishedHalfCpltCallback
                0x0000000008003f02        0x2 ./Drivers/STM32G4xx_HAL_Driver/Src/stm32g4xx_hal_tim.o
                0x0000000008003f02                HAL_TIM_PWM_PulseFinishedHalfCpltCallback
 .text.HAL_TIM_TriggerCallback
                0x0000000008003f04        0x2 ./Drivers/STM32G4xx_HAL_Driver/Src/stm32g4xx_hal_tim.o
                0x0000000008003f04                HAL_TIM_TriggerCallback
 .text.HAL_TIM_TriggerHalfCpltCallback
                0x0000000008003f06        0x2 ./Drivers/STM32G4xx_HAL_Driver/Src/stm32g4xx_hal_tim.o
                0x0000000008003f06                HAL_TIM_TriggerHalfCpltCallback
 .text.HAL_TIM_ErrorCallback
                0x0000000008003f08        0x2 ./Drivers/STM32G4xx_HAL_Driver/Src/stm32g4xx_hal_tim.o
                0x0000000008003f08                HAL_TIM_ErrorCallback
 *fill*         0x0000000008003f0a        0x2 
 .text.HAL_TIM_Base_Start
                0x0000000008003f0c       0x74 ./Drivers/STM32G4xx_HAL_Driver/Src/stm32g4xx_hal_tim.o
                0x0000000008003f0c                HAL_TIM_Base_Start
 .text.HAL_TIM_Base_Start_IT
                0x0000000008003f80       0x7c ./Drivers/STM32G4xx_HAL_Driver/Src/stm32g4xx_hal_tim.o
                0x0000000008003f80                HAL_TIM_Base_Start_IT
 .text.HAL_TIM_IRQHandler
                0x0000000008003ffc      0x1c2 ./Drivers/STM32G4xx_HAL_Driver/Src/stm32g4xx_hal_tim.o
                0x0000000008003ffc                HAL_TIM_IRQHandler
 *fill*         0x00000000080041be        0x2 
 .text.TIM_Base_SetConfig
                0x00000000080041c0       0xf0 ./Drivers/STM32G4xx_HAL_Driver/Src/stm32g4xx_hal_tim.o
                0x00000000080041c0                TIM_Base_SetConfig
 .text.TIM_ETR_SetConfig
                0x00000000080042b0       0x14 ./Drivers/STM32G4xx_HAL_Driver/Src/stm32g4xx_hal_tim.o
                0x00000000080042b0                TIM_ETR_SetConfig
 .text.HAL_TIM_ConfigClockSource
                0x00000000080042c4      0x19c ./Drivers/STM32G4xx_HAL_Driver/Src/stm32g4xx_hal_tim.o
                0x00000000080042c4                HAL_TIM_ConfigClockSource
 .text.TIM_ResetCallback
                0x0000000008004460       0xb8 ./Drivers/STM32G4xx_HAL_Driver/Src/stm32g4xx_hal_tim.o
                0x0000000008004460                TIM_ResetCallback
 .text.HAL_TIM_Base_Init
                0x0000000008004518       0x74 ./Drivers/STM32G4xx_HAL_Driver/Src/stm32g4xx_hal_tim.o
                0x0000000008004518                HAL_TIM_Base_Init
 .text.HAL_TIMEx_MasterConfigSynchronization
                0x000000000800458c       0xa0 ./Drivers/STM32G4xx_HAL_Driver/Src/stm32g4xx_hal_tim_ex.o
                0x000000000800458c                HAL_TIMEx_MasterConfigSynchronization
 .text.HAL_TIMEx_CommutCallback
                0x000000000800462c        0x2 ./Drivers/STM32G4xx_HAL_Driver/Src/stm32g4xx_hal_tim_ex.o
                0x000000000800462c                HAL_TIMEx_CommutCallback
 .text.HAL_TIMEx_CommutHalfCpltCallback
                0x000000000800462e        0x2 ./Drivers/STM32G4xx_HAL_Driver/Src/stm32g4xx_hal_tim_ex.o
                0x000000000800462e                HAL_TIMEx_CommutHalfCpltCallback
 .text.HAL_TIMEx_BreakCallback
                0x0000000008004630        0x2 ./Drivers/STM32G4xx_HAL_Driver/Src/stm32g4xx_hal_tim_ex.o
                0x0000000008004630                HAL_TIMEx_BreakCallback
 .text.HAL_TIMEx_Break2Callback
                0x0000000008004632        0x2 ./Drivers/STM32G4xx_HAL_Driver/Src/stm32g4xx_hal_tim_ex.o
                0x0000000008004632                HAL_TIMEx_Break2Callback
 .text.HAL_TIMEx_EncoderIndexCallback
                0x0000000008004634        0x2 ./Drivers/STM32G4xx_HAL_Driver/Src/stm32g4xx_hal_tim_ex.o
                0x0000000008004634                HAL_TIMEx_EncoderIndexCallback
 .text.HAL_TIMEx_DirectionChangeCallback
                0x0000000008004636        0x2 ./Drivers/STM32G4xx_HAL_Driver/Src/stm32g4xx_hal_tim_ex.o
                0x0000000008004636                HAL_TIMEx_DirectionChangeCallback
 .text.HAL_TIMEx_IndexErrorCallback
                0x0000000008004638        0x2 ./Drivers/STM32G4xx_HAL_Driver/Src/stm32g4xx_hal_tim_ex.o
                0x0000000008004638                HAL_TIMEx_IndexErrorCallback
 .text.HAL_TIMEx_TransitionErrorCallback
                0x000000000800463a        0x2 ./Drivers/STM32G4xx_HAL_Driver/Src/stm32g4xx_hal_tim_ex.o
                0x000000000800463a                HAL_TIMEx_TransitionErrorCallback
 .text.HAL_UARTEx_RxEventCallback
                0x000000000800463c        0x2 ./Drivers/STM32G4xx_HAL_Driver/Src/stm32g4xx_hal_uart.o
                0x000000000800463c                HAL_UARTEx_RxEventCallback
 *fill*         0x000000000800463e        0x2 
 .text.UART_EndRxTransfer
                0x0000000008004640       0x58 ./Drivers/STM32G4xx_HAL_Driver/Src/stm32g4xx_hal_uart.o
 .text.HAL_UART_AbortReceiveCpltCallback
                0x0000000008004698        0x2 ./Drivers/STM32G4xx_HAL_Driver/Src/stm32g4xx_hal_uart.o
                0x0000000008004698                HAL_UART_AbortReceiveCpltCallback
 .text.HAL_UART_TxCpltCallback
                0x000000000800469a        0x2 ./Drivers/STM32G4xx_HAL_Driver/Src/stm32g4xx_hal_uart.o
                0x000000000800469a                HAL_UART_TxCpltCallback
 .text.HAL_UART_TxHalfCpltCallback
                0x000000000800469c        0x2 ./Drivers/STM32G4xx_HAL_Driver/Src/stm32g4xx_hal_uart.o
                0x000000000800469c                HAL_UART_TxHalfCpltCallback
 .text.HAL_UART_RxCpltCallback
                0x000000000800469e        0x2 ./Drivers/STM32G4xx_HAL_Driver/Src/stm32g4xx_hal_uart.o
                0x000000000800469e                HAL_UART_RxCpltCallback
 .text.HAL_UART_RxHalfCpltCallback
                0x00000000080046a0        0x2 ./Drivers/STM32G4xx_HAL_Driver/Src/stm32g4xx_hal_uart.o
                0x00000000080046a0                HAL_UART_RxHalfCpltCallback
 .text.HAL_UART_ErrorCallback
                0x00000000080046a2        0x2 ./Drivers/STM32G4xx_HAL_Driver/Src/stm32g4xx_hal_uart.o
                0x00000000080046a2                HAL_UART_ErrorCallback
 .text.HAL_UART_AbortCpltCallback
                0x00000000080046a4        0x2 ./Drivers/STM32G4xx_HAL_Driver/Src/stm32g4xx_hal_uart.o
                0x00000000080046a4                HAL_UART_AbortCpltCallback
 .text.HAL_UART_AbortTransmitCpltCallback
                0x00000000080046a6        0x2 ./Drivers/STM32G4xx_HAL_Driver/Src/stm32g4xx_hal_uart.o
                0x00000000080046a6                HAL_UART_AbortTransmitCpltCallback
 .text.UART_InitCallbacksToDefault
                0x00000000080046a8       0x7c ./Drivers/STM32G4xx_HAL_Driver/Src/stm32g4xx_hal_uart.o
                0x00000000080046a8                UART_InitCallbacksToDefault
 .text.UART_SetConfig
                0x0000000008004724      0x2cc ./Drivers/STM32G4xx_HAL_Driver/Src/stm32g4xx_hal_uart.o
                0x0000000008004724                UART_SetConfig
 .text.UART_AdvFeatureConfig
                0x00000000080049f0       0xa8 ./Drivers/STM32G4xx_HAL_Driver/Src/stm32g4xx_hal_uart.o
                0x00000000080049f0                UART_AdvFeatureConfig
 .text.UART_WaitOnFlagUntilTimeout
                0x0000000008004a98       0x90 ./Drivers/STM32G4xx_HAL_Driver/Src/stm32g4xx_hal_uart.o
                0x0000000008004a98                UART_WaitOnFlagUntilTimeout
 .text.HAL_UART_Transmit
                0x0000000008004b28       0xac ./Drivers/STM32G4xx_HAL_Driver/Src/stm32g4xx_hal_uart.o
                0x0000000008004b28                HAL_UART_Transmit
 .text.UART_CheckIdleState
                0x0000000008004bd4       0xba ./Drivers/STM32G4xx_HAL_Driver/Src/stm32g4xx_hal_uart.o
                0x0000000008004bd4                UART_CheckIdleState
 *fill*         0x0000000008004c8e        0x2 
 .text.HAL_UART_Init
                0x0000000008004c90       0x7c ./Drivers/STM32G4xx_HAL_Driver/Src/stm32g4xx_hal_uart.o
                0x0000000008004c90                HAL_UART_Init
 .text.UARTEx_SetNbDataToProcess
                0x0000000008004d0c       0x44 ./Drivers/STM32G4xx_HAL_Driver/Src/stm32g4xx_hal_uart_ex.o
 .text.HAL_UARTEx_WakeupCallback
                0x0000000008004d50        0x2 ./Drivers/STM32G4xx_HAL_Driver/Src/stm32g4xx_hal_uart_ex.o
                0x0000000008004d50                HAL_UARTEx_WakeupCallback
 .text.HAL_UARTEx_RxFifoFullCallback
                0x0000000008004d52        0x2 ./Drivers/STM32G4xx_HAL_Driver/Src/stm32g4xx_hal_uart_ex.o
                0x0000000008004d52                HAL_UARTEx_RxFifoFullCallback
 .text.HAL_UARTEx_TxFifoEmptyCallback
                0x0000000008004d54        0x2 ./Drivers/STM32G4xx_HAL_Driver/Src/stm32g4xx_hal_uart_ex.o
                0x0000000008004d54                HAL_UARTEx_TxFifoEmptyCallback
 .text.HAL_UARTEx_EnableFifoMode
                0x0000000008004d56       0x46 ./Drivers/STM32G4xx_HAL_Driver/Src/stm32g4xx_hal_uart_ex.o
                0x0000000008004d56                HAL_UARTEx_EnableFifoMode
 .text.HAL_UARTEx_SetTxFifoThreshold
                0x0000000008004d9c       0x48 ./Drivers/STM32G4xx_HAL_Driver/Src/stm32g4xx_hal_uart_ex.o
                0x0000000008004d9c                HAL_UARTEx_SetTxFifoThreshold
 .text.HAL_UARTEx_SetRxFifoThreshold
                0x0000000008004de4       0x48 ./Drivers/STM32G4xx_HAL_Driver/Src/stm32g4xx_hal_uart_ex.o
                0x0000000008004de4                HAL_UARTEx_SetRxFifoThreshold
 .text.USART_WaitOnFlagUntilTimeout.constprop.0
                0x0000000008004e2c       0x3a ./Drivers/STM32G4xx_HAL_Driver/Src/stm32g4xx_hal_usart.o
 .text.HAL_USART_AbortCpltCallback
                0x0000000008004e66        0x2 ./Drivers/STM32G4xx_HAL_Driver/Src/stm32g4xx_hal_usart.o
                0x0000000008004e66                HAL_USART_AbortCpltCallback
 .text.HAL_USART_TxCpltCallback
                0x0000000008004e68        0x2 ./Drivers/STM32G4xx_HAL_Driver/Src/stm32g4xx_hal_usart.o
                0x0000000008004e68                HAL_USART_TxCpltCallback
 .text.HAL_USART_TxHalfCpltCallback
                0x0000000008004e6a        0x2 ./Drivers/STM32G4xx_HAL_Driver/Src/stm32g4xx_hal_usart.o
                0x0000000008004e6a                HAL_USART_TxHalfCpltCallback
 .text.HAL_USART_RxCpltCallback
                0x0000000008004e6c        0x2 ./Drivers/STM32G4xx_HAL_Driver/Src/stm32g4xx_hal_usart.o
                0x0000000008004e6c                HAL_USART_RxCpltCallback
 .text.HAL_USART_RxHalfCpltCallback
                0x0000000008004e6e        0x2 ./Drivers/STM32G4xx_HAL_Driver/Src/stm32g4xx_hal_usart.o
                0x0000000008004e6e                HAL_USART_RxHalfCpltCallback
 .text.HAL_USART_TxRxCpltCallback
                0x0000000008004e70        0x2 ./Drivers/STM32G4xx_HAL_Driver/Src/stm32g4xx_hal_usart.o
                0x0000000008004e70                HAL_USART_TxRxCpltCallback
 .text.HAL_USART_ErrorCallback
                0x0000000008004e72        0x2 ./Drivers/STM32G4xx_HAL_Driver/Src/stm32g4xx_hal_usart.o
                0x0000000008004e72                HAL_USART_ErrorCallback
 .text.USART_InitCallbacksToDefault
                0x0000000008004e74       0x4c ./Drivers/STM32G4xx_HAL_Driver/Src/stm32g4xx_hal_usart.o
                0x0000000008004e74                USART_InitCallbacksToDefault
 .text.HAL_USART_Init
                0x0000000008004ec0      0x340 ./Drivers/STM32G4xx_HAL_Driver/Src/stm32g4xx_hal_usart.o
                0x0000000008004ec0                HAL_USART_Init
 .text.USARTEx_SetNbDataToProcess
                0x0000000008005200       0x40 ./Drivers/STM32G4xx_HAL_Driver/Src/stm32g4xx_hal_usart_ex.o
 .text.HAL_USARTEx_RxFifoFullCallback
                0x0000000008005240        0x2 ./Drivers/STM32G4xx_HAL_Driver/Src/stm32g4xx_hal_usart_ex.o
                0x0000000008005240                HAL_USARTEx_RxFifoFullCallback
 .text.HAL_USARTEx_TxFifoEmptyCallback
                0x0000000008005242        0x2 ./Drivers/STM32G4xx_HAL_Driver/Src/stm32g4xx_hal_usart_ex.o
                0x0000000008005242                HAL_USARTEx_TxFifoEmptyCallback
 .text.HAL_USARTEx_DisableFifoMode
                0x0000000008005244       0x34 ./Drivers/STM32G4xx_HAL_Driver/Src/stm32g4xx_hal_usart_ex.o
                0x0000000008005244                HAL_USARTEx_DisableFifoMode
 .text.HAL_USARTEx_SetTxFifoThreshold
                0x0000000008005278       0x48 ./Drivers/STM32G4xx_HAL_Driver/Src/stm32g4xx_hal_usart_ex.o
                0x0000000008005278                HAL_USARTEx_SetTxFifoThreshold
 .text.HAL_USARTEx_SetRxFifoThreshold
                0x00000000080052c0       0x48 ./Drivers/STM32G4xx_HAL_Driver/Src/stm32g4xx_hal_usart_ex.o
                0x00000000080052c0                HAL_USARTEx_SetRxFifoThreshold
 .text.MX_FATFS_Init
                0x0000000008005308       0x28 ./FATFS/App/app_fatfs.o
                0x0000000008005308                MX_FATFS_Init
 .text.get_fattime
                0x0000000008005330        0x4 ./FATFS/App/app_fatfs.o
                0x0000000008005330                get_fattime
 .text.USER_initialize
                0x0000000008005334       0x10 ./FATFS/Target/user_diskio.o
                0x0000000008005334                USER_initialize
 .text.USER_read
                0x0000000008005344        0x4 ./FATFS/Target/user_diskio.o
                0x0000000008005344                USER_read
 .text.USER_ioctl
                0x0000000008005348        0x4 ./FATFS/Target/user_diskio.o
                0x0000000008005348                USER_ioctl
 .text.USER_write
                0x000000000800534c        0x4 ./FATFS/Target/user_diskio.o
                0x000000000800534c                USER_write
 .text.USER_status
                0x0000000008005350       0x10 ./FATFS/Target/user_diskio.o
                0x0000000008005350                USER_status
 .text.disk_status
                0x0000000008005360       0x14 ./Middlewares/Third_Party/FatFs/src/diskio.o
                0x0000000008005360                disk_status
 .text.disk_initialize
                0x0000000008005374       0x20 ./Middlewares/Third_Party/FatFs/src/diskio.o
                0x0000000008005374                disk_initialize
 .text.disk_read
                0x0000000008005394       0x1c ./Middlewares/Third_Party/FatFs/src/diskio.o
                0x0000000008005394                disk_read
 .text.disk_write
                0x00000000080053b0       0x1c ./Middlewares/Third_Party/FatFs/src/diskio.o
                0x00000000080053b0                disk_write
 .text.disk_ioctl
                0x00000000080053cc       0x1c ./Middlewares/Third_Party/FatFs/src/diskio.o
                0x00000000080053cc                disk_ioctl
 .text.ld_dword
                0x00000000080053e8        0x4 ./Middlewares/Third_Party/FatFs/src/ff.o
 .text.st_dword
                0x00000000080053ec       0x10 ./Middlewares/Third_Party/FatFs/src/ff.o
 .text.mem_set  0x00000000080053fc        0xc ./Middlewares/Third_Party/FatFs/src/ff.o
 .text.chk_lock
                0x0000000008005408       0x74 ./Middlewares/Third_Party/FatFs/src/ff.o
 .text.inc_lock
                0x000000000800547c       0x84 ./Middlewares/Third_Party/FatFs/src/ff.o
 .text.dec_lock
                0x0000000008005500       0x3c ./Middlewares/Third_Party/FatFs/src/ff.o
 .text.clear_lock
                0x000000000800553c       0x1c ./Middlewares/Third_Party/FatFs/src/ff.o
 .text.clust2sect
                0x0000000008005558       0x16 ./Middlewares/Third_Party/FatFs/src/ff.o
 .text.clmt_clust
                0x000000000800556e       0x22 ./Middlewares/Third_Party/FatFs/src/ff.o
 .text.st_clust
                0x0000000008005590       0x18 ./Middlewares/Third_Party/FatFs/src/ff.o
 .text.get_ldnumber
                0x00000000080055a8       0x30 ./Middlewares/Third_Party/FatFs/src/ff.o
 .text.mem_cpy.part.0
                0x00000000080055d8       0x12 ./Middlewares/Third_Party/FatFs/src/ff.o
 .text.sync_window.part.0
                0x00000000080055ea       0x4c ./Middlewares/Third_Party/FatFs/src/ff.o
 .text.sync_window
                0x0000000008005636        0xc ./Middlewares/Third_Party/FatFs/src/ff.o
 .text.move_window
                0x0000000008005642       0x32 ./Middlewares/Third_Party/FatFs/src/ff.o
 .text.check_fs
                0x0000000008005674       0x74 ./Middlewares/Third_Party/FatFs/src/ff.o
 .text.put_fat  0x00000000080056e8       0xfa ./Middlewares/Third_Party/FatFs/src/ff.o
 .text.unlock_fs
                0x00000000080057e2       0x16 ./Middlewares/Third_Party/FatFs/src/ff.o
 .text.sync_fs  0x00000000080057f8       0x96 ./Middlewares/Third_Party/FatFs/src/ff.o
 *fill*         0x000000000800588e        0x2 
 .text.find_volume
                0x0000000008005890      0x268 ./Middlewares/Third_Party/FatFs/src/ff.o
 .text.get_fileinfo.part.0.isra.0
                0x0000000008005af8       0x56 ./Middlewares/Third_Party/FatFs/src/ff.o
 .text.ld_clust.isra.0
                0x0000000008005b4e       0x10 ./Middlewares/Third_Party/FatFs/src/ff.o
 .text.get_fat.isra.0
                0x0000000008005b5e       0xac ./Middlewares/Third_Party/FatFs/src/ff.o
 .text.dir_sdi.constprop.0
                0x0000000008005c0a       0x64 ./Middlewares/Third_Party/FatFs/src/ff.o
 .text.remove_chain
                0x0000000008005c6e       0x70 ./Middlewares/Third_Party/FatFs/src/ff.o
 .text.create_chain
                0x0000000008005cde       0xb0 ./Middlewares/Third_Party/FatFs/src/ff.o
 .text.dir_next
                0x0000000008005d8e       0xea ./Middlewares/Third_Party/FatFs/src/ff.o
 .text.follow_path
                0x0000000008005e78      0x17c ./Middlewares/Third_Party/FatFs/src/ff.o
 .text.dir_read.constprop.0
                0x0000000008005ff4       0x54 ./Middlewares/Third_Party/FatFs/src/ff.o
 .text.dir_register
                0x0000000008006048       0x62 ./Middlewares/Third_Party/FatFs/src/ff.o
 .text.validate
                0x00000000080060aa       0x50 ./Middlewares/Third_Party/FatFs/src/ff.o
 *fill*         0x00000000080060fa        0x2 
 .text.f_mount  0x00000000080060fc       0x80 ./Middlewares/Third_Party/FatFs/src/ff.o
                0x00000000080060fc                f_mount
 .text.f_open   0x000000000800617c      0x208 ./Middlewares/Third_Party/FatFs/src/ff.o
                0x000000000800617c                f_open
 .text.f_read   0x0000000008006384      0x18e ./Middlewares/Third_Party/FatFs/src/ff.o
                0x0000000008006384                f_read
 .text.f_sync   0x0000000008006512       0xa2 ./Middlewares/Third_Party/FatFs/src/ff.o
                0x0000000008006512                f_sync
 .text.f_close  0x00000000080065b4       0x32 ./Middlewares/Third_Party/FatFs/src/ff.o
                0x00000000080065b4                f_close
 .text.f_opendir
                0x00000000080065e6       0x88 ./Middlewares/Third_Party/FatFs/src/ff.o
                0x00000000080065e6                f_opendir
 .text.f_closedir
                0x000000000800666e       0x2e ./Middlewares/Third_Party/FatFs/src/ff.o
                0x000000000800666e                f_closedir
 .text.f_readdir
                0x000000000800669c       0x54 ./Middlewares/Third_Party/FatFs/src/ff.o
                0x000000000800669c                f_readdir
 .text.FATFS_LinkDriverEx
                0x00000000080066f0       0x40 ./Middlewares/Third_Party/FatFs/src/ff_gen_drv.o
                0x00000000080066f0                FATFS_LinkDriverEx
 .text.FATFS_LinkDriver
                0x0000000008006730        0x6 ./Middlewares/Third_Party/FatFs/src/ff_gen_drv.o
                0x0000000008006730                FATFS_LinkDriver
 .text.ff_cre_syncobj
                0x0000000008006736       0x18 ./Middlewares/Third_Party/FatFs/src/option/syscall.o
                0x0000000008006736                ff_cre_syncobj
 .text.ff_del_syncobj
                0x000000000800674e        0xa ./Middlewares/Third_Party/FatFs/src/option/syscall.o
                0x000000000800674e                ff_del_syncobj
 .text.ff_req_grant
                0x0000000008006758       0x12 ./Middlewares/Third_Party/FatFs/src/option/syscall.o
                0x0000000008006758                ff_req_grant
 .text.ff_rel_grant
                0x000000000800676a        0x4 ./Middlewares/Third_Party/FatFs/src/option/syscall.o
                0x000000000800676a                ff_rel_grant
 .text.SysTick_Handler
                0x000000000800676e       0x1a ./Middlewares/Third_Party/FreeRTOS/Source/CMSIS_RTOS_V2/cmsis_os2.o
                0x000000000800676e                SysTick_Handler
 .text.osKernelInitialize
                0x0000000008006788       0x24 ./Middlewares/Third_Party/FreeRTOS/Source/CMSIS_RTOS_V2/cmsis_os2.o
                0x0000000008006788                osKernelInitialize
 .text.osKernelStart
                0x00000000080067ac       0x34 ./Middlewares/Third_Party/FreeRTOS/Source/CMSIS_RTOS_V2/cmsis_os2.o
                0x00000000080067ac                osKernelStart
 .text.osThreadNew
                0x00000000080067e0       0x92 ./Middlewares/Third_Party/FreeRTOS/Source/CMSIS_RTOS_V2/cmsis_os2.o
                0x00000000080067e0                osThreadNew
 .text.osDelay  0x0000000008006872       0x18 ./Middlewares/Third_Party/FreeRTOS/Source/CMSIS_RTOS_V2/cmsis_os2.o
                0x0000000008006872                osDelay
 .text.osSemaphoreNew
                0x000000000800688a       0x94 ./Middlewares/Third_Party/FreeRTOS/Source/CMSIS_RTOS_V2/cmsis_os2.o
                0x000000000800688a                osSemaphoreNew
 .text.osSemaphoreAcquire
                0x000000000800691e       0x56 ./Middlewares/Third_Party/FreeRTOS/Source/CMSIS_RTOS_V2/cmsis_os2.o
                0x000000000800691e                osSemaphoreAcquire
 .text.osSemaphoreRelease
                0x0000000008006974       0x50 ./Middlewares/Third_Party/FreeRTOS/Source/CMSIS_RTOS_V2/cmsis_os2.o
                0x0000000008006974                osSemaphoreRelease
 .text.osSemaphoreDelete
                0x00000000080069c4       0x26 ./Middlewares/Third_Party/FreeRTOS/Source/CMSIS_RTOS_V2/cmsis_os2.o
                0x00000000080069c4                osSemaphoreDelete
 *fill*         0x00000000080069ea        0x2 
 .text.vApplicationGetIdleTaskMemory
                0x00000000080069ec       0x18 ./Middlewares/Third_Party/FreeRTOS/Source/CMSIS_RTOS_V2/cmsis_os2.o
                0x00000000080069ec                vApplicationGetIdleTaskMemory
 .text.vApplicationGetTimerTaskMemory
                0x0000000008006a04       0x18 ./Middlewares/Third_Party/FreeRTOS/Source/CMSIS_RTOS_V2/cmsis_os2.o
                0x0000000008006a04                vApplicationGetTimerTaskMemory
 .text.vListInitialise
                0x0000000008006a1c       0x16 ./Middlewares/Third_Party/FreeRTOS/Source/list.o
                0x0000000008006a1c                vListInitialise
 .text.vListInitialiseItem
                0x0000000008006a32        0x6 ./Middlewares/Third_Party/FreeRTOS/Source/list.o
                0x0000000008006a32                vListInitialiseItem
 .text.vListInsertEnd
                0x0000000008006a38       0x18 ./Middlewares/Third_Party/FreeRTOS/Source/list.o
                0x0000000008006a38                vListInsertEnd
 .text.vListInsert
                0x0000000008006a50       0x2e ./Middlewares/Third_Party/FreeRTOS/Source/list.o
                0x0000000008006a50                vListInsert
 .text.uxListRemove
                0x0000000008006a7e       0x20 ./Middlewares/Third_Party/FreeRTOS/Source/list.o
                0x0000000008006a7e                uxListRemove
 .text.prvIsQueueEmpty
                0x0000000008006a9e       0x16 ./Middlewares/Third_Party/FreeRTOS/Source/queue.o
 .text.prvCopyDataToQueue
                0x0000000008006ab4       0x6a ./Middlewares/Third_Party/FreeRTOS/Source/queue.o
 .text.prvCopyDataFromQueue
                0x0000000008006b1e       0x2c ./Middlewares/Third_Party/FreeRTOS/Source/queue.o
 .text.prvUnlockQueue
                0x0000000008006b4a       0x70 ./Middlewares/Third_Party/FreeRTOS/Source/queue.o
 .text.xQueueGenericReset
                0x0000000008006bba       0x7e ./Middlewares/Third_Party/FreeRTOS/Source/queue.o
                0x0000000008006bba                xQueueGenericReset
 .text.xQueueGenericCreateStatic
                0x0000000008006c38       0x9c ./Middlewares/Third_Party/FreeRTOS/Source/queue.o
                0x0000000008006c38                xQueueGenericCreateStatic
 .text.xQueueGenericCreate
                0x0000000008006cd4       0x4e ./Middlewares/Third_Party/FreeRTOS/Source/queue.o
                0x0000000008006cd4                xQueueGenericCreate
 .text.xQueueCreateCountingSemaphoreStatic
                0x0000000008006d22       0x44 ./Middlewares/Third_Party/FreeRTOS/Source/queue.o
                0x0000000008006d22                xQueueCreateCountingSemaphoreStatic
 .text.xQueueCreateCountingSemaphore
                0x0000000008006d66       0x3c ./Middlewares/Third_Party/FreeRTOS/Source/queue.o
                0x0000000008006d66                xQueueCreateCountingSemaphore
 .text.xQueueGenericSend
                0x0000000008006da2      0x166 ./Middlewares/Third_Party/FreeRTOS/Source/queue.o
                0x0000000008006da2                xQueueGenericSend
 .text.xQueueGenericSendFromISR
                0x0000000008006f08       0xc4 ./Middlewares/Third_Party/FreeRTOS/Source/queue.o
                0x0000000008006f08                xQueueGenericSendFromISR
 .text.xQueueGiveFromISR
                0x0000000008006fcc       0xa8 ./Middlewares/Third_Party/FreeRTOS/Source/queue.o
                0x0000000008006fcc                xQueueGiveFromISR
 .text.xQueueReceive
                0x0000000008007074      0x13e ./Middlewares/Third_Party/FreeRTOS/Source/queue.o
                0x0000000008007074                xQueueReceive
 .text.xQueueSemaphoreTake
                0x00000000080071b2      0x186 ./Middlewares/Third_Party/FreeRTOS/Source/queue.o
                0x00000000080071b2                xQueueSemaphoreTake
 .text.xQueueReceiveFromISR
                0x0000000008007338       0x9e ./Middlewares/Third_Party/FreeRTOS/Source/queue.o
                0x0000000008007338                xQueueReceiveFromISR
 *fill*         0x00000000080073d6        0x2 
 .text.vQueueAddToRegistry
                0x00000000080073d8       0x24 ./Middlewares/Third_Party/FreeRTOS/Source/queue.o
                0x00000000080073d8                vQueueAddToRegistry
 .text.vQueueUnregisterQueue
                0x00000000080073fc       0x28 ./Middlewares/Third_Party/FreeRTOS/Source/queue.o
                0x00000000080073fc                vQueueUnregisterQueue
 .text.vQueueDelete
                0x0000000008007424       0x2e ./Middlewares/Third_Party/FreeRTOS/Source/queue.o
                0x0000000008007424                vQueueDelete
 .text.vQueueWaitForMessageRestricted
                0x0000000008007452       0x46 ./Middlewares/Third_Party/FreeRTOS/Source/queue.o
                0x0000000008007452                vQueueWaitForMessageRestricted
 .text.prvAddNewTaskToReadyList
                0x0000000008007498      0x100 ./Middlewares/Third_Party/FreeRTOS/Source/tasks.o
 .text.prvAddCurrentTaskToDelayedList
                0x0000000008007598       0x70 ./Middlewares/Third_Party/FreeRTOS/Source/tasks.o
 .text.prvResetNextTaskUnblockTime
                0x0000000008007608       0x24 ./Middlewares/Third_Party/FreeRTOS/Source/tasks.o
 .text.prvDeleteTCB
                0x000000000800762c       0x3c ./Middlewares/Third_Party/FreeRTOS/Source/tasks.o
 .text.prvIdleTask
                0x0000000008007668       0x60 ./Middlewares/Third_Party/FreeRTOS/Source/tasks.o
 .text.prvInitialiseNewTask.constprop.0
                0x00000000080076c8       0xc0 ./Middlewares/Third_Party/FreeRTOS/Source/tasks.o
 .text.xTaskCreateStatic
                0x0000000008007788       0x70 ./Middlewares/Third_Party/FreeRTOS/Source/tasks.o
                0x0000000008007788                xTaskCreateStatic
 .text.xTaskCreate
                0x00000000080077f8       0x5a ./Middlewares/Third_Party/FreeRTOS/Source/tasks.o
                0x00000000080077f8                xTaskCreate
 *fill*         0x0000000008007852        0x2 
 .text.vTaskDelete
                0x0000000008007854       0xb0 ./Middlewares/Third_Party/FreeRTOS/Source/tasks.o
                0x0000000008007854                vTaskDelete
 .text.vTaskStartScheduler
                0x0000000008007904       0xa0 ./Middlewares/Third_Party/FreeRTOS/Source/tasks.o
                0x0000000008007904                vTaskStartScheduler
 .text.vTaskSuspendAll
                0x00000000080079a4       0x10 ./Middlewares/Third_Party/FreeRTOS/Source/tasks.o
                0x00000000080079a4                vTaskSuspendAll
 .text.xTaskGetTickCount
                0x00000000080079b4        0xc ./Middlewares/Third_Party/FreeRTOS/Source/tasks.o
                0x00000000080079b4                xTaskGetTickCount
 .text.xTaskIncrementTick
                0x00000000080079c0      0x12c ./Middlewares/Third_Party/FreeRTOS/Source/tasks.o
                0x00000000080079c0                xTaskIncrementTick
 .text.xTaskResumeAll
                0x0000000008007aec       0xe8 ./Middlewares/Third_Party/FreeRTOS/Source/tasks.o
                0x0000000008007aec                xTaskResumeAll
 .text.vTaskDelay
                0x0000000008007bd4       0x48 ./Middlewares/Third_Party/FreeRTOS/Source/tasks.o
                0x0000000008007bd4                vTaskDelay
 .text.vTaskSwitchContext
                0x0000000008007c1c       0x80 ./Middlewares/Third_Party/FreeRTOS/Source/tasks.o
                0x0000000008007c1c                vTaskSwitchContext
 .text.vTaskSuspend
                0x0000000008007c9c       0xb4 ./Middlewares/Third_Party/FreeRTOS/Source/tasks.o
                0x0000000008007c9c                vTaskSuspend
 .text.vTaskPlaceOnEventList
                0x0000000008007d50       0x34 ./Middlewares/Third_Party/FreeRTOS/Source/tasks.o
                0x0000000008007d50                vTaskPlaceOnEventList
 .text.vTaskPlaceOnEventListRestricted
                0x0000000008007d84       0x3c ./Middlewares/Third_Party/FreeRTOS/Source/tasks.o
                0x0000000008007d84                vTaskPlaceOnEventListRestricted
 .text.xTaskRemoveFromEventList
                0x0000000008007dc0       0x88 ./Middlewares/Third_Party/FreeRTOS/Source/tasks.o
                0x0000000008007dc0                xTaskRemoveFromEventList
 .text.vTaskInternalSetTimeOutState
                0x0000000008007e48       0x18 ./Middlewares/Third_Party/FreeRTOS/Source/tasks.o
                0x0000000008007e48                vTaskInternalSetTimeOutState
 .text.xTaskCheckForTimeOut
                0x0000000008007e60       0x78 ./Middlewares/Third_Party/FreeRTOS/Source/tasks.o
                0x0000000008007e60                xTaskCheckForTimeOut
 .text.vTaskMissedYield
                0x0000000008007ed8        0xc ./Middlewares/Third_Party/FreeRTOS/Source/tasks.o
                0x0000000008007ed8                vTaskMissedYield
 .text.xTaskGetCurrentTaskHandle
                0x0000000008007ee4        0xc ./Middlewares/Third_Party/FreeRTOS/Source/tasks.o
                0x0000000008007ee4                xTaskGetCurrentTaskHandle
 .text.xTaskGetSchedulerState
                0x0000000008007ef0       0x20 ./Middlewares/Third_Party/FreeRTOS/Source/tasks.o
                0x0000000008007ef0                xTaskGetSchedulerState
 .text.xTaskPriorityInherit
                0x0000000008007f10       0x84 ./Middlewares/Third_Party/FreeRTOS/Source/tasks.o
                0x0000000008007f10                xTaskPriorityInherit
 .text.xTaskPriorityDisinherit
                0x0000000008007f94       0x88 ./Middlewares/Third_Party/FreeRTOS/Source/tasks.o
                0x0000000008007f94                xTaskPriorityDisinherit
 .text.vTaskPriorityDisinheritAfterTimeout
                0x000000000800801c       0xa4 ./Middlewares/Third_Party/FreeRTOS/Source/tasks.o
                0x000000000800801c                vTaskPriorityDisinheritAfterTimeout
 .text.pvTaskIncrementMutexHeldCount
                0x00000000080080c0       0x18 ./Middlewares/Third_Party/FreeRTOS/Source/tasks.o
                0x00000000080080c0                pvTaskIncrementMutexHeldCount
 .text.prvCheckForValidListAndQueue
                0x00000000080080d8       0x68 ./Middlewares/Third_Party/FreeRTOS/Source/timers.o
 .text.prvInsertTimerInActiveList
                0x0000000008008140       0x3c ./Middlewares/Third_Party/FreeRTOS/Source/timers.o
 .text.xTimerCreateTimerTask
                0x000000000800817c       0x64 ./Middlewares/Third_Party/FreeRTOS/Source/timers.o
                0x000000000800817c                xTimerCreateTimerTask
 .text.xTimerGenericCommand
                0x00000000080081e0       0x58 ./Middlewares/Third_Party/FreeRTOS/Source/timers.o
                0x00000000080081e0                xTimerGenericCommand
 .text.prvSampleTimeNow
                0x0000000008008238       0xac ./Middlewares/Third_Party/FreeRTOS/Source/timers.o
 .text.prvTimerTask
                0x00000000080082e4      0x1cc ./Middlewares/Third_Party/FreeRTOS/Source/timers.o
 .text.prvPortStartFirstTask
                0x00000000080084b0       0x28 ./Middlewares/Third_Party/FreeRTOS/Source/portable/GCC/ARM_CM4F/port.o
 .text.vPortEnableVFP
                0x00000000080084d8       0x14 ./Middlewares/Third_Party/FreeRTOS/Source/portable/GCC/ARM_CM4F/port.o
 .text.prvTaskExitError
                0x00000000080084ec       0x40 ./Middlewares/Third_Party/FreeRTOS/Source/portable/GCC/ARM_CM4F/port.o
 .text.pxPortInitialiseStack
                0x000000000800852c       0x2c ./Middlewares/Third_Party/FreeRTOS/Source/portable/GCC/ARM_CM4F/port.o
                0x000000000800852c                pxPortInitialiseStack
 *fill*         0x0000000008008558        0x8 
 .text.SVC_Handler
                0x0000000008008560       0x24 ./Middlewares/Third_Party/FreeRTOS/Source/portable/GCC/ARM_CM4F/port.o
                0x0000000008008560                SVC_Handler
 .text.vPortEnterCritical
                0x0000000008008584       0x40 ./Middlewares/Third_Party/FreeRTOS/Source/portable/GCC/ARM_CM4F/port.o
                0x0000000008008584                vPortEnterCritical
 .text.vPortExitCritical
                0x00000000080085c4       0x28 ./Middlewares/Third_Party/FreeRTOS/Source/portable/GCC/ARM_CM4F/port.o
                0x00000000080085c4                vPortExitCritical
 *fill*         0x00000000080085ec        0x4 
 .text.PendSV_Handler
                0x00000000080085f0       0x64 ./Middlewares/Third_Party/FreeRTOS/Source/portable/GCC/ARM_CM4F/port.o
                0x00000000080085f0                PendSV_Handler
 .text.xPortSysTickHandler
                0x0000000008008654       0x2c ./Middlewares/Third_Party/FreeRTOS/Source/portable/GCC/ARM_CM4F/port.o
                0x0000000008008654                xPortSysTickHandler
 .text.vPortSetupTimerInterrupt
                0x0000000008008680       0x24 ./Middlewares/Third_Party/FreeRTOS/Source/portable/GCC/ARM_CM4F/port.o
                0x0000000008008680                vPortSetupTimerInterrupt
 .text.xPortStartScheduler
                0x00000000080086a4      0x10c ./Middlewares/Third_Party/FreeRTOS/Source/portable/GCC/ARM_CM4F/port.o
                0x00000000080086a4                xPortStartScheduler
 .text.vPortValidateInterruptPriority
                0x00000000080087b0       0x5c ./Middlewares/Third_Party/FreeRTOS/Source/portable/GCC/ARM_CM4F/port.o
                0x00000000080087b0                vPortValidateInterruptPriority
 .text.prvInsertBlockIntoFreeList
                0x000000000800880c       0x48 ./Middlewares/Third_Party/FreeRTOS/Source/portable/MemMang/heap_4.o
 .text.pvPortMalloc
                0x0000000008008854      0x130 ./Middlewares/Third_Party/FreeRTOS/Source/portable/MemMang/heap_4.o
                0x0000000008008854                pvPortMalloc
 .text.vPortFree
                0x0000000008008984       0x7c ./Middlewares/Third_Party/FreeRTOS/Source/portable/MemMang/heap_4.o
                0x0000000008008984                vPortFree
 .text.__errno  0x0000000008008a00        0xc /app/stm32cubeide/plugins/com.st.stm32cube.ide.mcu.externaltools.gnu-tools-for-stm32.10.3-2021.10.linux64_1.0.200.202301161003/tools/bin/../lib/gcc/arm-none-eabi/10.3.1/../../../../arm-none-eabi/lib/thumb/v7e-m+fp/hard/libc_nano.a(lib_a-errno.o)
                0x0000000008008a00                __errno
 .text.__libc_init_array
                0x0000000008008a0c       0x48 /app/stm32cubeide/plugins/com.st.stm32cube.ide.mcu.externaltools.gnu-tools-for-stm32.10.3-2021.10.linux64_1.0.200.202301161003/tools/bin/../lib/gcc/arm-none-eabi/10.3.1/../../../../arm-none-eabi/lib/thumb/v7e-m+fp/hard/libc_nano.a(lib_a-init.o)
                0x0000000008008a0c                __libc_init_array
 .text.__retarget_lock_acquire_recursive
                0x0000000008008a54        0x2 /app/stm32cubeide/plugins/com.st.stm32cube.ide.mcu.externaltools.gnu-tools-for-stm32.10.3-2021.10.linux64_1.0.200.202301161003/tools/bin/../lib/gcc/arm-none-eabi/10.3.1/../../../../arm-none-eabi/lib/thumb/v7e-m+fp/hard/libc_nano.a(lib_a-lock.o)
                0x0000000008008a54                __retarget_lock_acquire_recursive
 .text.__retarget_lock_release_recursive
                0x0000000008008a56        0x2 /app/stm32cubeide/plugins/com.st.stm32cube.ide.mcu.externaltools.gnu-tools-for-stm32.10.3-2021.10.linux64_1.0.200.202301161003/tools/bin/../lib/gcc/arm-none-eabi/10.3.1/../../../../arm-none-eabi/lib/thumb/v7e-m+fp/hard/libc_nano.a(lib_a-lock.o)
                0x0000000008008a56                __retarget_lock_release_recursive
 .text.memcpy   0x0000000008008a58       0x1c /app/stm32cubeide/plugins/com.st.stm32cube.ide.mcu.externaltools.gnu-tools-for-stm32.10.3-2021.10.linux64_1.0.200.202301161003/tools/bin/../lib/gcc/arm-none-eabi/10.3.1/../../../../arm-none-eabi/lib/thumb/v7e-m+fp/hard/libc_nano.a(lib_a-memcpy-stub.o)
                0x0000000008008a58                memcpy
 .text.memset   0x0000000008008a74       0x10 /app/stm32cubeide/plugins/com.st.stm32cube.ide.mcu.externaltools.gnu-tools-for-stm32.10.3-2021.10.linux64_1.0.200.202301161003/tools/bin/../lib/gcc/arm-none-eabi/10.3.1/../../../../arm-none-eabi/lib/thumb/v7e-m+fp/hard/libc_nano.a(lib_a-memset.o)
                0x0000000008008a74                memset
 .text.sbrk_aligned
                0x0000000008008a84       0x40 /app/stm32cubeide/plugins/com.st.stm32cube.ide.mcu.externaltools.gnu-tools-for-stm32.10.3-2021.10.linux64_1.0.200.202301161003/tools/bin/../lib/gcc/arm-none-eabi/10.3.1/../../../../arm-none-eabi/lib/thumb/v7e-m+fp/hard/libc_nano.a(lib_a-nano-mallocr.o)
 .text._malloc_r
                0x0000000008008ac4       0xe8 /app/stm32cubeide/plugins/com.st.stm32cube.ide.mcu.externaltools.gnu-tools-for-stm32.10.3-2021.10.linux64_1.0.200.202301161003/tools/bin/../lib/gcc/arm-none-eabi/10.3.1/../../../../arm-none-eabi/lib/thumb/v7e-m+fp/hard/libc_nano.a(lib_a-nano-mallocr.o)
                0x0000000008008ac4                _malloc_r
 .text.cleanup_glue
                0x0000000008008bac       0x1a /app/stm32cubeide/plugins/com.st.stm32cube.ide.mcu.externaltools.gnu-tools-for-stm32.10.3-2021.10.linux64_1.0.200.202301161003/tools/bin/../lib/gcc/arm-none-eabi/10.3.1/../../../../arm-none-eabi/lib/thumb/v7e-m+fp/hard/libc_nano.a(lib_a-reent.o)
                0x0000000008008bac                cleanup_glue
 *fill*         0x0000000008008bc6        0x2 
 .text._reclaim_reent
                0x0000000008008bc8       0xb8 /app/stm32cubeide/plugins/com.st.stm32cube.ide.mcu.externaltools.gnu-tools-for-stm32.10.3-2021.10.linux64_1.0.200.202301161003/tools/bin/../lib/gcc/arm-none-eabi/10.3.1/../../../../arm-none-eabi/lib/thumb/v7e-m+fp/hard/libc_nano.a(lib_a-reent.o)
                0x0000000008008bc8                _reclaim_reent
 .text._sbrk_r  0x0000000008008c80       0x20 /app/stm32cubeide/plugins/com.st.stm32cube.ide.mcu.externaltools.gnu-tools-for-stm32.10.3-2021.10.linux64_1.0.200.202301161003/tools/bin/../lib/gcc/arm-none-eabi/10.3.1/../../../../arm-none-eabi/lib/thumb/v7e-m+fp/hard/libc_nano.a(lib_a-sbrkr.o)
                0x0000000008008c80                _sbrk_r
 .text.sprintf  0x0000000008008ca0       0x40 /app/stm32cubeide/plugins/com.st.stm32cube.ide.mcu.externaltools.gnu-tools-for-stm32.10.3-2021.10.linux64_1.0.200.202301161003/tools/bin/../lib/gcc/arm-none-eabi/10.3.1/../../../../arm-none-eabi/lib/thumb/v7e-m+fp/hard/libc_nano.a(lib_a-sprintf.o)
                0x0000000008008ca0                sprintf
                0x0000000008008ca0                siprintf
 .text.strncmp  0x0000000008008ce0       0x28 /app/stm32cubeide/plugins/com.st.stm32cube.ide.mcu.externaltools.gnu-tools-for-stm32.10.3-2021.10.linux64_1.0.200.202301161003/tools/bin/../lib/gcc/arm-none-eabi/10.3.1/../../../../arm-none-eabi/lib/thumb/v7e-m+fp/hard/libc_nano.a(lib_a-strncmp.o)
                0x0000000008008ce0                strncmp
 .text.strstr   0x0000000008008d08       0x2c /app/stm32cubeide/plugins/com.st.stm32cube.ide.mcu.externaltools.gnu-tools-for-stm32.10.3-2021.10.linux64_1.0.200.202301161003/tools/bin/../lib/gcc/arm-none-eabi/10.3.1/../../../../arm-none-eabi/lib/thumb/v7e-m+fp/hard/libc_nano.a(lib_a-strstr.o)
                0x0000000008008d08                strstr
 .text.__malloc_lock
                0x0000000008008d34        0xc /app/stm32cubeide/plugins/com.st.stm32cube.ide.mcu.externaltools.gnu-tools-for-stm32.10.3-2021.10.linux64_1.0.200.202301161003/tools/bin/../lib/gcc/arm-none-eabi/10.3.1/../../../../arm-none-eabi/lib/thumb/v7e-m+fp/hard/libc_nano.a(lib_a-mlock.o)
                0x0000000008008d34                __malloc_lock
 .text.__malloc_unlock
                0x0000000008008d40        0xc /app/stm32cubeide/plugins/com.st.stm32cube.ide.mcu.externaltools.gnu-tools-for-stm32.10.3-2021.10.linux64_1.0.200.202301161003/tools/bin/../lib/gcc/arm-none-eabi/10.3.1/../../../../arm-none-eabi/lib/thumb/v7e-m+fp/hard/libc_nano.a(lib_a-mlock.o)
                0x0000000008008d40                __malloc_unlock
 .text._free_r  0x0000000008008d4c       0x98 /app/stm32cubeide/plugins/com.st.stm32cube.ide.mcu.externaltools.gnu-tools-for-stm32.10.3-2021.10.linux64_1.0.200.202301161003/tools/bin/../lib/gcc/arm-none-eabi/10.3.1/../../../../arm-none-eabi/lib/thumb/v7e-m+fp/hard/libc_nano.a(lib_a-nano-freer.o)
                0x0000000008008d4c                _free_r
 .text.__ssputs_r
                0x0000000008008de4       0xb6 /app/stm32cubeide/plugins/com.st.stm32cube.ide.mcu.externaltools.gnu-tools-for-stm32.10.3-2021.10.linux64_1.0.200.202301161003/tools/bin/../lib/gcc/arm-none-eabi/10.3.1/../../../../arm-none-eabi/lib/thumb/v7e-m+fp/hard/libc_nano.a(lib_a-nano-svfprintf.o)
                0x0000000008008de4                __ssputs_r
 *fill*         0x0000000008008e9a        0x2 
 .text._svfprintf_r
                0x0000000008008e9c      0x200 /app/stm32cubeide/plugins/com.st.stm32cube.ide.mcu.externaltools.gnu-tools-for-stm32.10.3-2021.10.linux64_1.0.200.202301161003/tools/bin/../lib/gcc/arm-none-eabi/10.3.1/../../../../arm-none-eabi/lib/thumb/v7e-m+fp/hard/libc_nano.a(lib_a-nano-svfprintf.o)
                0x0000000008008e9c                _svfprintf_r
                0x0000000008008e9c                _svfiprintf_r
 .text._printf_common
                0x000000000800909c       0xda /app/stm32cubeide/plugins/com.st.stm32cube.ide.mcu.externaltools.gnu-tools-for-stm32.10.3-2021.10.linux64_1.0.200.202301161003/tools/bin/../lib/gcc/arm-none-eabi/10.3.1/../../../../arm-none-eabi/lib/thumb/v7e-m+fp/hard/libc_nano.a(lib_a-nano-vfprintf_i.o)
                0x000000000800909c                _printf_common
 *fill*         0x0000000008009176        0x2 
 .text._printf_i
                0x0000000008009178      0x24c /app/stm32cubeide/plugins/com.st.stm32cube.ide.mcu.externaltools.gnu-tools-for-stm32.10.3-2021.10.linux64_1.0.200.202301161003/tools/bin/../lib/gcc/arm-none-eabi/10.3.1/../../../../arm-none-eabi/lib/thumb/v7e-m+fp/hard/libc_nano.a(lib_a-nano-vfprintf_i.o)
                0x0000000008009178                _printf_i
 .text.memmove  0x00000000080093c4       0x34 /app/stm32cubeide/plugins/com.st.stm32cube.ide.mcu.externaltools.gnu-tools-for-stm32.10.3-2021.10.linux64_1.0.200.202301161003/tools/bin/../lib/gcc/arm-none-eabi/10.3.1/../../../../arm-none-eabi/lib/thumb/v7e-m+fp/hard/libc_nano.a(lib_a-memmove.o)
                0x00000000080093c4                memmove
 .text._realloc_r
                0x00000000080093f8       0x5e /app/stm32cubeide/plugins/com.st.stm32cube.ide.mcu.externaltools.gnu-tools-for-stm32.10.3-2021.10.linux64_1.0.200.202301161003/tools/bin/../lib/gcc/arm-none-eabi/10.3.1/../../../../arm-none-eabi/lib/thumb/v7e-m+fp/hard/libc_nano.a(lib_a-nano-reallocr.o)
                0x00000000080093f8                _realloc_r
 .text._malloc_usable_size_r
                0x0000000008009456       0x10 /app/stm32cubeide/plugins/com.st.stm32cube.ide.mcu.externaltools.gnu-tools-for-stm32.10.3-2021.10.linux64_1.0.200.202301161003/tools/bin/../lib/gcc/arm-none-eabi/10.3.1/../../../../arm-none-eabi/lib/thumb/v7e-m+fp/hard/libc_nano.a(lib_a-nano-msizer.o)
                0x0000000008009456                _malloc_usable_size_r
 *(.glue_7)
 .glue_7        0x0000000008009466        0x0 linker stubs
 *(.glue_7t)
 .glue_7t       0x0000000008009466        0x0 linker stubs
 *(.eh_frame)
 *fill*         0x0000000008009466        0x2 
 .eh_frame      0x0000000008009468        0x0 /app/stm32cubeide/plugins/com.st.stm32cube.ide.mcu.externaltools.gnu-tools-for-stm32.10.3-2021.10.linux64_1.0.200.202301161003/tools/bin/../lib/gcc/arm-none-eabi/10.3.1/thumb/v7e-m+fp/hard/crtbegin.o
 *(.init)
 .init          0x0000000008009468        0x4 /app/stm32cubeide/plugins/com.st.stm32cube.ide.mcu.externaltools.gnu-tools-for-stm32.10.3-2021.10.linux64_1.0.200.202301161003/tools/bin/../lib/gcc/arm-none-eabi/10.3.1/thumb/v7e-m+fp/hard/crti.o
                0x0000000008009468                _init
 .init          0x000000000800946c        0x8 /app/stm32cubeide/plugins/com.st.stm32cube.ide.mcu.externaltools.gnu-tools-for-stm32.10.3-2021.10.linux64_1.0.200.202301161003/tools/bin/../lib/gcc/arm-none-eabi/10.3.1/thumb/v7e-m+fp/hard/crtn.o
 *(.fini)
 .fini          0x0000000008009474        0x4 /app/stm32cubeide/plugins/com.st.stm32cube.ide.mcu.externaltools.gnu-tools-for-stm32.10.3-2021.10.linux64_1.0.200.202301161003/tools/bin/../lib/gcc/arm-none-eabi/10.3.1/thumb/v7e-m+fp/hard/crti.o
                0x0000000008009474                _fini
 .fini          0x0000000008009478        0x8 /app/stm32cubeide/plugins/com.st.stm32cube.ide.mcu.externaltools.gnu-tools-for-stm32.10.3-2021.10.linux64_1.0.200.202301161003/tools/bin/../lib/gcc/arm-none-eabi/10.3.1/thumb/v7e-m+fp/hard/crtn.o
                0x0000000008009480                . = ALIGN (0x4)
                0x0000000008009480                _etext = .

.vfp11_veneer   0x0000000008009480        0x0
 .vfp11_veneer  0x0000000008009480        0x0 linker stubs

.v4_bx          0x0000000008009480        0x0
 .v4_bx         0x0000000008009480        0x0 linker stubs

.iplt           0x0000000008009480        0x0
 .iplt          0x0000000008009480        0x0 /app/stm32cubeide/plugins/com.st.stm32cube.ide.mcu.externaltools.gnu-tools-for-stm32.10.3-2021.10.linux64_1.0.200.202301161003/tools/bin/../lib/gcc/arm-none-eabi/10.3.1/thumb/v7e-m+fp/hard/crtbegin.o

.rodata         0x0000000008009480      0x2a4
                0x0000000008009480                . = ALIGN (0x4)
 *(.rodata)
 *(.rodata*)
 .rodata.bryant_main.str1.1
                0x0000000008009480        0xf ./Core/Src/bryant.o
                                         0x10 (size before relaxing)
 .rodata.update_green_DMA_addr.str1.1
                0x000000000800948f       0x1f ./Core/Src/jeremy.o
 .rodata.jeremy_main.str1.1
                0x00000000080094ae       0x61 ./Core/Src/jeremy.o
 .rodata.main.str1.1
                0x000000000800950f       0x4c ./Core/Src/main.o
 .rodata.str1.1
                0x000000000800955b        0xc ./Core/Src/main.o
 *fill*         0x0000000008009567        0x1 
 .rodata.defaultTask_attributes
                0x0000000008009568       0x24 ./Core/Src/main.o
                0x0000000008009568                defaultTask_attributes
 .rodata.AHBPrescTable
                0x000000000800958c       0x10 ./Core/Src/system_stm32g4xx.o
                0x000000000800958c                AHBPrescTable
 .rodata.APBPrescTable
                0x000000000800959c        0x8 ./Core/Src/system_stm32g4xx.o
                0x000000000800959c                APBPrescTable
 .rodata.CSWTCH.65
                0x00000000080095a4        0x3 ./Drivers/STM32G4xx_HAL_Driver/Src/stm32g4xx_hal_uart.o
 .rodata.CSWTCH.66
                0x00000000080095a7        0xd ./Drivers/STM32G4xx_HAL_Driver/Src/stm32g4xx_hal_uart.o
 .rodata.UARTPrescTable
                0x00000000080095b4       0x18 ./Drivers/STM32G4xx_HAL_Driver/Src/stm32g4xx_hal_uart.o
                0x00000000080095b4                UARTPrescTable
 .rodata.denominator.0
                0x00000000080095cc        0x8 ./Drivers/STM32G4xx_HAL_Driver/Src/stm32g4xx_hal_uart_ex.o
 .rodata.numerator.1
                0x00000000080095d4        0x8 ./Drivers/STM32G4xx_HAL_Driver/Src/stm32g4xx_hal_uart_ex.o
 .rodata.denominator.0
                0x00000000080095dc        0x8 ./Drivers/STM32G4xx_HAL_Driver/Src/stm32g4xx_hal_usart_ex.o
 .rodata.numerator.1
                0x00000000080095e4        0x8 ./Drivers/STM32G4xx_HAL_Driver/Src/stm32g4xx_hal_usart_ex.o
 .rodata.follow_path.str1.1
                0x00000000080095ec        0xf ./Middlewares/Third_Party/FatFs/src/ff.o
 .rodata.ExCvt  0x00000000080095fb       0x80 ./Middlewares/Third_Party/FatFs/src/ff.o
 .rodata.vTaskStartScheduler.str1.1
                0x000000000800967b        0x5 ./Middlewares/Third_Party/FreeRTOS/Source/tasks.o
 .rodata.prvCheckForValidListAndQueue.str1.1
                0x0000000008009680        0x5 ./Middlewares/Third_Party/FreeRTOS/Source/timers.o
 .rodata.xTimerCreateTimerTask.str1.1
                0x0000000008009685        0x8 ./Middlewares/Third_Party/FreeRTOS/Source/timers.o
 *fill*         0x000000000800968d        0x3 
 .rodata.__sf_fake_stderr
                0x0000000008009690       0x20 /app/stm32cubeide/plugins/com.st.stm32cube.ide.mcu.externaltools.gnu-tools-for-stm32.10.3-2021.10.linux64_1.0.200.202301161003/tools/bin/../lib/gcc/arm-none-eabi/10.3.1/../../../../arm-none-eabi/lib/thumb/v7e-m+fp/hard/libc_nano.a(lib_a-findfp.o)
                0x0000000008009690                __sf_fake_stderr
 .rodata.__sf_fake_stdin
                0x00000000080096b0       0x20 /app/stm32cubeide/plugins/com.st.stm32cube.ide.mcu.externaltools.gnu-tools-for-stm32.10.3-2021.10.linux64_1.0.200.202301161003/tools/bin/../lib/gcc/arm-none-eabi/10.3.1/../../../../arm-none-eabi/lib/thumb/v7e-m+fp/hard/libc_nano.a(lib_a-findfp.o)
                0x00000000080096b0                __sf_fake_stdin
 .rodata.__sf_fake_stdout
                0x00000000080096d0       0x20 /app/stm32cubeide/plugins/com.st.stm32cube.ide.mcu.externaltools.gnu-tools-for-stm32.10.3-2021.10.linux64_1.0.200.202301161003/tools/bin/../lib/gcc/arm-none-eabi/10.3.1/../../../../arm-none-eabi/lib/thumb/v7e-m+fp/hard/libc_nano.a(lib_a-findfp.o)
                0x00000000080096d0                __sf_fake_stdout
 .rodata._svfprintf_r.str1.1
                0x00000000080096f0       0x11 /app/stm32cubeide/plugins/com.st.stm32cube.ide.mcu.externaltools.gnu-tools-for-stm32.10.3-2021.10.linux64_1.0.200.202301161003/tools/bin/../lib/gcc/arm-none-eabi/10.3.1/../../../../arm-none-eabi/lib/thumb/v7e-m+fp/hard/libc_nano.a(lib_a-nano-svfprintf.o)
 .rodata._printf_i.str1.1
                0x0000000008009701       0x22 /app/stm32cubeide/plugins/com.st.stm32cube.ide.mcu.externaltools.gnu-tools-for-stm32.10.3-2021.10.linux64_1.0.200.202301161003/tools/bin/../lib/gcc/arm-none-eabi/10.3.1/../../../../arm-none-eabi/lib/thumb/v7e-m+fp/hard/libc_nano.a(lib_a-nano-vfprintf_i.o)
                0x0000000008009724                . = ALIGN (0x4)
 *fill*         0x0000000008009723        0x1 

.ARM.extab      0x0000000008009724        0x0
                0x0000000008009724                . = ALIGN (0x4)
 *(.ARM.extab* .gnu.linkonce.armextab.*)