Archive member included to satisfy reference by file (symbol)

/app/stm32cubeide/plugins/com.st.stm32cube.ide.mcu.externaltools.gnu-tools-for-stm32.10.3-2021.10.linux64_1.0.200.202301161003/tools/bin/../lib/gcc/arm-none-eabi/10.3.1/../../../../arm-none-eabi/lib/thumb/v7e-m+fp/hard/libc_nano.a(lib_a-errno.o)
                              ./Core/Src/syscalls.o (__errno)
/app/stm32cubeide/plugins/com.st.stm32cube.ide.mcu.externaltools.gnu-tools-for-stm32.10.3-2021.10.linux64_1.0.200.202301161003/tools/bin/../lib/gcc/arm-none-eabi/10.3.1/../../../../arm-none-eabi/lib/thumb/v7e-m+fp/hard/libc_nano.a(lib_a-exit.o)
                              /app/stm32cubeide/plugins/com.st.stm32cube.ide.mcu.externaltools.gnu-tools-for-stm32.10.3-2021.10.linux64_1.0.200.202301161003/tools/bin/../lib/gcc/arm-none-eabi/10.3.1/../../../../arm-none-eabi/lib/thumb/v7e-m+fp/hard/crt0.o (exit)
/app/stm32cubeide/plugins/com.st.stm32cube.ide.mcu.externaltools.gnu-tools-for-stm32.10.3-2021.10.linux64_1.0.200.202301161003/tools/bin/../lib/gcc/arm-none-eabi/10.3.1/../../../../arm-none-eabi/lib/thumb/v7e-m+fp/hard/libc_nano.a(lib_a-findfp.o)
                              ./Middlewares/Third_Party/FreeRTOS/Source/tasks.o (__sf_fake_stderr)
/app/stm32cubeide/plugins/com.st.stm32cube.ide.mcu.externaltools.gnu-tools-for-stm32.10.3-2021.10.linux64_1.0.200.202301161003/tools/bin/../lib/gcc/arm-none-eabi/10.3.1/../../../../arm-none-eabi/lib/thumb/v7e-m+fp/hard/libc_nano.a(lib_a-fwalk.o)
                              /app/stm32cubeide/plugins/com.st.stm32cube.ide.mcu.externaltools.gnu-tools-for-stm32.10.3-2021.10.linux64_1.0.200.202301161003/tools/bin/../lib/gcc/arm-none-eabi/10.3.1/../../../../arm-none-eabi/lib/thumb/v7e-m+fp/hard/libc_nano.a(lib_a-findfp.o) (_fwalk)
/app/stm32cubeide/plugins/com.st.stm32cube.ide.mcu.externaltools.gnu-tools-for-stm32.10.3-2021.10.linux64_1.0.200.202301161003/tools/bin/../lib/gcc/arm-none-eabi/10.3.1/../../../../arm-none-eabi/lib/thumb/v7e-m+fp/hard/libc_nano.a(lib_a-impure.o)
                              /app/stm32cubeide/plugins/com.st.stm32cube.ide.mcu.externaltools.gnu-tools-for-stm32.10.3-2021.10.linux64_1.0.200.202301161003/tools/bin/../lib/gcc/arm-none-eabi/10.3.1/../../../../arm-none-eabi/lib/thumb/v7e-m+fp/hard/libc_nano.a(lib_a-exit.o) (_global_impure_ptr)
/app/stm32cubeide/plugins/com.st.stm32cube.ide.mcu.externaltools.gnu-tools-for-stm32.10.3-2021.10.linux64_1.0.200.202301161003/tools/bin/../lib/gcc/arm-none-eabi/10.3.1/../../../../arm-none-eabi/lib/thumb/v7e-m+fp/hard/libc_nano.a(lib_a-init.o)
                              /app/stm32cubeide/plugins/com.st.stm32cube.ide.mcu.externaltools.gnu-tools-for-stm32.10.3-2021.10.linux64_1.0.200.202301161003/tools/bin/../lib/gcc/arm-none-eabi/10.3.1/../../../../arm-none-eabi/lib/thumb/v7e-m+fp/hard/crt0.o (__libc_init_array)
/app/stm32cubeide/plugins/com.st.stm32cube.ide.mcu.externaltools.gnu-tools-for-stm32.10.3-2021.10.linux64_1.0.200.202301161003/tools/bin/../lib/gcc/arm-none-eabi/10.3.1/../../../../arm-none-eabi/lib/thumb/v7e-m+fp/hard/libc_nano.a(lib_a-lock.o)
                              /app/stm32cubeide/plugins/com.st.stm32cube.ide.mcu.externaltools.gnu-tools-for-stm32.10.3-2021.10.linux64_1.0.200.202301161003/tools/bin/../lib/gcc/arm-none-eabi/10.3.1/../../../../arm-none-eabi/lib/thumb/v7e-m+fp/hard/libc_nano.a(lib_a-findfp.o) (__retarget_lock_init_recursive)
/app/stm32cubeide/plugins/com.st.stm32cube.ide.mcu.externaltools.gnu-tools-for-stm32.10.3-2021.10.linux64_1.0.200.202301161003/tools/bin/../lib/gcc/arm-none-eabi/10.3.1/../../../../arm-none-eabi/lib/thumb/v7e-m+fp/hard/libc_nano.a(lib_a-memcpy-stub.o)
                              ./Middlewares/Third_Party/FreeRTOS/Source/CMSIS_RTOS_V2/cmsis_os2.o (memcpy)
/app/stm32cubeide/plugins/com.st.stm32cube.ide.mcu.externaltools.gnu-tools-for-stm32.10.3-2021.10.linux64_1.0.200.202301161003/tools/bin/../lib/gcc/arm-none-eabi/10.3.1/../../../../arm-none-eabi/lib/thumb/v7e-m+fp/hard/libc_nano.a(lib_a-memset.o)
                              /app/stm32cubeide/plugins/com.st.stm32cube.ide.mcu.externaltools.gnu-tools-for-stm32.10.3-2021.10.linux64_1.0.200.202301161003/tools/bin/../lib/gcc/arm-none-eabi/10.3.1/../../../../arm-none-eabi/lib/thumb/v7e-m+fp/hard/crt0.o (memset)
/app/stm32cubeide/plugins/com.st.stm32cube.ide.mcu.externaltools.gnu-tools-for-stm32.10.3-2021.10.linux64_1.0.200.202301161003/tools/bin/../lib/gcc/arm-none-eabi/10.3.1/../../../../arm-none-eabi/lib/thumb/v7e-m+fp/hard/libc_nano.a(lib_a-nano-mallocr.o)
                              /app/stm32cubeide/plugins/com.st.stm32cube.ide.mcu.externaltools.gnu-tools-for-stm32.10.3-2021.10.linux64_1.0.200.202301161003/tools/bin/../lib/gcc/arm-none-eabi/10.3.1/../../../../arm-none-eabi/lib/thumb/v7e-m+fp/hard/libc_nano.a(lib_a-findfp.o) (_malloc_r)
[...]
Memory Configuration

Name             Origin             Length             Attributes
RAM              0x0000000020000000 0x0000000000004000 xrw
SRAM1_LOW        0x0000000020004000 0x0000000000004000 xrw
SRAM1_UPPER      0x0000000020008000 0x000000000000c000 xrw
SRAM2            0x0000000020014000 0x0000000000004000 xrw
CCM_SRAM_ALL     0x0000000020018000 0x0000000000008000 xrw
FLASH            0x0000000008000000 0x0000000000080000 xr
*default*        0x0000000000000000 0xffffffffffffffff

Linker script and memory map

LOAD /app/stm32cubeide/plugins/com.st.stm32cube.ide.mcu.externaltools.gnu-tools-for-stm32.10.3-2021.10.linux64_1.0.200.202301161003/tools/bin/../lib/gcc/arm-none-eabi/10.3.1/thumb/v7e-m+fp/hard/crti.o
LOAD /app/stm32cubeide/plugins/com.st.stm32cube.ide.mcu.externaltools.gnu-tools-for-stm32.10.3-2021.10.linux64_1.0.200.202301161003/tools/bin/../lib/gcc/arm-none-eabi/10.3.1/thumb/v7e-m+fp/hard/crtbegin.o
LOAD /app/stm32cubeide/plugins/com.st.stm32cube.ide.mcu.externaltools.gnu-tools-for-stm32.10.3-2021.10.linux64_1.0.200.202301161003/tools/bin/../lib/gcc/arm-none-eabi/10.3.1/../../../../arm-none-eabi/lib/thumb/v7e-m+fp/hard/crt0.o
LOAD ./Core/Src/app_freertos.o
LOAD ./Core/Src/braeden.o
LOAD ./Core/Src/bryant.o
LOAD ./Core/Src/fonts.o
LOAD ./Core/Src/ili9341.o
LOAD ./Core/Src/ili9341_touch.o
LOAD ./Core/Src/jeremy.o
LOAD ./Core/Src/main.o
LOAD ./Core/Src/stm32g4xx_hal_msp.o
LOAD ./Core/Src/stm32g4xx_hal_timebase_tim.o
LOAD ./Core/Src/stm32g4xx_it.o
LOAD ./Core/Src/syscalls.o
LOAD ./Core/Src/sysmem.o
LOAD ./Core/Src/system_stm32g4xx.o
LOAD ./Core/Startup/startup_stm32g474vehx.o
LOAD ./Drivers/STM32G4xx_HAL_Driver/Src/stm32g4xx_hal.o
LOAD ./Drivers/STM32G4xx_HAL_Driver/Src/stm32g4xx_hal_adc.o
LOAD ./Drivers/STM32G4xx_HAL_Driver/Src/stm32g4xx_hal_adc_ex.o
LOAD ./Drivers/STM32G4xx_HAL_Driver/Src/stm32g4xx_hal_cortex.o
LOAD ./Drivers/STM32G4xx_HAL_Driver/Src/stm32g4xx_hal_dac.o
LOAD ./Drivers/STM32G4xx_HAL_Driver/Src/stm32g4xx_hal_dac_ex.o
LOAD ./Drivers/STM32G4xx_HAL_Driver/Src/stm32g4xx_hal_dma.o
LOAD ./Drivers/STM32G4xx_HAL_Driver/Src/stm32g4xx_hal_dma_ex.o
LOAD ./Drivers/STM32G4xx_HAL_Driver/Src/stm32g4xx_hal_exti.o
LOAD ./Drivers/STM32G4xx_HAL_Driver/Src/stm32g4xx_hal_flash.o
LOAD ./Drivers/STM32G4xx_HAL_Driver/Src/stm32g4xx_hal_flash_ex.o
LOAD ./Drivers/STM32G4xx_HAL_Driver/Src/stm32g4xx_hal_flash_ramfunc.o
LOAD ./Drivers/STM32G4xx_HAL_Driver/Src/stm32g4xx_hal_gpio.o
LOAD ./Drivers/STM32G4xx_HAL_Driver/Src/stm32g4xx_hal_opamp.o
LOAD ./Drivers/STM32G4xx_HAL_Driver/Src/stm32g4xx_hal_opamp_ex.o
LOAD ./Drivers/STM32G4xx_HAL_Driver/Src/stm32g4xx_hal_pwr.o
LOAD ./Drivers/STM32G4xx_HAL_Driver/Src/stm32g4xx_hal_pwr_ex.o
LOAD ./Drivers/STM32G4xx_HAL_Driver/Src/stm32g4xx_hal_qspi.o
LOAD ./Drivers/STM32G4xx_HAL_Driver/Src/stm32g4xx_hal_rcc.o
LOAD ./Drivers/STM32G4xx_HAL_Driver/Src/stm32g4xx_hal_rcc_ex.o
LOAD ./Drivers/STM32G4xx_HAL_Driver/Src/stm32g4xx_hal_spi.o
LOAD ./Drivers/STM32G4xx_HAL_Driver/Src/stm32g4xx_hal_spi_ex.o
LOAD ./Drivers/STM32G4xx_HAL_Driver/Src/stm32g4xx_hal_tim.o
LOAD ./Drivers/STM32G4xx_HAL_Driver/Src/stm32g4xx_hal_tim_ex.o
LOAD ./Drivers/STM32G4xx_HAL_Driver/Src/stm32g4xx_hal_uart.o
LOAD ./Drivers/STM32G4xx_HAL_Driver/Src/stm32g4xx_hal_uart_ex.o
LOAD ./Drivers/STM32G4xx_HAL_Driver/Src/stm32g4xx_hal_usart.o
LOAD ./Drivers/STM32G4xx_HAL_Driver/Src/stm32g4xx_hal_usart_ex.o
LOAD ./Drivers/STM32G4xx_HAL_Driver/Src/stm32g4xx_ll_adc.o
LOAD ./FATFS/App/app_fatfs.o
LOAD ./FATFS/Target/user_diskio.o
LOAD ./FATFS/Target/user_diskio_spi.o
LOAD ./Middlewares/Third_Party/FatFs/src/diskio.o
LOAD ./Middlewares/Third_Party/FatFs/src/ff.o
LOAD ./Middlewares/Third_Party/FatFs/src/ff_gen_drv.o
LOAD ./Middlewares/Third_Party/FatFs/src/option/syscall.o
LOAD ./Middlewares/Third_Party/FreeRTOS/Source/CMSIS_RTOS_V2/cmsis_os2.o
LOAD ./Middlewares/Third_Party/FreeRTOS/Source/croutine.o
LOAD ./Middlewares/Third_Party/FreeRTOS/Source/event_groups.o
LOAD ./Middlewares/Third_Party/FreeRTOS/Source/list.o
LOAD ./Middlewares/Third_Party/FreeRTOS/Source/queue.o
LOAD ./Middlewares/Third_Party/FreeRTOS/Source/stream_buffer.o
LOAD ./Middlewares/Third_Party/FreeRTOS/Source/tasks.o
LOAD ./Middlewares/Third_Party/FreeRTOS/Source/timers.o
LOAD ./Middlewares/Third_Party/FreeRTOS/Source/portable/GCC/ARM_CM4F/port.o
LOAD ./Middlewares/Third_Party/FreeRTOS/Source/portable/MemMang/heap_4.o
START GROUP
LOAD /app/stm32cubeide/plugins/com.st.stm32cube.ide.mcu.externaltools.gnu-tools-for-stm32.10.3-2021.10.linux64_1.0.200.202301161003/tools/bin/../lib/gcc/arm-none-eabi/10.3.1/../../../../arm-none-eabi/lib/thumb/v7e-m+fp/hard/libc_nano.a
LOAD /app/stm32cubeide/plugins/com.st.stm32cube.ide.mcu.externaltools.gnu-tools-for-stm32.10.3-2021.10.linux64_1.0.200.202301161003/tools/bin/../lib/gcc/arm-none-eabi/10.3.1/../../../../arm-none-eabi/lib/thumb/v7e-m+fp/hard/libm.a
END GROUP
START GROUP
LOAD /app/stm32cubeide/plugins/com.st.stm32cube.ide.mcu.externaltools.gnu-tools-for-stm32.10.3-2021.10.linux64_1.0.200.202301161003/tools/bin/../lib/gcc/arm-none-eabi/10.3.1/thumb/v7e-m+fp/hard/libgcc.a
LOAD /app/stm32cubeide/plugins/com.st.stm32cube.ide.mcu.externaltools.gnu-tools-for-stm32.10.3-2021.10.linux64_1.0.200.202301161003/tools/bin/../lib/gcc/arm-none-eabi/10.3.1/../../../../arm-none-eabi/lib/thumb/v7e-m+fp/hard/libc_nano.a
END GROUP
START GROUP
LOAD /app/stm32cubeide/plugins/com.st.stm32cube.ide.mcu.externaltools.gnu-tools-for-stm32.10.3-2021.10.linux64_1.0.200.202301161003/tools/bin/../lib/gcc/arm-none-eabi/10.3.1/thumb/v7e-m+fp/hard/libgcc.a
LOAD /app/stm32cubeide/plugins/com.st.stm32cube.ide.mcu.externaltools.gnu-tools-for-stm32.10.3-2021.10.linux64_1.0.200.202301161003/tools/bin/../lib/gcc/arm-none-eabi/10.3.1/../../../../arm-none-eabi/lib/thumb/v7e-m+fp/hard/libc_nano.a
LOAD /app/stm32cubeide/plugins/com.st.stm32cube.ide.mcu.externaltools.gnu-tools-for-stm32.10.3-2021.10.linux64_1.0.200.202301161003/tools/bin/../lib/gcc/arm-none-eabi/10.3.1/../../../../arm-none-eabi/lib/thumb/v7e-m+fp/hard/libnosys.a
END GROUP
START GROUP
LOAD /app/stm32cubeide/plugins/com.st.stm32cube.ide.mcu.externaltools.gnu-tools-for-stm32.10.3-2021.10.linux64_1.0.200.202301161003/tools/bin/../lib/gcc/arm-none-eabi/10.3.1/thumb/v7e-m+fp/hard/libgcc.a
LOAD /app/stm32cubeide/plugins/com.st.stm32cube.ide.mcu.externaltools.gnu-tools-for-stm32.10.3-2021.10.linux64_1.0.200.202301161003/tools/bin/../lib/gcc/arm-none-eabi/10.3.1/../../../../arm-none-eabi/lib/thumb/v7e-m+fp/hard/libc_nano.a
LOAD /app/stm32cubeide/plugins/com.st.stm32cube.ide.mcu.externaltools.gnu-tools-for-stm32.10.3-2021.10.linux64_1.0.200.202301161003/tools/bin/../lib/gcc/arm-none-eabi/10.3.1/../../../../arm-none-eabi/lib/thumb/v7e-m+fp/hard/libnosys.a
END GROUP
LOAD /app/stm32cubeide/plugins/com.st.stm32cube.ide.mcu.externaltools.gnu-tools-for-stm32.10.3-2021.10.linux64_1.0.200.202301161003/tools/bin/../lib/gcc/arm-none-eabi/10.3.1/thumb/v7e-m+fp/hard/crtend.o
LOAD /app/stm32cubeide/plugins/com.st.stm32cube.ide.mcu.externaltools.gnu-tools-for-stm32.10.3-2021.10.linux64_1.0.200.202301161003/tools/bin/../lib/gcc/arm-none-eabi/10.3.1/thumb/v7e-m+fp/hard/crtn.o
                0x0000000020004000                _estack = (ORIGIN (RAM) + LENGTH (RAM))
                0x0000000000000200                _Min_Heap_Size = 0x200
                0x0000000000000400                _Min_Stack_Size = 0x400

.sram1_low      0x0000000020004000     0x4000
                0x0000000020004000                . = ALIGN (0x4)
 *(.sram1_low)
 .sram1_low     0x0000000020004000     0x4000 ./Core/Src/main.o
                0x0000000020004000                jeremy_memspace
                0x0000000020005000                braeden_memspace
                0x0000000020006000                bryant_memspace
                0x0000000020007000                wyatt_memspace
                0x0000000020008000                . = ALIGN (0x4)

.sram1_upper    0x0000000020008000     0xc000
                0x0000000020008000                . = ALIGN (0x4)
 *(.sram1_upper)
 .sram1_upper   0x0000000020008000     0xc000 ./Core/Src/main.o
                0x0000000020008000                audio_buffer
                0x0000000020014000                . = ALIGN (0x4)

.sram2          0x0000000020014000        0x0
                0x0000000020014000                . = ALIGN (0x4)
 *(.sram2)
                0x0000000020014000                . = ALIGN (0x4)

.ccm_sram_all   0x0000000020018000        0x0
                0x0000000020018000                . = ALIGN (0x4)
 *(.ccm_sram_all)
                0x0000000020018000                . = ALIGN (0x4)

.isr_vector     0x0000000008000000      0x1d8
                0x0000000008000000                . = ALIGN (0x4)
 *(.isr_vector)
 .isr_vector    0x0000000008000000      0x1d8 ./Core/Startup/startup_stm32g474vehx.o
                0x0000000008000000                g_pfnVectors
                0x00000000080001d8                . = ALIGN (0x4)

.text           0x00000000080001e0     0x731c
                0x00000000080001e0                . = ALIGN (0x4)
 *(.text)
 .text          0x00000000080001e0       0x40 /app/stm32cubeide/plugins/com.st.stm32cube.ide.mcu.externaltools.gnu-tools-for-stm32.10.3-2021.10.linux64_1.0.200.202301161003/tools/bin/../lib/gcc/arm-none-eabi/10.3.1/thumb/v7e-m+fp/hard/crtbegin.o
 .text          0x0000000008000220       0x10 /app/stm32cubeide/plugins/com.st.stm32cube.ide.mcu.externaltools.gnu-tools-for-stm32.10.3-2021.10.linux64_1.0.200.202301161003/tools/bin/../lib/gcc/arm-none-eabi/10.3.1/../../../../arm-none-eabi/lib/thumb/v7e-m+fp/hard/libc_nano.a(lib_a-strlen.o)
                0x0000000008000220                strlen
 .text          0x0000000008000230       0xa0 /app/stm32cubeide/plugins/com.st.stm32cube.ide.mcu.externaltools.gnu-tools-for-stm32.10.3-2021.10.linux64_1.0.200.202301161003/tools/bin/../lib/gcc/arm-none-eabi/10.3.1/../../../../arm-none-eabi/lib/thumb/v7e-m+fp/hard/libc_nano.a(lib_a-memchr.o)
                0x0000000008000230                memchr
 .text          0x00000000080002d0       0x30 /app/stm32cubeide/plugins/com.st.stm32cube.ide.mcu.externaltools.gnu-tools-for-stm32.10.3-2021.10.linux64_1.0.200.202301161003/tools/bin/../lib/gcc/arm-none-eabi/10.3.1/thumb/v7e-m+fp/hard/libgcc.a(_aeabi_uldivmod.o)
                0x00000000080002d0                __aeabi_uldivmod
 .text          0x0000000008000300      0x2d0 /app/stm32cubeide/plugins/com.st.stm32cube.ide.mcu.externaltools.gnu-tools-for-stm32.10.3-2021.10.linux64_1.0.200.202301161003/tools/bin/../lib/gcc/arm-none-eabi/10.3.1/thumb/v7e-m+fp/hard/libgcc.a(_udivmoddi4.o)
                0x0000000008000300                __udivmoddi4
 .text          0x00000000080005d0        0x4 /app/stm32cubeide/plugins/com.st.stm32cube.ide.mcu.externaltools.gnu-tools-for-stm32.10.3-2021.10.linux64_1.0.200.202301161003/tools/bin/../lib/gcc/arm-none-eabi/10.3.1/thumb/v7e-m+fp/hard/libgcc.a(_dvmd_tls.o)
                0x00000000080005d0                __aeabi_ldiv0
                0x00000000080005d0                __aeabi_idiv0
 *(.text*)
 .text.braeden_main
                0x00000000080005d4       0x14 ./Core/Src/braeden.o
                0x00000000080005d4                braeden_main
 .text.bryant_main
                0x00000000080005e8       0x14 ./Core/Src/bryant.o
                0x00000000080005e8                bryant_main
 .text.update_green_DMA_addr
                0x00000000080005fc       0x48 ./Core/Src/jeremy.o
                0x00000000080005fc                update_green_DMA_addr
 .text.jeremy_main
                0x0000000008000644      0x104 ./Core/Src/jeremy.o
                0x0000000008000644                jeremy_main
 .text.wyatt_main
                0x0000000008000748        0x6 ./Core/Src/main.o
                0x0000000008000748                wyatt_main
 .text.StartDefaultTask
                0x000000000800074e        0xa ./Core/Src/main.o
                0x000000000800074e                StartDefaultTask
 .text.SystemClock_Config
                0x0000000008000758       0x76 ./Core/Src/main.o
                0x0000000008000758                SystemClock_Config
 *fill*         0x00000000080007ce        0x2 
 .text.startup.main
                0x00000000080007d0      0x880 ./Core/Src/main.o
                0x00000000080007d0                main
 .text.HAL_TIM_PeriodElapsedCallback
                0x0000000008001050       0x14 ./Core/Src/main.o
                0x0000000008001050                HAL_TIM_PeriodElapsedCallback
 .text.Error_Handler
                0x0000000008001064        0x4 ./Core/Src/main.o
                0x0000000008001064                Error_Handler
 .text.HAL_MspInit
                0x0000000008001068       0x3c ./Core/Src/stm32g4xx_hal_msp.o
                0x0000000008001068                HAL_MspInit
 .text.HAL_ADC_MspInit
                0x00000000080010a4      0x268 ./Core/Src/stm32g4xx_hal_msp.o
                0x00000000080010a4                HAL_ADC_MspInit
 .text.HAL_DAC_MspInit
                0x000000000800130c      0x144 ./Core/Src/stm32g4xx_hal_msp.o
                0x000000000800130c                HAL_DAC_MspInit
 .text.HAL_OPAMP_MspInit
                0x0000000008001450       0xe8 ./Core/Src/stm32g4xx_hal_msp.o
                0x0000000008001450                HAL_OPAMP_MspInit
 .text.HAL_QSPI_MspInit
                0x0000000008001538       0xdc ./Core/Src/stm32g4xx_hal_msp.o
                0x0000000008001538                HAL_QSPI_MspInit
 .text.HAL_SPI_MspInit
                0x0000000008001614      0x14c ./Core/Src/stm32g4xx_hal_msp.o
                0x0000000008001614                HAL_SPI_MspInit
 .text.HAL_TIM_Base_MspInit
                0x0000000008001760       0x40 ./Core/Src/stm32g4xx_hal_msp.o
                0x0000000008001760                HAL_TIM_Base_MspInit
 .text.HAL_UART_MspInit
                0x00000000080017a0       0xb4 ./Core/Src/stm32g4xx_hal_msp.o
                0x00000000080017a0                HAL_UART_MspInit
 .text.HAL_USART_MspInit
                0x0000000008001854       0xb0 ./Core/Src/stm32g4xx_hal_msp.o
                0x0000000008001854                HAL_USART_MspInit
 .text.HAL_InitTick
                0x0000000008001904       0x8c ./Core/Src/stm32g4xx_hal_timebase_tim.o
                0x0000000008001904                HAL_InitTick
 .text.NMI_Handler
                0x0000000008001990        0x8 ./Core/Src/stm32g4xx_it.o
                0x0000000008001990                NMI_Handler
 .text.HardFault_Handler
                0x0000000008001998        0x2 ./Core/Src/stm32g4xx_it.o
                0x0000000008001998                HardFault_Handler
 .text.MemManage_Handler
                0x000000000800199a        0x2 ./Core/Src/stm32g4xx_it.o
                0x000000000800199a                MemManage_Handler
 .text.BusFault_Handler
                0x000000000800199c        0x2 ./Core/Src/stm32g4xx_it.o
                0x000000000800199c                BusFault_Handler
 .text.UsageFault_Handler
                0x000000000800199e        0x2 ./Core/Src/stm32g4xx_it.o
                0x000000000800199e                UsageFault_Handler
 .text.DebugMon_Handler
                0x00000000080019a0        0x2 ./Core/Src/stm32g4xx_it.o
                0x00000000080019a0                DebugMon_Handler
 *fill*         0x00000000080019a2        0x2 
 .text.DMA1_Channel1_IRQHandler
                0x00000000080019a4        0xc ./Core/Src/stm32g4xx_it.o
                0x00000000080019a4                DMA1_Channel1_IRQHandler
 .text.TIM6_DAC_IRQHandler
                0x00000000080019b0       0x24 ./Core/Src/stm32g4xx_it.o
                0x00000000080019b0                TIM6_DAC_IRQHandler
 .text.TIM7_DAC_IRQHandler
                0x00000000080019d4       0x24 ./Core/Src/stm32g4xx_it.o
                0x00000000080019d4                TIM7_DAC_IRQHandler
 .text._sbrk    0x00000000080019f8       0x40 ./Core/Src/sysmem.o
                0x00000000080019f8                _sbrk
 .text.SystemInit
                0x0000000008001a38       0x14 ./Core/Src/system_stm32g4xx.o
                0x0000000008001a38                SystemInit
 .text.Reset_Handler
                0x0000000008001a4c       0x50 ./Core/Startup/startup_stm32g474vehx.o
                0x0000000008001a4c                Reset_Handler
 .text.Default_Handler
                0x0000000008001a9c        0x2 ./Core/Startup/startup_stm32g474vehx.o
                0x0000000008001a9c                RTC_Alarm_IRQHandler
                0x0000000008001a9c                EXTI2_IRQHandler
                0x0000000008001a9c                TIM8_TRG_COM_IRQHandler
                0x0000000008001a9c                TIM8_CC_IRQHandler
                0x0000000008001a9c                HRTIM1_Master_IRQHandler
                0x0000000008001a9c                SPI4_IRQHandler
                0x0000000008001a9c                FDCAN3_IT0_IRQHandler
                0x0000000008001a9c                TIM1_CC_IRQHandler
                0x0000000008001a9c                HRTIM1_FLT_IRQHandler
                0x0000000008001a9c                HRTIM1_TIMF_IRQHandler
                0x0000000008001a9c                USB_HP_IRQHandler
                0x0000000008001a9c                CORDIC_IRQHandler
                0x0000000008001a9c                HRTIM1_TIMD_IRQHandler
                0x0000000008001a9c                DMA2_Channel8_IRQHandler
                0x0000000008001a9c                EXTI3_IRQHandler
                0x0000000008001a9c                I2C3_ER_IRQHandler
                0x0000000008001a9c                EXTI0_IRQHandler
                0x0000000008001a9c                I2C2_EV_IRQHandler
                0x0000000008001a9c                FPU_IRQHandler
                0x0000000008001a9c                FDCAN1_IT1_IRQHandler
                0x0000000008001a9c                TIM1_UP_TIM16_IRQHandler
                0x0000000008001a9c                ADC1_2_IRQHandler
                0x0000000008001a9c                HRTIM1_TIME_IRQHandler
                0x0000000008001a9c                SPI1_IRQHandler
                0x0000000008001a9c                HRTIM1_TIMC_IRQHandler
                0x0000000008001a9c                TIM8_UP_IRQHandler
                0x0000000008001a9c                DMA2_Channel2_IRQHandler
                0x0000000008001a9c                DMA1_Channel4_IRQHandler
                0x0000000008001a9c                TIM20_TRG_COM_IRQHandler
                0x0000000008001a9c                USART3_IRQHandler
                0x0000000008001a9c                DMA1_Channel7_IRQHandler
                0x0000000008001a9c                UART5_IRQHandler
                0x0000000008001a9c                ADC3_IRQHandler
                0x0000000008001a9c                TIM4_IRQHandler
                0x0000000008001a9c                DMA2_Channel1_IRQHandler
                0x0000000008001a9c                QUADSPI_IRQHandler
                0x0000000008001a9c                I2C1_EV_IRQHandler
                0x0000000008001a9c                DMA1_Channel6_IRQHandler
                0x0000000008001a9c                UART4_IRQHandler
                0x0000000008001a9c                DMA2_Channel4_IRQHandler
                0x0000000008001a9c                TIM3_IRQHandler
                0x0000000008001a9c                RCC_IRQHandler
                0x0000000008001a9c                TIM20_UP_IRQHandler
                0x0000000008001a9c                Default_Handler
                0x0000000008001a9c                DMA2_Channel7_IRQHandler
                0x0000000008001a9c                RTC_TAMP_LSECSS_IRQHandler
                0x0000000008001a9c                FMAC_IRQHandler
                0x0000000008001a9c                EXTI15_10_IRQHandler
                0x0000000008001a9c                DMA1_Channel8_IRQHandler
                0x0000000008001a9c                HRTIM1_TIMA_IRQHandler
                0x0000000008001a9c                FDCAN3_IT1_IRQHandler
                0x0000000008001a9c                TIM5_IRQHandler
                0x0000000008001a9c                UCPD1_IRQHandler
                0x0000000008001a9c                I2C3_EV_IRQHandler
                0x0000000008001a9c                EXTI9_5_IRQHandler
                0x0000000008001a9c                RTC_WKUP_IRQHandler
                0x0000000008001a9c                PVD_PVM_IRQHandler
                0x0000000008001a9c                SPI2_IRQHandler
                0x0000000008001a9c                ADC5_IRQHandler
                0x0000000008001a9c                DMA2_Channel5_IRQHandler
                0x0000000008001a9c                CRS_IRQHandler
                0x0000000008001a9c                DMA1_Channel5_IRQHandler
                0x0000000008001a9c                USB_LP_IRQHandler
                0x0000000008001a9c                EXTI4_IRQHandler
                0x0000000008001a9c                RNG_IRQHandler
                0x0000000008001a9c                HRTIM1_TIMB_IRQHandler
                0x0000000008001a9c                TIM1_TRG_COM_TIM17_IRQHandler
                0x0000000008001a9c                FDCAN2_IT1_IRQHandler
                0x0000000008001a9c                DMA1_Channel3_IRQHandler
                0x0000000008001a9c                ADC4_IRQHandler
                0x0000000008001a9c                WWDG_IRQHandler
                0x0000000008001a9c                I2C4_EV_IRQHandler
                0x0000000008001a9c                FDCAN2_IT0_IRQHandler
                0x0000000008001a9c                LPUART1_IRQHandler
                0x0000000008001a9c                DMA2_Channel6_IRQHandler
                0x0000000008001a9c                FDCAN1_IT0_IRQHandler
                0x0000000008001a9c                TIM2_IRQHandler
                0x0000000008001a9c                COMP7_IRQHandler
                0x0000000008001a9c                COMP1_2_3_IRQHandler
                0x0000000008001a9c                EXTI1_IRQHandler
                0x0000000008001a9c                USART2_IRQHandler
                0x0000000008001a9c                COMP4_5_6_IRQHandler
                0x0000000008001a9c                TIM20_BRK_IRQHandler
                0x0000000008001a9c                I2C2_ER_IRQHandler
                0x0000000008001a9c                DMA1_Channel2_IRQHandler
                0x0000000008001a9c                TIM8_BRK_IRQHandler
                0x0000000008001a9c                FLASH_IRQHandler
                0x0000000008001a9c                TIM20_CC_IRQHandler
                0x0000000008001a9c                USART1_IRQHandler
                0x0000000008001a9c                SPI3_IRQHandler
                0x0000000008001a9c                I2C1_ER_IRQHandler
                0x0000000008001a9c                FMC_IRQHandler
                0x0000000008001a9c                LPTIM1_IRQHandler
                0x0000000008001a9c                DMAMUX_OVR_IRQHandler
                0x0000000008001a9c                I2C4_ER_IRQHandler
                0x0000000008001a9c                USBWakeUp_IRQHandler
                0x0000000008001a9c                SAI1_IRQHandler
                0x0000000008001a9c                DMA2_Channel3_IRQHandler
                0x0000000008001a9c                TIM1_BRK_TIM15_IRQHandler
 .text.HAL_Init
                0x0000000008001a9e       0x1e ./Drivers/STM32G4xx_HAL_Driver/Src/stm32g4xx_hal.o
                0x0000000008001a9e                HAL_Init
 .text.HAL_IncTick
                0x0000000008001abc       0x18 ./Drivers/STM32G4xx_HAL_Driver/Src/stm32g4xx_hal.o
                0x0000000008001abc                HAL_IncTick
 .text.HAL_GetTick
                0x0000000008001ad4        0xc ./Drivers/STM32G4xx_HAL_Driver/Src/stm32g4xx_hal.o
                0x0000000008001ad4                HAL_GetTick
 .text.LL_ADC_SetChannelSamplingTime
                0x0000000008001ae0       0x22 ./Drivers/STM32G4xx_HAL_Driver/Src/stm32g4xx_hal_adc.o
 .text.LL_ADC_REG_IsConversionOngoing
                0x0000000008001b02        0x8 ./Drivers/STM32G4xx_HAL_Driver/Src/stm32g4xx_hal_adc.o
 .text.HAL_ADC_ErrorCallback
                0x0000000008001b0a        0x2 ./Drivers/STM32G4xx_HAL_Driver/Src/stm32g4xx_hal_adc.o
                0x0000000008001b0a                HAL_ADC_ErrorCallback
 .text.HAL_ADC_ConvCpltCallback
                0x0000000008001b0c        0x2 ./Drivers/STM32G4xx_HAL_Driver/Src/stm32g4xx_hal_adc.o
                0x0000000008001b0c                HAL_ADC_ConvCpltCallback
 .text.HAL_ADC_ConvHalfCpltCallback
                0x0000000008001b0e        0x2 ./Drivers/STM32G4xx_HAL_Driver/Src/stm32g4xx_hal_adc.o
                0x0000000008001b0e                HAL_ADC_ConvHalfCpltCallback
 .text.HAL_ADC_LevelOutOfWindowCallback
                0x0000000008001b10        0x2 ./Drivers/STM32G4xx_HAL_Driver/Src/stm32g4xx_hal_adc.o
                0x0000000008001b10                HAL_ADC_LevelOutOfWindowCallback
 *fill*         0x0000000008001b12        0x2 
 .text.HAL_ADC_Init
                0x0000000008001b14      0x288 ./Drivers/STM32G4xx_HAL_Driver/Src/stm32g4xx_hal_adc.o
                0x0000000008001b14                HAL_ADC_Init
 .text.HAL_ADC_ConfigChannel
                0x0000000008001d9c      0x3e4 ./Drivers/STM32G4xx_HAL_Driver/Src/stm32g4xx_hal_adc.o
                0x0000000008001d9c                HAL_ADC_ConfigChannel
 .text.LL_ADC_REG_IsConversionOngoing
                0x0000000008002180        0x8 ./Drivers/STM32G4xx_HAL_Driver/Src/stm32g4xx_hal_adc_ex.o
 .text.HAL_ADCEx_InjectedConvCpltCallback
                0x0000000008002188        0x2 ./Drivers/STM32G4xx_HAL_Driver/Src/stm32g4xx_hal_adc_ex.o
                0x0000000008002188                HAL_ADCEx_InjectedConvCpltCallback
 .text.HAL_ADCEx_InjectedQueueOverflowCallback
                0x000000000800218a        0x2 ./Drivers/STM32G4xx_HAL_Driver/Src/stm32g4xx_hal_adc_ex.o
                0x000000000800218a                HAL_ADCEx_InjectedQueueOverflowCallback
 .text.HAL_ADCEx_LevelOutOfWindow2Callback
                0x000000000800218c        0x2 ./Drivers/STM32G4xx_HAL_Driver/Src/stm32g4xx_hal_adc_ex.o
                0x000000000800218c                HAL_ADCEx_LevelOutOfWindow2Callback
 .text.HAL_ADCEx_LevelOutOfWindow3Callback
                0x000000000800218e        0x2 ./Drivers/STM32G4xx_HAL_Driver/Src/stm32g4xx_hal_adc_ex.o
                0x000000000800218e                HAL_ADCEx_LevelOutOfWindow3Callback
 .text.HAL_ADCEx_EndOfSamplingCallback
                0x0000000008002190        0x2 ./Drivers/STM32G4xx_HAL_Driver/Src/stm32g4xx_hal_adc_ex.o
                0x0000000008002190                HAL_ADCEx_EndOfSamplingCallback
 *fill*         0x0000000008002192        0x2 
 .text.HAL_ADCEx_MultiModeConfigChannel
                0x0000000008002194      0x14c ./Drivers/STM32G4xx_HAL_Driver/Src/stm32g4xx_hal_adc_ex.o
                0x0000000008002194                HAL_ADCEx_MultiModeConfigChannel
 .text.HAL_NVIC_SetPriorityGrouping
                0x00000000080022e0       0x24 ./Drivers/STM32G4xx_HAL_Driver/Src/stm32g4xx_hal_cortex.o
                0x00000000080022e0                HAL_NVIC_SetPriorityGrouping
 .text.HAL_NVIC_SetPriority
                0x0000000008002304       0x64 ./Drivers/STM32G4xx_HAL_Driver/Src/stm32g4xx_hal_cortex.o
                0x0000000008002304                HAL_NVIC_SetPriority
 .text.HAL_NVIC_EnableIRQ
                0x0000000008002368       0x1c ./Drivers/STM32G4xx_HAL_Driver/Src/stm32g4xx_hal_cortex.o
                0x0000000008002368                HAL_NVIC_EnableIRQ
 .text.DAC_DMAConvCpltCh1
                0x0000000008002384       0x10 ./Drivers/STM32G4xx_HAL_Driver/Src/stm32g4xx_hal_dac.o
                0x0000000008002384                DAC_DMAConvCpltCh1
 .text.DAC_DMAHalfConvCpltCh1
                0x0000000008002394        0x6 ./Drivers/STM32G4xx_HAL_Driver/Src/stm32g4xx_hal_dac.o
                0x0000000008002394                DAC_DMAHalfConvCpltCh1
 .text.DAC_DMAErrorCh1
                0x000000000800239a       0x18 ./Drivers/STM32G4xx_HAL_Driver/Src/stm32g4xx_hal_dac.o
                0x000000000800239a                DAC_DMAErrorCh1
 .text.HAL_DAC_DMAUnderrunCallbackCh1
                0x00000000080023b2        0x2 ./Drivers/STM32G4xx_HAL_Driver/Src/stm32g4xx_hal_dac.o
                0x00000000080023b2                HAL_DAC_DMAUnderrunCallbackCh1
 .text.HAL_DAC_ConvCpltCallbackCh1
                0x00000000080023b4        0x2 ./Drivers/STM32G4xx_HAL_Driver/Src/stm32g4xx_hal_dac.o
                0x00000000080023b4                HAL_DAC_ConvCpltCallbackCh1
 .text.HAL_DAC_ConvHalfCpltCallbackCh1
                0x00000000080023b6        0x2 ./Drivers/STM32G4xx_HAL_Driver/Src/stm32g4xx_hal_dac.o
                0x00000000080023b6                HAL_DAC_ConvHalfCpltCallbackCh1
 .text.HAL_DAC_ErrorCallbackCh1
                0x00000000080023b8        0x2 ./Drivers/STM32G4xx_HAL_Driver/Src/stm32g4xx_hal_dac.o
                0x00000000080023b8                HAL_DAC_ErrorCallbackCh1
 *fill*         0x00000000080023ba        0x2 
 .text.HAL_DAC_Init
                0x00000000080023bc       0x74 ./Drivers/STM32G4xx_HAL_Driver/Src/stm32g4xx_hal_dac.o
                0x00000000080023bc                HAL_DAC_Init
 .text.HAL_DAC_Start
                0x0000000008002430       0x80 ./Drivers/STM32G4xx_HAL_Driver/Src/stm32g4xx_hal_dac.o
                0x0000000008002430                HAL_DAC_Start
 .text.HAL_DAC_Start_DMA
                0x00000000080024b0       0xf4 ./Drivers/STM32G4xx_HAL_Driver/Src/stm32g4xx_hal_dac.o
                0x00000000080024b0                HAL_DAC_Start_DMA
 .text.HAL_DAC_IRQHandler
                0x00000000080025a4       0x60 ./Drivers/STM32G4xx_HAL_Driver/Src/stm32g4xx_hal_dac.o
                0x00000000080025a4                HAL_DAC_IRQHandler
 .text.HAL_DAC_ConfigChannel
                0x0000000008002604      0x1dc ./Drivers/STM32G4xx_HAL_Driver/Src/stm32g4xx_hal_dac.o
                0x0000000008002604                HAL_DAC_ConfigChannel
 .text.DAC_DMAConvCpltCh2
                0x00000000080027e0       0x10 ./Drivers/STM32G4xx_HAL_Driver/Src/stm32g4xx_hal_dac_ex.o
                0x00000000080027e0                DAC_DMAConvCpltCh2
 .text.DAC_DMAHalfConvCpltCh2
                0x00000000080027f0        0x6 ./Drivers/STM32G4xx_HAL_Driver/Src/stm32g4xx_hal_dac_ex.o
                0x00000000080027f0                DAC_DMAHalfConvCpltCh2
 .text.DAC_DMAErrorCh2
                0x00000000080027f6       0x18 ./Drivers/STM32G4xx_HAL_Driver/Src/stm32g4xx_hal_dac_ex.o
                0x00000000080027f6                DAC_DMAErrorCh2
 .text.HAL_DACEx_ConvCpltCallbackCh2
                0x000000000800280e        0x2 ./Drivers/STM32G4xx_HAL_Driver/Src/stm32g4xx_hal_dac_ex.o
                0x000000000800280e                HAL_DACEx_ConvCpltCallbackCh2
 .text.HAL_DACEx_ConvHalfCpltCallbackCh2
                0x0000000008002810        0x2 ./Drivers/STM32G4xx_HAL_Driver/Src/stm32g4xx_hal_dac_ex.o
                0x0000000008002810                HAL_DACEx_ConvHalfCpltCallbackCh2
 .text.HAL_DACEx_ErrorCallbackCh2
                0x0000000008002812        0x2 ./Drivers/STM32G4xx_HAL_Driver/Src/stm32g4xx_hal_dac_ex.o
                0x0000000008002812                HAL_DACEx_ErrorCallbackCh2
 .text.HAL_DACEx_DMAUnderrunCallbackCh2
                0x0000000008002814        0x2 ./Drivers/STM32G4xx_HAL_Driver/Src/stm32g4xx_hal_dac_ex.o
                0x0000000008002814                HAL_DACEx_DMAUnderrunCallbackCh2
 .text.DMA_SetConfig
                0x0000000008002816       0x34 ./Drivers/STM32G4xx_HAL_Driver/Src/stm32g4xx_hal_dma.o
 *fill*         0x000000000800284a        0x2 
 .text.DMA_CalcDMAMUXChannelBaseAndMask
                0x000000000800284c       0x48 ./Drivers/STM32G4xx_HAL_Driver/Src/stm32g4xx_hal_dma.o
 .text.HAL_DMA_Init
                0x0000000008002894       0xe4 ./Drivers/STM32G4xx_HAL_Driver/Src/stm32g4xx_hal_dma.o
                0x0000000008002894                HAL_DMA_Init
 .text.HAL_DMA_Start_IT
                0x0000000008002978       0x84 ./Drivers/STM32G4xx_HAL_Driver/Src/stm32g4xx_hal_dma.o
                0x0000000008002978                HAL_DMA_Start_IT
 .text.HAL_DMA_IRQHandler
                0x00000000080029fc       0x94 ./Drivers/STM32G4xx_HAL_Driver/Src/stm32g4xx_hal_dma.o
                0x00000000080029fc                HAL_DMA_IRQHandler
 .text.HAL_GPIO_Init
                0x0000000008002a90      0x198 ./Drivers/STM32G4xx_HAL_Driver/Src/stm32g4xx_hal_gpio.o
                0x0000000008002a90                HAL_GPIO_Init
 .text.HAL_GPIO_WritePin
                0x0000000008002c28        0xa ./Drivers/STM32G4xx_HAL_Driver/Src/stm32g4xx_hal_gpio.o
                0x0000000008002c28                HAL_GPIO_WritePin
 *fill*         0x0000000008002c32        0x2 
 .text.HAL_OPAMP_Init
                0x0000000008002c34      0x114 ./Drivers/STM32G4xx_HAL_Driver/Src/stm32g4xx_hal_opamp.o
                0x0000000008002c34                HAL_OPAMP_Init
 .text.HAL_PWREx_ControlVoltageScaling
                0x0000000008002d48       0xb4 ./Drivers/STM32G4xx_HAL_Driver/Src/stm32g4xx_hal_pwr_ex.o
                0x0000000008002d48                HAL_PWREx_ControlVoltageScaling
 .text.QSPI_WaitFlagStateUntilTimeout
                0x0000000008002dfc       0x4e ./Drivers/STM32G4xx_HAL_Driver/Src/stm32g4xx_hal_qspi.o
 .text.HAL_QSPI_TimeOutCallback
                0x0000000008002e4a        0x2 ./Drivers/STM32G4xx_HAL_Driver/Src/stm32g4xx_hal_qspi.o
                0x0000000008002e4a                HAL_QSPI_TimeOutCallback
 .text.HAL_QSPI_ErrorCallback
                0x0000000008002e4c        0x2 ./Drivers/STM32G4xx_HAL_Driver/Src/stm32g4xx_hal_qspi.o
                0x0000000008002e4c                HAL_QSPI_ErrorCallback
 .text.HAL_QSPI_AbortCpltCallback
                0x0000000008002e4e        0x2 ./Drivers/STM32G4xx_HAL_Driver/Src/stm32g4xx_hal_qspi.o
                0x0000000008002e4e                HAL_QSPI_AbortCpltCallback
 .text.HAL_QSPI_CmdCpltCallback
                0x0000000008002e50        0x2 ./Drivers/STM32G4xx_HAL_Driver/Src/stm32g4xx_hal_qspi.o
                0x0000000008002e50                HAL_QSPI_CmdCpltCallback
 .text.HAL_QSPI_RxCpltCallback
                0x0000000008002e52        0x2 ./Drivers/STM32G4xx_HAL_Driver/Src/stm32g4xx_hal_qspi.o
                0x0000000008002e52                HAL_QSPI_RxCpltCallback
 .text.HAL_QSPI_TxCpltCallback
                0x0000000008002e54        0x2 ./Drivers/STM32G4xx_HAL_Driver/Src/stm32g4xx_hal_qspi.o
                0x0000000008002e54                HAL_QSPI_TxCpltCallback
 .text.HAL_QSPI_RxHalfCpltCallback
                0x0000000008002e56        0x2 ./Drivers/STM32G4xx_HAL_Driver/Src/stm32g4xx_hal_qspi.o
                0x0000000008002e56                HAL_QSPI_RxHalfCpltCallback
 .text.HAL_QSPI_TxHalfCpltCallback
                0x0000000008002e58        0x2 ./Drivers/STM32G4xx_HAL_Driver/Src/stm32g4xx_hal_qspi.o
                0x0000000008002e58                HAL_QSPI_TxHalfCpltCallback
 .text.HAL_QSPI_FifoThresholdCallback
                0x0000000008002e5a        0x2 ./Drivers/STM32G4xx_HAL_Driver/Src/stm32g4xx_hal_qspi.o
                0x0000000008002e5a                HAL_QSPI_FifoThresholdCallback
 .text.HAL_QSPI_StatusMatchCallback
                0x0000000008002e5c        0x2 ./Drivers/STM32G4xx_HAL_Driver/Src/stm32g4xx_hal_qspi.o
                0x0000000008002e5c                HAL_QSPI_StatusMatchCallback
 *fill*         0x0000000008002e5e        0x2 
 .text.HAL_QSPI_Init
                0x0000000008002e60      0x104 ./Drivers/STM32G4xx_HAL_Driver/Src/stm32g4xx_hal_qspi.o
                0x0000000008002e60                HAL_QSPI_Init
 .text.HAL_RCC_OscConfig
                0x0000000008002f64      0x418 ./Drivers/STM32G4xx_HAL_Driver/Src/stm32g4xx_hal_rcc.o
                0x0000000008002f64                HAL_RCC_OscConfig
 .text.HAL_RCC_GetSysClockFreq
                0x000000000800337c       0x58 ./Drivers/STM32G4xx_HAL_Driver/Src/stm32g4xx_hal_rcc.o
                0x000000000800337c                HAL_RCC_GetSysClockFreq
 .text.HAL_RCC_ClockConfig
                0x00000000080033d4      0x1d8 ./Drivers/STM32G4xx_HAL_Driver/Src/stm32g4xx_hal_rcc.o
                0x00000000080033d4                HAL_RCC_ClockConfig
 .text.HAL_RCC_GetHCLKFreq
                0x00000000080035ac        0xc ./Drivers/STM32G4xx_HAL_Driver/Src/stm32g4xx_hal_rcc.o
                0x00000000080035ac                HAL_RCC_GetHCLKFreq
 .text.HAL_RCC_GetPCLK1Freq
                0x00000000080035b8       0x24 ./Drivers/STM32G4xx_HAL_Driver/Src/stm32g4xx_hal_rcc.o
                0x00000000080035b8                HAL_RCC_GetPCLK1Freq
 .text.HAL_RCC_GetPCLK2Freq
                0x00000000080035dc       0x24 ./Drivers/STM32G4xx_HAL_Driver/Src/stm32g4xx_hal_rcc.o
                0x00000000080035dc                HAL_RCC_GetPCLK2Freq
 .text.HAL_RCC_GetClockConfig
                0x0000000008003600       0x3c ./Drivers/STM32G4xx_HAL_Driver/Src/stm32g4xx_hal_rcc.o
                0x0000000008003600                HAL_RCC_GetClockConfig
 .text.HAL_RCC_EnableCSS
                0x000000000800363c       0x10 ./Drivers/STM32G4xx_HAL_Driver/Src/stm32g4xx_hal_rcc.o
                0x000000000800363c                HAL_RCC_EnableCSS
 .text.HAL_RCC_CSSCallback
                0x000000000800364c        0x2 ./Drivers/STM32G4xx_HAL_Driver/Src/stm32g4xx_hal_rcc.o
                0x000000000800364c                HAL_RCC_CSSCallback
 *fill*         0x000000000800364e        0x2 
 .text.HAL_RCC_NMI_IRQHandler
                0x0000000008003650       0x1c ./Drivers/STM32G4xx_HAL_Driver/Src/stm32g4xx_hal_rcc.o
                0x0000000008003650                HAL_RCC_NMI_IRQHandler
 .text.HAL_RCCEx_PeriphCLKConfig
                0x000000000800366c      0x2f0 ./Drivers/STM32G4xx_HAL_Driver/Src/stm32g4xx_hal_rcc_ex.o
                0x000000000800366c                HAL_RCCEx_PeriphCLKConfig
 .text.HAL_SPI_AbortCpltCallback
                0x000000000800395c        0x2 ./Drivers/STM32G4xx_HAL_Driver/Src/stm32g4xx_hal_spi.o
                0x000000000800395c                HAL_SPI_AbortCpltCallback
 .text.HAL_SPI_TxCpltCallback
                0x000000000800395e        0x2 ./Drivers/STM32G4xx_HAL_Driver/Src/stm32g4xx_hal_spi.o
                0x000000000800395e                HAL_SPI_TxCpltCallback
 .text.HAL_SPI_RxCpltCallback
                0x0000000008003960        0x2 ./Drivers/STM32G4xx_HAL_Driver/Src/stm32g4xx_hal_spi.o
                0x0000000008003960                HAL_SPI_RxCpltCallback
 .text.HAL_SPI_TxRxCpltCallback
                0x0000000008003962        0x2 ./Drivers/STM32G4xx_HAL_Driver/Src/stm32g4xx_hal_spi.o
                0x0000000008003962                HAL_SPI_TxRxCpltCallback
 .text.HAL_SPI_TxHalfCpltCallback
                0x0000000008003964        0x2 ./Drivers/STM32G4xx_HAL_Driver/Src/stm32g4xx_hal_spi.o
                0x0000000008003964                HAL_SPI_TxHalfCpltCallback
 .text.HAL_SPI_RxHalfCpltCallback
                0x0000000008003966        0x2 ./Drivers/STM32G4xx_HAL_Driver/Src/stm32g4xx_hal_spi.o
                0x0000000008003966                HAL_SPI_RxHalfCpltCallback
 .text.HAL_SPI_TxRxHalfCpltCallback
                0x0000000008003968        0x2 ./Drivers/STM32G4xx_HAL_Driver/Src/stm32g4xx_hal_spi.o
                0x0000000008003968                HAL_SPI_TxRxHalfCpltCallback
 .text.HAL_SPI_ErrorCallback
                0x000000000800396a        0x2 ./Drivers/STM32G4xx_HAL_Driver/Src/stm32g4xx_hal_spi.o
                0x000000000800396a                HAL_SPI_ErrorCallback
 .text.HAL_SPI_Init
                0x000000000800396c      0x130 ./Drivers/STM32G4xx_HAL_Driver/Src/stm32g4xx_hal_spi.o
                0x000000000800396c                HAL_SPI_Init
 .text.HAL_TIM_PeriodElapsedHalfCpltCallback
                0x0000000008003a9c        0x2 ./Drivers/STM32G4xx_HAL_Driver/Src/stm32g4xx_hal_tim.o
                0x0000000008003a9c                HAL_TIM_PeriodElapsedHalfCpltCallback
 .text.HAL_TIM_OC_DelayElapsedCallback
                0x0000000008003a9e        0x2 ./Drivers/STM32G4xx_HAL_Driver/Src/stm32g4xx_hal_tim.o
                0x0000000008003a9e                HAL_TIM_OC_DelayElapsedCallback
 .text.HAL_TIM_IC_CaptureCallback
                0x0000000008003aa0        0x2 ./Drivers/STM32G4xx_HAL_Driver/Src/stm32g4xx_hal_tim.o
                0x0000000008003aa0                HAL_TIM_IC_CaptureCallback
 .text.HAL_TIM_IC_CaptureHalfCpltCallback
                0x0000000008003aa2        0x2 ./Drivers/STM32G4xx_HAL_Driver/Src/stm32g4xx_hal_tim.o
                0x0000000008003aa2                HAL_TIM_IC_CaptureHalfCpltCallback
 .text.HAL_TIM_PWM_PulseFinishedCallback
                0x0000000008003aa4        0x2 ./Drivers/STM32G4xx_HAL_Driver/Src/stm32g4xx_hal_tim.o
                0x0000000008003aa4                HAL_TIM_PWM_PulseFinishedCallback
 .text.HAL_TIM_PWM_PulseFinishedHalfCpltCallback
                0x0000000008003aa6        0x2 ./Drivers/STM32G4xx_HAL_Driver/Src/stm32g4xx_hal_tim.o
                0x0000000008003aa6                HAL_TIM_PWM_PulseFinishedHalfCpltCallback
 .text.HAL_TIM_TriggerCallback
                0x0000000008003aa8        0x2 ./Drivers/STM32G4xx_HAL_Driver/Src/stm32g4xx_hal_tim.o
                0x0000000008003aa8                HAL_TIM_TriggerCallback
 .text.HAL_TIM_TriggerHalfCpltCallback
                0x0000000008003aaa        0x2 ./Drivers/STM32G4xx_HAL_Driver/Src/stm32g4xx_hal_tim.o
                0x0000000008003aaa                HAL_TIM_TriggerHalfCpltCallback
 .text.HAL_TIM_ErrorCallback
                0x0000000008003aac        0x2 ./Drivers/STM32G4xx_HAL_Driver/Src/stm32g4xx_hal_tim.o
                0x0000000008003aac                HAL_TIM_ErrorCallback
 *fill*         0x0000000008003aae        0x2 
 .text.HAL_TIM_Base_Start
                0x0000000008003ab0       0x74 ./Drivers/STM32G4xx_HAL_Driver/Src/stm32g4xx_hal_tim.o
                0x0000000008003ab0                HAL_TIM_Base_Start
 .text.HAL_TIM_Base_Start_IT
                0x0000000008003b24       0x7c ./Drivers/STM32G4xx_HAL_Driver/Src/stm32g4xx_hal_tim.o
                0x0000000008003b24                HAL_TIM_Base_Start_IT
 .text.HAL_TIM_IRQHandler
                0x0000000008003ba0      0x1c2 ./Drivers/STM32G4xx_HAL_Driver/Src/stm32g4xx_hal_tim.o
                0x0000000008003ba0                HAL_TIM_IRQHandler
 .text.HAL_TIM_RegisterCallback
                0x0000000008003d62      0x140 ./Drivers/STM32G4xx_HAL_Driver/Src/stm32g4xx_hal_tim.o
                0x0000000008003d62                HAL_TIM_RegisterCallback
 *fill*         0x0000000008003ea2        0x2 
 .text.TIM_Base_SetConfig
                0x0000000008003ea4       0xf0 ./Drivers/STM32G4xx_HAL_Driver/Src/stm32g4xx_hal_tim.o
                0x0000000008003ea4                TIM_Base_SetConfig
 .text.TIM_ResetCallback
                0x0000000008003f94       0xb8 ./Drivers/STM32G4xx_HAL_Driver/Src/stm32g4xx_hal_tim.o
                0x0000000008003f94                TIM_ResetCallback
 .text.HAL_TIM_Base_Init
                0x000000000800404c       0x74 ./Drivers/STM32G4xx_HAL_Driver/Src/stm32g4xx_hal_tim.o
                0x000000000800404c                HAL_TIM_Base_Init
 .text.HAL_TIMEx_MasterConfigSynchronization
                0x00000000080040c0       0xa0 ./Drivers/STM32G4xx_HAL_Driver/Src/stm32g4xx_hal_tim_ex.o
                0x00000000080040c0                HAL_TIMEx_MasterConfigSynchronization
 .text.HAL_TIMEx_CommutCallback
                0x0000000008004160        0x2 ./Drivers/STM32G4xx_HAL_Driver/Src/stm32g4xx_hal_tim_ex.o
                0x0000000008004160                HAL_TIMEx_CommutCallback
 .text.HAL_TIMEx_CommutHalfCpltCallback
                0x0000000008004162        0x2 ./Drivers/STM32G4xx_HAL_Driver/Src/stm32g4xx_hal_tim_ex.o
                0x0000000008004162                HAL_TIMEx_CommutHalfCpltCallback
 .text.HAL_TIMEx_BreakCallback
                0x0000000008004164        0x2 ./Drivers/STM32G4xx_HAL_Driver/Src/stm32g4xx_hal_tim_ex.o
                0x0000000008004164                HAL_TIMEx_BreakCallback
 .text.HAL_TIMEx_Break2Callback
                0x0000000008004166        0x2 ./Drivers/STM32G4xx_HAL_Driver/Src/stm32g4xx_hal_tim_ex.o
                0x0000000008004166                HAL_TIMEx_Break2Callback
 .text.HAL_TIMEx_EncoderIndexCallback
                0x0000000008004168        0x2 ./Drivers/STM32G4xx_HAL_Driver/Src/stm32g4xx_hal_tim_ex.o
                0x0000000008004168                HAL_TIMEx_EncoderIndexCallback
 .text.HAL_TIMEx_DirectionChangeCallback
                0x000000000800416a        0x2 ./Drivers/STM32G4xx_HAL_Driver/Src/stm32g4xx_hal_tim_ex.o
                0x000000000800416a                HAL_TIMEx_DirectionChangeCallback
 .text.HAL_TIMEx_IndexErrorCallback
                0x000000000800416c        0x2 ./Drivers/STM32G4xx_HAL_Driver/Src/stm32g4xx_hal_tim_ex.o
                0x000000000800416c                HAL_TIMEx_IndexErrorCallback
 .text.HAL_TIMEx_TransitionErrorCallback
                0x000000000800416e        0x2 ./Drivers/STM32G4xx_HAL_Driver/Src/stm32g4xx_hal_tim_ex.o
                0x000000000800416e                HAL_TIMEx_TransitionErrorCallback
 .text.HAL_UARTEx_RxEventCallback
                0x0000000008004170        0x2 ./Drivers/STM32G4xx_HAL_Driver/Src/stm32g4xx_hal_uart.o
                0x0000000008004170                HAL_UARTEx_RxEventCallback
 *fill*         0x0000000008004172        0x2 
 .text.UART_EndRxTransfer
                0x0000000008004174       0x58 ./Drivers/STM32G4xx_HAL_Driver/Src/stm32g4xx_hal_uart.o
 .text.HAL_UART_AbortReceiveCpltCallback
                0x00000000080041cc        0x2 ./Drivers/STM32G4xx_HAL_Driver/Src/stm32g4xx_hal_uart.o
                0x00000000080041cc                HAL_UART_AbortReceiveCpltCallback
 .text.HAL_UART_TxCpltCallback
                0x00000000080041ce        0x2 ./Drivers/STM32G4xx_HAL_Driver/Src/stm32g4xx_hal_uart.o
                0x00000000080041ce                HAL_UART_TxCpltCallback
 .text.HAL_UART_TxHalfCpltCallback
                0x00000000080041d0        0x2 ./Drivers/STM32G4xx_HAL_Driver/Src/stm32g4xx_hal_uart.o
                0x00000000080041d0                HAL_UART_TxHalfCpltCallback
 .text.HAL_UART_RxCpltCallback
                0x00000000080041d2        0x2 ./Drivers/STM32G4xx_HAL_Driver/Src/stm32g4xx_hal_uart.o
                0x00000000080041d2                HAL_UART_RxCpltCallback
 .text.HAL_UART_RxHalfCpltCallback
                0x00000000080041d4        0x2 ./Drivers/STM32G4xx_HAL_Driver/Src/stm32g4xx_hal_uart.o
                0x00000000080041d4                HAL_UART_RxHalfCpltCallback
 .text.HAL_UART_ErrorCallback
                0x00000000080041d6        0x2 ./Drivers/STM32G4xx_HAL_Driver/Src/stm32g4xx_hal_uart.o
                0x00000000080041d6                HAL_UART_ErrorCallback
 .text.HAL_UART_AbortCpltCallback
                0x00000000080041d8        0x2 ./Drivers/STM32G4xx_HAL_Driver/Src/stm32g4xx_hal_uart.o
                0x00000000080041d8                HAL_UART_AbortCpltCallback
 .text.HAL_UART_AbortTransmitCpltCallback
                0x00000000080041da        0x2 ./Drivers/STM32G4xx_HAL_Driver/Src/stm32g4xx_hal_uart.o
                0x00000000080041da                HAL_UART_AbortTransmitCpltCallback
 .text.UART_InitCallbacksToDefault
                0x00000000080041dc       0x7c ./Drivers/STM32G4xx_HAL_Driver/Src/stm32g4xx_hal_uart.o
                0x00000000080041dc                UART_InitCallbacksToDefault
 .text.UART_SetConfig
                0x0000000008004258      0x2cc ./Drivers/STM32G4xx_HAL_Driver/Src/stm32g4xx_hal_uart.o
                0x0000000008004258                UART_SetConfig
 .text.UART_AdvFeatureConfig
                0x0000000008004524       0xa8 ./Drivers/STM32G4xx_HAL_Driver/Src/stm32g4xx_hal_uart.o
                0x0000000008004524                UART_AdvFeatureConfig
 .text.UART_WaitOnFlagUntilTimeout
                0x00000000080045cc       0x90 ./Drivers/STM32G4xx_HAL_Driver/Src/stm32g4xx_hal_uart.o
                0x00000000080045cc                UART_WaitOnFlagUntilTimeout
 .text.HAL_UART_Transmit
                0x000000000800465c       0xac ./Drivers/STM32G4xx_HAL_Driver/Src/stm32g4xx_hal_uart.o
                0x000000000800465c                HAL_UART_Transmit
 .text.UART_CheckIdleState
                0x0000000008004708       0xba ./Drivers/STM32G4xx_HAL_Driver/Src/stm32g4xx_hal_uart.o
                0x0000000008004708                UART_CheckIdleState
 *fill*         0x00000000080047c2        0x2 
 .text.HAL_UART_Init
                0x00000000080047c4       0x7c ./Drivers/STM32G4xx_HAL_Driver/Src/stm32g4xx_hal_uart.o
                0x00000000080047c4                HAL_UART_Init
 .text.UARTEx_SetNbDataToProcess
                0x0000000008004840       0x44 ./Drivers/STM32G4xx_HAL_Driver/Src/stm32g4xx_hal_uart_ex.o
 .text.HAL_UARTEx_WakeupCallback
                0x0000000008004884        0x2 ./Drivers/STM32G4xx_HAL_Driver/Src/stm32g4xx_hal_uart_ex.o
                0x0000000008004884                HAL_UARTEx_WakeupCallback
 .text.HAL_UARTEx_RxFifoFullCallback
                0x0000000008004886        0x2 ./Drivers/STM32G4xx_HAL_Driver/Src/stm32g4xx_hal_uart_ex.o
                0x0000000008004886                HAL_UARTEx_RxFifoFullCallback
 .text.HAL_UARTEx_TxFifoEmptyCallback
                0x0000000008004888        0x2 ./Drivers/STM32G4xx_HAL_Driver/Src/stm32g4xx_hal_uart_ex.o
                0x0000000008004888                HAL_UARTEx_TxFifoEmptyCallback
 .text.HAL_UARTEx_EnableFifoMode
                0x000000000800488a       0x46 ./Drivers/STM32G4xx_HAL_Driver/Src/stm32g4xx_hal_uart_ex.o
                0x000000000800488a                HAL_UARTEx_EnableFifoMode
 .text.HAL_UARTEx_SetTxFifoThreshold
                0x00000000080048d0       0x48 ./Drivers/STM32G4xx_HAL_Driver/Src/stm32g4xx_hal_uart_ex.o
                0x00000000080048d0                HAL_UARTEx_SetTxFifoThreshold
 .text.HAL_UARTEx_SetRxFifoThreshold
                0x0000000008004918       0x48 ./Drivers/STM32G4xx_HAL_Driver/Src/stm32g4xx_hal_uart_ex.o
                0x0000000008004918                HAL_UARTEx_SetRxFifoThreshold
 .text.USART_WaitOnFlagUntilTimeout.constprop.0
                0x0000000008004960       0x3a ./Drivers/STM32G4xx_HAL_Driver/Src/stm32g4xx_hal_usart.o
 .text.HAL_USART_AbortCpltCallback
                0x000000000800499a        0x2 ./Drivers/STM32G4xx_HAL_Driver/Src/stm32g4xx_hal_usart.o
                0x000000000800499a                HAL_USART_AbortCpltCallback
 .text.HAL_USART_TxCpltCallback
                0x000000000800499c        0x2 ./Drivers/STM32G4xx_HAL_Driver/Src/stm32g4xx_hal_usart.o
                0x000000000800499c                HAL_USART_TxCpltCallback
 .text.HAL_USART_TxHalfCpltCallback
                0x000000000800499e        0x2 ./Drivers/STM32G4xx_HAL_Driver/Src/stm32g4xx_hal_usart.o
                0x000000000800499e                HAL_USART_TxHalfCpltCallback
 .text.HAL_USART_RxCpltCallback
                0x00000000080049a0        0x2 ./Drivers/STM32G4xx_HAL_Driver/Src/stm32g4xx_hal_usart.o
                0x00000000080049a0                HAL_USART_RxCpltCallback
 .text.HAL_USART_RxHalfCpltCallback
                0x00000000080049a2        0x2 ./Drivers/STM32G4xx_HAL_Driver/Src/stm32g4xx_hal_usart.o
                0x00000000080049a2                HAL_USART_RxHalfCpltCallback
 .text.HAL_USART_TxRxCpltCallback
                0x00000000080049a4        0x2 ./Drivers/STM32G4xx_HAL_Driver/Src/stm32g4xx_hal_usart.o
                0x00000000080049a4                HAL_USART_TxRxCpltCallback
 .text.HAL_USART_ErrorCallback
                0x00000000080049a6        0x2 ./Drivers/STM32G4xx_HAL_Driver/Src/stm32g4xx_hal_usart.o
                0x00000000080049a6                HAL_USART_ErrorCallback
 .text.USART_InitCallbacksToDefault
                0x00000000080049a8       0x4c ./Drivers/STM32G4xx_HAL_Driver/Src/stm32g4xx_hal_usart.o
                0x00000000080049a8                USART_InitCallbacksToDefault
 .text.HAL_USART_Init
                0x00000000080049f4      0x340 ./Drivers/STM32G4xx_HAL_Driver/Src/stm32g4xx_hal_usart.o
                0x00000000080049f4                HAL_USART_Init
 .text.USARTEx_SetNbDataToProcess
                0x0000000008004d34       0x40 ./Drivers/STM32G4xx_HAL_Driver/Src/stm32g4xx_hal_usart_ex.o
 .text.HAL_USARTEx_RxFifoFullCallback
                0x0000000008004d74        0x2 ./Drivers/STM32G4xx_HAL_Driver/Src/stm32g4xx_hal_usart_ex.o
                0x0000000008004d74                HAL_USARTEx_RxFifoFullCallback
 .text.HAL_USARTEx_TxFifoEmptyCallback
                0x0000000008004d76        0x2 ./Drivers/STM32G4xx_HAL_Driver/Src/stm32g4xx_hal_usart_ex.o
                0x0000000008004d76                HAL_USARTEx_TxFifoEmptyCallback
 .text.HAL_USARTEx_DisableFifoMode
                0x0000000008004d78       0x34 ./Drivers/STM32G4xx_HAL_Driver/Src/stm32g4xx_hal_usart_ex.o
                0x0000000008004d78                HAL_USARTEx_DisableFifoMode
 .text.HAL_USARTEx_SetTxFifoThreshold
                0x0000000008004dac       0x48 ./Drivers/STM32G4xx_HAL_Driver/Src/stm32g4xx_hal_usart_ex.o
                0x0000000008004dac                HAL_USARTEx_SetTxFifoThreshold
 .text.HAL_USARTEx_SetRxFifoThreshold
                0x0000000008004df4       0x48 ./Drivers/STM32G4xx_HAL_Driver/Src/stm32g4xx_hal_usart_ex.o
                0x0000000008004df4                HAL_USARTEx_SetRxFifoThreshold
 .text.MX_FATFS_Init
                0x0000000008004e3c       0x28 ./FATFS/App/app_fatfs.o
                0x0000000008004e3c                MX_FATFS_Init
 .text.USER_initialize
                0x0000000008004e64       0x10 ./FATFS/Target/user_diskio.o
                0x0000000008004e64                USER_initialize
 .text.USER_read
                0x0000000008004e74        0x4 ./FATFS/Target/user_diskio.o
                0x0000000008004e74                USER_read
 .text.USER_ioctl
                0x0000000008004e78        0x4 ./FATFS/Target/user_diskio.o
                0x0000000008004e78                USER_ioctl
 .text.USER_write
                0x0000000008004e7c        0x4 ./FATFS/Target/user_diskio.o
                0x0000000008004e7c                USER_write
 .text.USER_status
                0x0000000008004e80       0x10 ./FATFS/Target/user_diskio.o
                0x0000000008004e80                USER_status
 .text.FATFS_LinkDriverEx
                0x0000000008004e90       0x40 ./Middlewares/Third_Party/FatFs/src/ff_gen_drv.o
                0x0000000008004e90                FATFS_LinkDriverEx
 .text.FATFS_LinkDriver
                0x0000000008004ed0        0x6 ./Middlewares/Third_Party/FatFs/src/ff_gen_drv.o
                0x0000000008004ed0                FATFS_LinkDriver
 .text.SysTick_Handler
                0x0000000008004ed6       0x1a ./Middlewares/Third_Party/FreeRTOS/Source/CMSIS_RTOS_V2/cmsis_os2.o
                0x0000000008004ed6                SysTick_Handler
 .text.osKernelInitialize
                0x0000000008004ef0       0x24 ./Middlewares/Third_Party/FreeRTOS/Source/CMSIS_RTOS_V2/cmsis_os2.o
                0x0000000008004ef0                osKernelInitialize
 .text.osKernelStart
                0x0000000008004f14       0x34 ./Middlewares/Third_Party/FreeRTOS/Source/CMSIS_RTOS_V2/cmsis_os2.o
                0x0000000008004f14                osKernelStart
 .text.osThreadNew
                0x0000000008004f48       0x92 ./Middlewares/Third_Party/FreeRTOS/Source/CMSIS_RTOS_V2/cmsis_os2.o
                0x0000000008004f48                osThreadNew
 .text.osDelay  0x0000000008004fda       0x18 ./Middlewares/Third_Party/FreeRTOS/Source/CMSIS_RTOS_V2/cmsis_os2.o
                0x0000000008004fda                osDelay
 *fill*         0x0000000008004ff2        0x2 
 .text.vApplicationGetIdleTaskMemory
                0x0000000008004ff4       0x18 ./Middlewares/Third_Party/FreeRTOS/Source/CMSIS_RTOS_V2/cmsis_os2.o
                0x0000000008004ff4                vApplicationGetIdleTaskMemory
 .text.vApplicationGetTimerTaskMemory
                0x000000000800500c       0x18 ./Middlewares/Third_Party/FreeRTOS/Source/CMSIS_RTOS_V2/cmsis_os2.o
                0x000000000800500c                vApplicationGetTimerTaskMemory
 .text.vListInitialise
                0x0000000008005024       0x16 ./Middlewares/Third_Party/FreeRTOS/Source/list.o
                0x0000000008005024                vListInitialise
 .text.vListInitialiseItem
                0x000000000800503a        0x6 ./Middlewares/Third_Party/FreeRTOS/Source/list.o
                0x000000000800503a                vListInitialiseItem
 .text.vListInsertEnd
                0x0000000008005040       0x18 ./Middlewares/Third_Party/FreeRTOS/Source/list.o
                0x0000000008005040                vListInsertEnd
 .text.vListInsert
                0x0000000008005058       0x2e ./Middlewares/Third_Party/FreeRTOS/Source/list.o
                0x0000000008005058                vListInsert
 .text.uxListRemove
                0x0000000008005086       0x20 ./Middlewares/Third_Party/FreeRTOS/Source/list.o
                0x0000000008005086                uxListRemove
 .text.prvIsQueueEmpty
                0x00000000080050a6       0x16 ./Middlewares/Third_Party/FreeRTOS/Source/queue.o
 .text.prvCopyDataToQueue
                0x00000000080050bc       0x6a ./Middlewares/Third_Party/FreeRTOS/Source/queue.o
 .text.prvCopyDataFromQueue
                0x0000000008005126       0x2c ./Middlewares/Third_Party/FreeRTOS/Source/queue.o
 .text.prvUnlockQueue
                0x0000000008005152       0x70 ./Middlewares/Third_Party/FreeRTOS/Source/queue.o
 .text.xQueueGenericReset
                0x00000000080051c2       0x7e ./Middlewares/Third_Party/FreeRTOS/Source/queue.o
                0x00000000080051c2                xQueueGenericReset
 .text.xQueueGenericCreateStatic
                0x0000000008005240       0x9c ./Middlewares/Third_Party/FreeRTOS/Source/queue.o
                0x0000000008005240                xQueueGenericCreateStatic
 .text.xQueueGenericSend
                0x00000000080052dc      0x166 ./Middlewares/Third_Party/FreeRTOS/Source/queue.o
                0x00000000080052dc                xQueueGenericSend
 .text.xQueueGenericSendFromISR
                0x0000000008005442       0xc4 ./Middlewares/Third_Party/FreeRTOS/Source/queue.o
                0x0000000008005442                xQueueGenericSendFromISR
 .text.xQueueReceive
                0x0000000008005506      0x13e ./Middlewares/Third_Party/FreeRTOS/Source/queue.o
                0x0000000008005506                xQueueReceive
 .text.vQueueAddToRegistry
                0x0000000008005644       0x24 ./Middlewares/Third_Party/FreeRTOS/Source/queue.o
                0x0000000008005644                vQueueAddToRegistry
 .text.vQueueWaitForMessageRestricted
                0x0000000008005668       0x46 ./Middlewares/Third_Party/FreeRTOS/Source/queue.o
                0x0000000008005668                vQueueWaitForMessageRestricted
 *fill*         0x00000000080056ae        0x2 
 .text.prvAddNewTaskToReadyList
                0x00000000080056b0      0x100 ./Middlewares/Third_Party/FreeRTOS/Source/tasks.o
 .text.prvAddCurrentTaskToDelayedList
                0x00000000080057b0       0x70 ./Middlewares/Third_Party/FreeRTOS/Source/tasks.o
 .text.prvResetNextTaskUnblockTime
                0x0000000008005820       0x24 ./Middlewares/Third_Party/FreeRTOS/Source/tasks.o
 .text.prvDeleteTCB
                0x0000000008005844       0x3c ./Middlewares/Third_Party/FreeRTOS/Source/tasks.o
 .text.prvIdleTask
                0x0000000008005880       0x60 ./Middlewares/Third_Party/FreeRTOS/Source/tasks.o
 .text.prvInitialiseNewTask.constprop.0
                0x00000000080058e0       0xc0 ./Middlewares/Third_Party/FreeRTOS/Source/tasks.o
 .text.xTaskCreateStatic
                0x00000000080059a0       0x70 ./Middlewares/Third_Party/FreeRTOS/Source/tasks.o
                0x00000000080059a0                xTaskCreateStatic
 .text.xTaskCreate
                0x0000000008005a10       0x5a ./Middlewares/Third_Party/FreeRTOS/Source/tasks.o
                0x0000000008005a10                xTaskCreate
 *fill*         0x0000000008005a6a        0x2 
 .text.vTaskDelete
                0x0000000008005a6c       0xb0 ./Middlewares/Third_Party/FreeRTOS/Source/tasks.o
                0x0000000008005a6c                vTaskDelete
 .text.vTaskStartScheduler
                0x0000000008005b1c       0xa0 ./Middlewares/Third_Party/FreeRTOS/Source/tasks.o
                0x0000000008005b1c                vTaskStartScheduler
 .text.vTaskSuspendAll
                0x0000000008005bbc       0x10 ./Middlewares/Third_Party/FreeRTOS/Source/tasks.o
                0x0000000008005bbc                vTaskSuspendAll
 .text.xTaskGetTickCount
                0x0000000008005bcc        0xc ./Middlewares/Third_Party/FreeRTOS/Source/tasks.o
                0x0000000008005bcc                xTaskGetTickCount
 .text.xTaskIncrementTick
                0x0000000008005bd8      0x12c ./Middlewares/Third_Party/FreeRTOS/Source/tasks.o
                0x0000000008005bd8                xTaskIncrementTick
 .text.xTaskResumeAll
                0x0000000008005d04       0xe8 ./Middlewares/Third_Party/FreeRTOS/Source/tasks.o
                0x0000000008005d04                xTaskResumeAll
 .text.vTaskDelay
                0x0000000008005dec       0x48 ./Middlewares/Third_Party/FreeRTOS/Source/tasks.o
                0x0000000008005dec                vTaskDelay
 .text.vTaskSwitchContext
                0x0000000008005e34       0x80 ./Middlewares/Third_Party/FreeRTOS/Source/tasks.o
                0x0000000008005e34                vTaskSwitchContext
 .text.vTaskSuspend
                0x0000000008005eb4       0xb4 ./Middlewares/Third_Party/FreeRTOS/Source/tasks.o
                0x0000000008005eb4                vTaskSuspend
 .text.vTaskPlaceOnEventList
                0x0000000008005f68       0x34 ./Middlewares/Third_Party/FreeRTOS/Source/tasks.o
                0x0000000008005f68                vTaskPlaceOnEventList
 .text.vTaskPlaceOnEventListRestricted
                0x0000000008005f9c       0x3c ./Middlewares/Third_Party/FreeRTOS/Source/tasks.o
                0x0000000008005f9c                vTaskPlaceOnEventListRestricted
 .text.xTaskRemoveFromEventList
                0x0000000008005fd8       0x88 ./Middlewares/Third_Party/FreeRTOS/Source/tasks.o
                0x0000000008005fd8                xTaskRemoveFromEventList
 .text.vTaskInternalSetTimeOutState
                0x0000000008006060       0x18 ./Middlewares/Third_Party/FreeRTOS/Source/tasks.o
                0x0000000008006060                vTaskInternalSetTimeOutState
 .text.xTaskCheckForTimeOut
                0x0000000008006078       0x78 ./Middlewares/Third_Party/FreeRTOS/Source/tasks.o
                0x0000000008006078                xTaskCheckForTimeOut
 .text.vTaskMissedYield
                0x00000000080060f0        0xc ./Middlewares/Third_Party/FreeRTOS/Source/tasks.o
                0x00000000080060f0                vTaskMissedYield
 .text.xTaskGetCurrentTaskHandle
                0x00000000080060fc        0xc ./Middlewares/Third_Party/FreeRTOS/Source/tasks.o
                0x00000000080060fc                xTaskGetCurrentTaskHandle
 .text.xTaskGetSchedulerState
                0x0000000008006108       0x20 ./Middlewares/Third_Party/FreeRTOS/Source/tasks.o
                0x0000000008006108                xTaskGetSchedulerState
 .text.xTaskPriorityDisinherit
                0x0000000008006128       0x88 ./Middlewares/Third_Party/FreeRTOS/Source/tasks.o
                0x0000000008006128                xTaskPriorityDisinherit
 .text.prvCheckForValidListAndQueue
                0x00000000080061b0       0x68 ./Middlewares/Third_Party/FreeRTOS/Source/timers.o
 .text.prvInsertTimerInActiveList
                0x0000000008006218       0x3c ./Middlewares/Third_Party/FreeRTOS/Source/timers.o
 .text.xTimerCreateTimerTask
                0x0000000008006254       0x64 ./Middlewares/Third_Party/FreeRTOS/Source/timers.o
                0x0000000008006254                xTimerCreateTimerTask
 .text.xTimerGenericCommand
                0x00000000080062b8       0x58 ./Middlewares/Third_Party/FreeRTOS/Source/timers.o
                0x00000000080062b8                xTimerGenericCommand
 .text.prvSampleTimeNow
                0x0000000008006310       0xac ./Middlewares/Third_Party/FreeRTOS/Source/timers.o
 .text.prvTimerTask
                0x00000000080063bc      0x1cc ./Middlewares/Third_Party/FreeRTOS/Source/timers.o
 .text.prvPortStartFirstTask
                0x0000000008006588       0x28 ./Middlewares/Third_Party/FreeRTOS/Source/portable/GCC/ARM_CM4F/port.o
 .text.vPortEnableVFP
                0x00000000080065b0       0x14 ./Middlewares/Third_Party/FreeRTOS/Source/portable/GCC/ARM_CM4F/port.o
 .text.prvTaskExitError
                0x00000000080065c4       0x40 ./Middlewares/Third_Party/FreeRTOS/Source/portable/GCC/ARM_CM4F/port.o
 .text.pxPortInitialiseStack
                0x0000000008006604       0x2c ./Middlewares/Third_Party/FreeRTOS/Source/portable/GCC/ARM_CM4F/port.o
                0x0000000008006604                pxPortInitialiseStack
 .text.SVC_Handler
                0x0000000008006630       0x24 ./Middlewares/Third_Party/FreeRTOS/Source/portable/GCC/ARM_CM4F/port.o
                0x0000000008006630                SVC_Handler
 .text.vPortEnterCritical
                0x0000000008006654       0x40 ./Middlewares/Third_Party/FreeRTOS/Source/portable/GCC/ARM_CM4F/port.o
                0x0000000008006654                vPortEnterCritical
 .text.vPortExitCritical
                0x0000000008006694       0x28 ./Middlewares/Third_Party/FreeRTOS/Source/portable/GCC/ARM_CM4F/port.o
                0x0000000008006694                vPortExitCritical
 *fill*         0x00000000080066bc        0x4 
 .text.PendSV_Handler
                0x00000000080066c0       0x64 ./Middlewares/Third_Party/FreeRTOS/Source/portable/GCC/ARM_CM4F/port.o
                0x00000000080066c0                PendSV_Handler
 .text.xPortSysTickHandler
                0x0000000008006724       0x2c ./Middlewares/Third_Party/FreeRTOS/Source/portable/GCC/ARM_CM4F/port.o
                0x0000000008006724                xPortSysTickHandler
 .text.vPortSetupTimerInterrupt
                0x0000000008006750       0x24 ./Middlewares/Third_Party/FreeRTOS/Source/portable/GCC/ARM_CM4F/port.o
                0x0000000008006750                vPortSetupTimerInterrupt
 .text.xPortStartScheduler
                0x0000000008006774      0x10c ./Middlewares/Third_Party/FreeRTOS/Source/portable/GCC/ARM_CM4F/port.o
                0x0000000008006774                xPortStartScheduler
 .text.vPortValidateInterruptPriority
                0x0000000008006880       0x5c ./Middlewares/Third_Party/FreeRTOS/Source/portable/GCC/ARM_CM4F/port.o
                0x0000000008006880                vPortValidateInterruptPriority
 .text.prvInsertBlockIntoFreeList
                0x00000000080068dc       0x48 ./Middlewares/Third_Party/FreeRTOS/Source/portable/MemMang/heap_4.o
 .text.pvPortMalloc
                0x0000000008006924      0x130 ./Middlewares/Third_Party/FreeRTOS/Source/portable/MemMang/heap_4.o
                0x0000000008006924                pvPortMalloc
 .text.vPortFree
                0x0000000008006a54       0x7c ./Middlewares/Third_Party/FreeRTOS/Source/portable/MemMang/heap_4.o
                0x0000000008006a54                vPortFree
 .text.__errno  0x0000000008006ad0        0xc /app/stm32cubeide/plugins/com.st.stm32cube.ide.mcu.externaltools.gnu-tools-for-stm32.10.3-2021.10.linux64_1.0.200.202301161003/tools/bin/../lib/gcc/arm-none-eabi/10.3.1/../../../../arm-none-eabi/lib/thumb/v7e-m+fp/hard/libc_nano.a(lib_a-errno.o)
                0x0000000008006ad0                __errno
 .text.__libc_init_array
                0x0000000008006adc       0x48 /app/stm32cubeide/plugins/com.st.stm32cube.ide.mcu.externaltools.gnu-tools-for-stm32.10.3-2021.10.linux64_1.0.200.202301161003/tools/bin/../lib/gcc/arm-none-eabi/10.3.1/../../../../arm-none-eabi/lib/thumb/v7e-m+fp/hard/libc_nano.a(lib_a-init.o)
                0x0000000008006adc                __libc_init_array
 .text.__retarget_lock_acquire_recursive
                0x0000000008006b24        0x2 /app/stm32cubeide/plugins/com.st.stm32cube.ide.mcu.externaltools.gnu-tools-for-stm32.10.3-2021.10.linux64_1.0.200.202301161003/tools/bin/../lib/gcc/arm-none-eabi/10.3.1/../../../../arm-none-eabi/lib/thumb/v7e-m+fp/hard/libc_nano.a(lib_a-lock.o)
                0x0000000008006b24                __retarget_lock_acquire_recursive
 .text.__retarget_lock_release_recursive
                0x0000000008006b26        0x2 /app/stm32cubeide/plugins/com.st.stm32cube.ide.mcu.externaltools.gnu-tools-for-stm32.10.3-2021.10.linux64_1.0.200.202301161003/tools/bin/../lib/gcc/arm-none-eabi/10.3.1/../../../../arm-none-eabi/lib/thumb/v7e-m+fp/hard/libc_nano.a(lib_a-lock.o)
                0x0000000008006b26                __retarget_lock_release_recursive
 .text.memcpy   0x0000000008006b28       0x1c /app/stm32cubeide/plugins/com.st.stm32cube.ide.mcu.externaltools.gnu-tools-for-stm32.10.3-2021.10.linux64_1.0.200.202301161003/tools/bin/../lib/gcc/arm-none-eabi/10.3.1/../../../../arm-none-eabi/lib/thumb/v7e-m+fp/hard/libc_nano.a(lib_a-memcpy-stub.o)
                0x0000000008006b28                memcpy
 .text.memset   0x0000000008006b44       0x10 /app/stm32cubeide/plugins/com.st.stm32cube.ide.mcu.externaltools.gnu-tools-for-stm32.10.3-2021.10.linux64_1.0.200.202301161003/tools/bin/../lib/gcc/arm-none-eabi/10.3.1/../../../../arm-none-eabi/lib/thumb/v7e-m+fp/hard/libc_nano.a(lib_a-memset.o)
                0x0000000008006b44                memset
 .text.sbrk_aligned
                0x0000000008006b54       0x40 /app/stm32cubeide/plugins/com.st.stm32cube.ide.mcu.externaltools.gnu-tools-for-stm32.10.3-2021.10.linux64_1.0.200.202301161003/tools/bin/../lib/gcc/arm-none-eabi/10.3.1/../../../../arm-none-eabi/lib/thumb/v7e-m+fp/hard/libc_nano.a(lib_a-nano-mallocr.o)
 .text._malloc_r
                0x0000000008006b94       0xe8 /app/stm32cubeide/plugins/com.st.stm32cube.ide.mcu.externaltools.gnu-tools-for-stm32.10.3-2021.10.linux64_1.0.200.202301161003/tools/bin/../lib/gcc/arm-none-eabi/10.3.1/../../../../arm-none-eabi/lib/thumb/v7e-m+fp/hard/libc_nano.a(lib_a-nano-mallocr.o)
                0x0000000008006b94                _malloc_r
 .text.cleanup_glue
                0x0000000008006c7c       0x1a /app/stm32cubeide/plugins/com.st.stm32cube.ide.mcu.externaltools.gnu-tools-for-stm32.10.3-2021.10.linux64_1.0.200.202301161003/tools/bin/../lib/gcc/arm-none-eabi/10.3.1/../../../../arm-none-eabi/lib/thumb/v7e-m+fp/hard/libc_nano.a(lib_a-reent.o)
                0x0000000008006c7c                cleanup_glue
 *fill*         0x0000000008006c96        0x2 
 .text._reclaim_reent
                0x0000000008006c98       0xb8 /app/stm32cubeide/plugins/com.st.stm32cube.ide.mcu.externaltools.gnu-tools-for-stm32.10.3-2021.10.linux64_1.0.200.202301161003/tools/bin/../lib/gcc/arm-none-eabi/10.3.1/../../../../arm-none-eabi/lib/thumb/v7e-m+fp/hard/libc_nano.a(lib_a-reent.o)
                0x0000000008006c98                _reclaim_reent
 .text._sbrk_r  0x0000000008006d50       0x20 /app/stm32cubeide/plugins/com.st.stm32cube.ide.mcu.externaltools.gnu-tools-for-stm32.10.3-2021.10.linux64_1.0.200.202301161003/tools/bin/../lib/gcc/arm-none-eabi/10.3.1/../../../../arm-none-eabi/lib/thumb/v7e-m+fp/hard/libc_nano.a(lib_a-sbrkr.o)
                0x0000000008006d50                _sbrk_r
 .text.sprintf  0x0000000008006d70       0x40 /app/stm32cubeide/plugins/com.st.stm32cube.ide.mcu.externaltools.gnu-tools-for-stm32.10.3-2021.10.linux64_1.0.200.202301161003/tools/bin/../lib/gcc/arm-none-eabi/10.3.1/../../../../arm-none-eabi/lib/thumb/v7e-m+fp/hard/libc_nano.a(lib_a-sprintf.o)
                0x0000000008006d70                sprintf
                0x0000000008006d70                siprintf
 .text.__malloc_lock
                0x0000000008006db0        0xc /app/stm32cubeide/plugins/com.st.stm32cube.ide.mcu.externaltools.gnu-tools-for-stm32.10.3-2021.10.linux64_1.0.200.202301161003/tools/bin/../lib/gcc/arm-none-eabi/10.3.1/../../../../arm-none-eabi/lib/thumb/v7e-m+fp/hard/libc_nano.a(lib_a-mlock.o)
                0x0000000008006db0                __malloc_lock
 .text.__malloc_unlock
                0x0000000008006dbc        0xc /app/stm32cubeide/plugins/com.st.stm32cube.ide.mcu.externaltools.gnu-tools-for-stm32.10.3-2021.10.linux64_1.0.200.202301161003/tools/bin/../lib/gcc/arm-none-eabi/10.3.1/../../../../arm-none-eabi/lib/thumb/v7e-m+fp/hard/libc_nano.a(lib_a-mlock.o)
                0x0000000008006dbc                __malloc_unlock
 .text._free_r  0x0000000008006dc8       0x98 /app/stm32cubeide/plugins/com.st.stm32cube.ide.mcu.externaltools.gnu-tools-for-stm32.10.3-2021.10.linux64_1.0.200.202301161003/tools/bin/../lib/gcc/arm-none-eabi/10.3.1/../../../../arm-none-eabi/lib/thumb/v7e-m+fp/hard/libc_nano.a(lib_a-nano-freer.o)
                0x0000000008006dc8                _free_r
 .text.__ssputs_r
                0x0000000008006e60       0xb6 /app/stm32cubeide/plugins/com.st.stm32cube.ide.mcu.externaltools.gnu-tools-for-stm32.10.3-2021.10.linux64_1.0.200.202301161003/tools/bin/../lib/gcc/arm-none-eabi/10.3.1/../../../../arm-none-eabi/lib/thumb/v7e-m+fp/hard/libc_nano.a(lib_a-nano-svfprintf.o)
                0x0000000008006e60                __ssputs_r
 *fill*         0x0000000008006f16        0x2 
 .text._svfprintf_r
                0x0000000008006f18      0x200 /app/stm32cubeide/plugins/com.st.stm32cube.ide.mcu.externaltools.gnu-tools-for-stm32.10.3-2021.10.linux64_1.0.200.202301161003/tools/bin/../lib/gcc/arm-none-eabi/10.3.1/../../../../arm-none-eabi/lib/thumb/v7e-m+fp/hard/libc_nano.a(lib_a-nano-svfprintf.o)
                0x0000000008006f18                _svfprintf_r
                0x0000000008006f18                _svfiprintf_r
 .text._printf_common
                0x0000000008007118       0xda /app/stm32cubeide/plugins/com.st.stm32cube.ide.mcu.externaltools.gnu-tools-for-stm32.10.3-2021.10.linux64_1.0.200.202301161003/tools/bin/../lib/gcc/arm-none-eabi/10.3.1/../../../../arm-none-eabi/lib/thumb/v7e-m+fp/hard/libc_nano.a(lib_a-nano-vfprintf_i.o)
                0x0000000008007118                _printf_common
 *fill*         0x00000000080071f2        0x2 
 .text._printf_i
                0x00000000080071f4      0x24c /app/stm32cubeide/plugins/com.st.stm32cube.ide.mcu.externaltools.gnu-tools-for-stm32.10.3-2021.10.linux64_1.0.200.202301161003/tools/bin/../lib/gcc/arm-none-eabi/10.3.1/../../../../arm-none-eabi/lib/thumb/v7e-m+fp/hard/libc_nano.a(lib_a-nano-vfprintf_i.o)
                0x00000000080071f4                _printf_i
 .text.memmove  0x0000000008007440       0x34 /app/stm32cubeide/plugins/com.st.stm32cube.ide.mcu.externaltools.gnu-tools-for-stm32.10.3-2021.10.linux64_1.0.200.202301161003/tools/bin/../lib/gcc/arm-none-eabi/10.3.1/../../../../arm-none-eabi/lib/thumb/v7e-m+fp/hard/libc_nano.a(lib_a-memmove.o)
                0x0000000008007440                memmove
 .text._realloc_r
                0x0000000008007474       0x5e /app/stm32cubeide/plugins/com.st.stm32cube.ide.mcu.externaltools.gnu-tools-for-stm32.10.3-2021.10.linux64_1.0.200.202301161003/tools/bin/../lib/gcc/arm-none-eabi/10.3.1/../../../../arm-none-eabi/lib/thumb/v7e-m+fp/hard/libc_nano.a(lib_a-nano-reallocr.o)
                0x0000000008007474                _realloc_r
 .text._malloc_usable_size_r
                0x00000000080074d2       0x10 /app/stm32cubeide/plugins/com.st.stm32cube.ide.mcu.externaltools.gnu-tools-for-stm32.10.3-2021.10.linux64_1.0.200.202301161003/tools/bin/../lib/gcc/arm-none-eabi/10.3.1/../../../../arm-none-eabi/lib/thumb/v7e-m+fp/hard/libc_nano.a(lib_a-nano-msizer.o)
                0x00000000080074d2                _malloc_usable_size_r
 *(.glue_7)
 .glue_7        0x00000000080074e2        0x0 linker stubs
 *(.glue_7t)
 .glue_7t       0x00000000080074e2        0x0 linker stubs
 *(.eh_frame)
 *fill*         0x00000000080074e2        0x2 
 .eh_frame      0x00000000080074e4        0x0 /app/stm32cubeide/plugins/com.st.stm32cube.ide.mcu.externaltools.gnu-tools-for-stm32.10.3-2021.10.linux64_1.0.200.202301161003/tools/bin/../lib/gcc/arm-none-eabi/10.3.1/thumb/v7e-m+fp/hard/crtbegin.o
 *(.init)
 .init          0x00000000080074e4        0x4 /app/stm32cubeide/plugins/com.st.stm32cube.ide.mcu.externaltools.gnu-tools-for-stm32.10.3-2021.10.linux64_1.0.200.202301161003/tools/bin/../lib/gcc/arm-none-eabi/10.3.1/thumb/v7e-m+fp/hard/crti.o
                0x00000000080074e4                _init
 .init          0x00000000080074e8        0x8 /app/stm32cubeide/plugins/com.st.stm32cube.ide.mcu.externaltools.gnu-tools-for-stm32.10.3-2021.10.linux64_1.0.200.202301161003/tools/bin/../lib/gcc/arm-none-eabi/10.3.1/thumb/v7e-m+fp/hard/crtn.o
 *(.fini)
 .fini          0x00000000080074f0        0x4 /app/stm32cubeide/plugins/com.st.stm32cube.ide.mcu.externaltools.gnu-tools-for-stm32.10.3-2021.10.linux64_1.0.200.202301161003/tools/bin/../lib/gcc/arm-none-eabi/10.3.1/thumb/v7e-m+fp/hard/crti.o
                0x00000000080074f0                _fini
 .fini          0x00000000080074f4        0x8 /app/stm32cubeide/plugins/com.st.stm32cube.ide.mcu.externaltools.gnu-tools-for-stm32.10.3-2021.10.linux64_1.0.200.202301161003/tools/bin/../lib/gcc/arm-none-eabi/10.3.1/thumb/v7e-m+fp/hard/crtn.o
                0x00000000080074fc                . = ALIGN (0x4)
                0x00000000080074fc                _etext = .

.vfp11_veneer   0x00000000080074fc        0x0
 .vfp11_veneer  0x00000000080074fc        0x0 linker stubs

.v4_bx          0x00000000080074fc        0x0
 .v4_bx         0x00000000080074fc        0x0 linker stubs

.iplt           0x00000000080074fc        0x0
 .iplt          0x00000000080074fc        0x0 /app/stm32cubeide/plugins/com.st.stm32cube.ide.mcu.externaltools.gnu-tools-for-stm32.10.3-2021.10.linux64_1.0.200.202301161003/tools/bin/../lib/gcc/arm-none-eabi/10.3.1/thumb/v7e-m+fp/hard/crtbegin.o

.rodata         0x00000000080074fc      0x208
                0x00000000080074fc                . = ALIGN (0x4)
 *(.rodata)
 *(.rodata*)
 .rodata.update_green_DMA_addr.str1.1
                0x00000000080074fc       0x1f ./Core/Src/jeremy.o
 .rodata.jeremy_main.str1.1
                0x000000000800751b       0x65 ./Core/Src/jeremy.o
 .rodata.main.str1.1
                0x0000000008007580       0x4c ./Core/Src/main.o
 .rodata.str1.1
                0x00000000080075cc        0xc ./Core/Src/main.o
 .rodata.defaultTask_attributes
                0x00000000080075d8       0x24 ./Core/Src/main.o
                0x00000000080075d8                defaultTask_attributes
 .rodata.AHBPrescTable
                0x00000000080075fc       0x10 ./Core/Src/system_stm32g4xx.o
                0x00000000080075fc                AHBPrescTable
 .rodata.APBPrescTable
                0x000000000800760c        0x8 ./Core/Src/system_stm32g4xx.o
                0x000000000800760c                APBPrescTable
 .rodata.CSWTCH.65
                0x0000000008007614        0x3 ./Drivers/STM32G4xx_HAL_Driver/Src/stm32g4xx_hal_uart.o
 .rodata.CSWTCH.66
                0x0000000008007617        0xd ./Drivers/STM32G4xx_HAL_Driver/Src/stm32g4xx_hal_uart.o
 .rodata.UARTPrescTable
                0x0000000008007624       0x18 ./Drivers/STM32G4xx_HAL_Driver/Src/stm32g4xx_hal_uart.o
                0x0000000008007624                UARTPrescTable
 .rodata.denominator.0
                0x000000000800763c        0x8 ./Drivers/STM32G4xx_HAL_Driver/Src/stm32g4xx_hal_uart_ex.o
 .rodata.numerator.1
                0x0000000008007644        0x8 ./Drivers/STM32G4xx_HAL_Driver/Src/stm32g4xx_hal_uart_ex.o
 .rodata.denominator.0
                0x000000000800764c        0x8 ./Drivers/STM32G4xx_HAL_Driver/Src/stm32g4xx_hal_usart_ex.o
 .rodata.numerator.1
                0x0000000008007654        0x8 ./Drivers/STM32G4xx_HAL_Driver/Src/stm32g4xx_hal_usart_ex.o
 .rodata.vTaskStartScheduler.str1.1
                0x000000000800765c        0x5 ./Middlewares/Third_Party/FreeRTOS/Source/tasks.o
 .rodata.prvCheckForValidListAndQueue.str1.1
                0x0000000008007661        0x5 ./Middlewares/Third_Party/FreeRTOS/Source/timers.o
 .rodata.xTimerCreateTimerTask.str1.1
                0x0000000008007666        0x8 ./Middlewares/Third_Party/FreeRTOS/Source/timers.o
 *fill*         0x000000000800766e        0x2 
 .rodata.__sf_fake_stderr
                0x0000000008007670       0x20 /app/stm32cubeide/plugins/com.st.stm32cube.ide.mcu.externaltools.gnu-tools-for-stm32.10.3-2021.10.linux64_1.0.200.202301161003/tools/bin/../lib/gcc/arm-none-eabi/10.3.1/../../../../arm-none-eabi/lib/thumb/v7e-m+fp/hard/libc_nano.a(lib_a-findfp.o)
                0x0000000008007670                __sf_fake_stderr
 .rodata.__sf_fake_stdin
                0x0000000008007690       0x20 /app/stm32cubeide/plugins/com.st.stm32cube.ide.mcu.externaltools.gnu-tools-for-stm32.10.3-2021.10.linux64_1.0.200.202301161003/tools/bin/../lib/gcc/arm-none-eabi/10.3.1/../../../../arm-none-eabi/lib/thumb/v7e-m+fp/hard/libc_nano.a(lib_a-findfp.o)
                0x0000000008007690                __sf_fake_stdin
 .rodata.__sf_fake_stdout
                0x00000000080076b0       0x20 /app/stm32cubeide/plugins/com.st.stm32cube.ide.mcu.externaltools.gnu-tools-for-stm32.10.3-2021.10.linux64_1.0.200.202301161003/tools/bin/../lib/gcc/arm-none-eabi/10.3.1/../../../../arm-none-eabi/lib/thumb/v7e-m+fp/hard/libc_nano.a(lib_a-findfp.o)
                0x00000000080076b0                __sf_fake_stdout
 .rodata._svfprintf_r.str1.1
                0x00000000080076d0       0x11 /app/stm32cubeide/plugins/com.st.stm32cube.ide.mcu.externaltools.gnu-tools-for-stm32.10.3-2021.10.linux64_1.0.200.202301161003/tools/bin/../lib/gcc/arm-none-eabi/10.3.1/../../../../arm-none-eabi/lib/thumb/v7e-m+fp/hard/libc_nano.a(lib_a-nano-svfprintf.o)
 .rodata._printf_i.str1.1
                0x00000000080076e1       0x22 /app/stm32cubeide/plugins/com.st.stm32cube.ide.mcu.externaltools.gnu-tools-for-stm32.10.3-2021.10.linux64_1.0.200.202301161003/tools/bin/../lib/gcc/arm-none-eabi/10.3.1/../../../../arm-none-eabi/lib/thumb/v7e-m+fp/hard/libc_nano.a(lib_a-nano-vfprintf_i.o)
                0x0000000008007704                . = ALIGN (0x4)
 *fill*         0x0000000008007703        0x1 

.ARM.extab      0x0000000008007704        0x0
                0x0000000008007704                . = ALIGN (0x4)
 *(.ARM.extab* .gnu.linkonce.armextab.*)
                0x0000000008007704                . = ALIGN (0x4)

.ARM            0x0000000008007704        0x8
                0x0000000008007704                . = ALIGN (0x4)
                0x0000000008007704                __exidx_start = .
 *(.ARM.exidx*)
 .ARM.exidx     0x0000000008007704        0x8 /app/stm32cubeide/plugins/com.st.stm32cube.ide.mcu.externaltools.gnu-tools-for-stm32.10.3-2021.10.linux64_1.0.200.202301161003/tools/bin/../lib/gcc/arm-none-eabi/10.3.1/thumb/v7e-m+fp/hard/libgcc.a(_udivmoddi4.o)
                0x000000000800770c                __exidx_end = .
                0x000000000800770c                . = ALIGN (0x4)

.rel.dyn        0x000000000800770c        0x0
 .rel.iplt      0x000000000800770c        0x0 /app/stm32cubeide/plugins/com.st.stm32cube.ide.mcu.externaltools.gnu-tools-for-stm32.10.3-2021.10.linux64_1.0.200.202301161003/tools/bin/../lib/gcc/arm-none-eabi/10.3.1/thumb/v7e-m+fp/hard/crtbegin.o

.preinit_array  0x000000000800770c        0x0
                0x000000000800770c                . = ALIGN (0x4)
                0x000000000800770c                PROVIDE (__preinit_array_start = .)
 *(.preinit_array*)
                0x000000000800770c                PROVIDE (__preinit_array_end = .)
                0x000000000800770c                . = ALIGN (0x4)

.init_array     0x000000000800770c        0x4
                0x000000000800770c                . = ALIGN (0x4)
                0x000000000800770c                PROVIDE (__init_array_start = .)
 *(SORT_BY_NAME(.init_array.*))
 *(.init_array*)
 .init_array    0x000000000800770c        0x4 /app/stm32cubeide/plugins/com.st.stm32cube.ide.mcu.externaltools.gnu-tools-for-stm32.10.3-2021.10.linux64_1.0.200.202301161003/tools/bin/../lib/gcc/arm-none-eabi/10.3.1/thumb/v7e-m+fp/hard/crtbegin.o
                0x0000000008007710                PROVIDE (__init_array_end = .)
                0x0000000008007710                . = ALIGN (0x4)

.fini_array     0x0000000008007710        0x4
                0x0000000008007710                . = ALIGN (0x4)
                [!provide]                        PROVIDE (__fini_array_start = .)
 *(SORT_BY_NAME(.fini_array.*))
 *(.fini_array*)
 .fini_array    0x0000000008007710        0x4 /app/stm32cubeide/plugins/com.st.stm32cube.ide.mcu.externaltools.gnu-tools-for-stm32.10.3-2021.10.linux64_1.0.200.202301161003/tools/bin/../lib/gcc/arm-none-eabi/10.3.1/thumb/v7e-m+fp/hard/crtbegin.o
                [!provide]                        PROVIDE (__fini_array_end = .)
                0x0000000008007714                . = ALIGN (0x4)
                0x0000000008007714                _sidata = LOADADDR (.data)

.data           0x0000000020000000       0x8c load address 0x0000000008007714
                0x0000000020000000                . = ALIGN (0x4)
                0x0000000020000000                _sdata = .
 *(.data)
 *(.data*)
 .data.SystemCoreClock
                0x0000000020000000        0x4 ./Core/Src/system_stm32g4xx.o
                0x0000000020000000                SystemCoreClock
 .data.uwTickFreq
                0x0000000020000004        0x4 ./Drivers/STM32G4xx_HAL_Driver/Src/stm32g4xx_hal.o
                0x0000000020000004                uwTickFreq
 .data.uwTickPrio
                0x0000000020000008        0x4 ./Drivers/STM32G4xx_HAL_Driver/Src/stm32g4xx_hal.o
                0x0000000020000008                uwTickPrio
 .data.Stat     0x000000002000000c        0x1 ./FATFS/Target/user_diskio.o
 *fill*         0x000000002000000d        0x3 
 .data.USER_Driver
                0x0000000020000010       0x14 ./FATFS/Target/user_diskio.o
                0x0000000020000010                USER_Driver
 .data.uxCriticalNesting
                0x0000000020000024        0x4 ./Middlewares/Third_Party/FreeRTOS/Source/portable/GCC/ARM_CM4F/port.o
 .data._impure_ptr
                0x0000000020000028        0x4 /app/stm32cubeide/plugins/com.st.stm32cube.ide.mcu.externaltools.gnu-tools-for-stm32.10.3-2021.10.linux64_1.0.200.202301161003/tools/bin/../lib/gcc/arm-none-eabi/10.3.1/../../../../arm-none-eabi/lib/thumb/v7e-m+fp/hard/libc_nano.a(lib_a-impure.o)
                0x0000000020000028                _impure_ptr
 .data.impure_data
                0x000000002000002c       0x60 /app/stm32cubeide/plugins/com.st.stm32cube.ide.mcu.externaltools.gnu-tools-for-stm32.10.3-2021.10.linux64_1.0.200.202301161003/tools/bin/../lib/gcc/arm-none-eabi/10.3.1/../../../../arm-none-eabi/lib/thumb/v7e-m+fp/hard/libc_nano.a(lib_a-impure.o)
 *(.RamFunc)
 *(.RamFunc*)
                0x000000002000008c                . = ALIGN (0x4)
                0x000000002000008c                _edata = .

.igot.plt       0x000000002000008c        0x0 load address 0x00000000080077a0
 .igot.plt      0x000000002000008c        0x0 /app/stm32cubeide/plugins/com.st.stm32cube.ide.mcu.externaltools.gnu-tools-for-stm32.10.3-2021.10.linux64_1.0.200.202301161003/tools/bin/../lib/gcc/arm-none-eabi/10.3.1/thumb/v7e-m+fp/hard/crtbegin.o
                0x000000002000008c                . = ALIGN (0x4)

.bss            0x000000002000008c     0x2800 load address 0x00000000080077a0
                0x000000002000008c                _sbss = .
                0x000000002000008c                __bss_start__ = _sbss
 *(.bss)
 .bss           0x000000002000008c       0x1c /app/stm32cubeide/plugins/com.st.stm32cube.ide.mcu.externaltools.gnu-tools-for-stm32.10.3-2021.10.linux64_1.0.200.202301161003/tools/bin/../lib/gcc/arm-none-eabi/10.3.1/thumb/v7e-m+fp/hard/crtbegin.o
 *(.bss*)
 .bss.audio_dma_current_index
                0x00000000200000a8        0x4 ./Core/Src/jeremy.o
                0x00000000200000a8                audio_dma_current_index
 .bss.defaultTaskHandle
                0x00000000200000ac        0x4 ./Core/Src/main.o
                0x00000000200000ac                defaultTaskHandle
 .bss.hadc1     0x00000000200000b0       0x98 ./Core/Src/main.o
                0x00000000200000b0                hadc1
 .bss.hadc2     0x0000000020000148       0x98 ./Core/Src/main.o
                0x0000000020000148                hadc2
 .bss.hadc3     0x00000000200001e0       0x98 ./Core/Src/main.o
                0x00000000200001e0                hadc3
 .bss.hadc4     0x0000000020000278       0x98 ./Core/Src/main.o
                0x0000000020000278                hadc4
 .bss.hadc5     0x0000000020000310       0x98 ./Core/Src/main.o
                0x0000000020000310                hadc5
 .bss.hdac1     0x00000000200003a8       0x3c ./Core/Src/main.o
                0x00000000200003a8                hdac1
 .bss.hdac2     0x00000000200003e4       0x3c ./Core/Src/main.o
                0x00000000200003e4                hdac2
 .bss.hdac3     0x0000000020000420       0x3c ./Core/Src/main.o
                0x0000000020000420                hdac3
 .bss.hdac4     0x000000002000045c       0x3c ./Core/Src/main.o
                0x000000002000045c                hdac4
 .bss.hdma_dac1_ch1
                0x0000000020000498       0x60 ./Core/Src/main.o
                0x0000000020000498                hdma_dac1_ch1
 .bss.hopamp1   0x00000000200004f8       0x44 ./Core/Src/main.o
                0x00000000200004f8                hopamp1
 .bss.hopamp3   0x000000002000053c       0x44 ./Core/Src/main.o
                0x000000002000053c                hopamp3
 .bss.hopamp4   0x0000000020000580       0x44 ./Core/Src/main.o
                0x0000000020000580                hopamp4
 .bss.hopamp5   0x00000000200005c4       0x44 ./Core/Src/main.o
                0x00000000200005c4                hopamp5
 .bss.hopamp6   0x0000000020000608       0x44 ./Core/Src/main.o
                0x0000000020000608                hopamp6
 .bss.hqspi1    0x000000002000064c       0x7c ./Core/Src/main.o
                0x000000002000064c                hqspi1
 .bss.hspi2     0x00000000200006c8       0x8c ./Core/Src/main.o
                0x00000000200006c8                hspi2
 .bss.hspi3     0x0000000020000754       0x8c ./Core/Src/main.o
                0x0000000020000754                hspi3
 .bss.hspi4     0x00000000200007e0       0x8c ./Core/Src/main.o
                0x00000000200007e0                hspi4
 .bss.htim6     0x000000002000086c       0xcc ./Core/Src/main.o
                0x000000002000086c                htim6
 .bss.huart5    0x0000000020000938       0xcc ./Core/Src/main.o
                0x0000000020000938                huart5
 .bss.husart3   0x0000000020000a04       0x8c ./Core/Src/main.o
                0x0000000020000a04                husart3
 .bss.threads.0
                0x0000000020000a90      0x2f0 ./Core/Src/main.o
 .bss.HAL_RCC_ADC12_CLK_ENABLED
                0x0000000020000d80        0x4 ./Core/Src/stm32g4xx_hal_msp.o
 .bss.HAL_RCC_ADC345_CLK_ENABLED
                0x0000000020000d84        0x4 ./Core/Src/stm32g4xx_hal_msp.o
 .bss.htim7     0x0000000020000d88       0xcc ./Core/Src/stm32g4xx_hal_timebase_tim.o
                0x0000000020000d88                htim7
 .bss.__sbrk_heap_end
                0x0000000020000e54        0x4 ./Core/Src/sysmem.o
 .bss.uwTick    0x0000000020000e58        0x4 ./Drivers/STM32G4xx_HAL_Driver/Src/stm32g4xx_hal.o
                0x0000000020000e58                uwTick
 .bss.Appli_state
                0x0000000020000e5c        0x1 ./FATFS/App/app_fatfs.o
                0x0000000020000e5c                Appli_state
 .bss.USERPath  0x0000000020000e5d        0x4 ./FATFS/App/app_fatfs.o
                0x0000000020000e5d                USERPath
 *fill*         0x0000000020000e61        0x3 
 .bss.disk      0x0000000020000e64        0xc ./Middlewares/Third_Party/FatFs/src/ff_gen_drv.o
                0x0000000020000e64                disk
 .bss.Idle_Stack.2
                0x0000000020000e70      0x200 ./Middlewares/Third_Party/FreeRTOS/Source/CMSIS_RTOS_V2/cmsis_os2.o
 .bss.Idle_TCB.3
                0x0000000020001070       0xbc ./Middlewares/Third_Party/FreeRTOS/Source/CMSIS_RTOS_V2/cmsis_os2.o
 .bss.KernelState
                0x000000002000112c        0x4 ./Middlewares/Third_Party/FreeRTOS/Source/CMSIS_RTOS_V2/cmsis_os2.o
 .bss.Timer_Stack.0
                0x0000000020001130      0x400 ./Middlewares/Third_Party/FreeRTOS/Source/CMSIS_RTOS_V2/cmsis_os2.o
 .bss.Timer_TCB.1
                0x0000000020001530       0xbc ./Middlewares/Third_Party/FreeRTOS/Source/CMSIS_RTOS_V2/cmsis_os2.o
 .bss.xQueueRegistry
                0x00000000200015ec       0x40 ./Middlewares/Third_Party/FreeRTOS/Source/queue.o
                0x00000000200015ec                xQueueRegistry
 .bss.pxCurrentTCB
                0x000000002000162c        0x4 ./Middlewares/Third_Party/FreeRTOS/Source/tasks.o
                0x000000002000162c                pxCurrentTCB
 .bss.pxDelayedTaskList
                0x0000000020001630        0x4 ./Middlewares/Third_Party/FreeRTOS/Source/tasks.o
 .bss.pxOverflowDelayedTaskList
                0x0000000020001634        0x4 ./Middlewares/Third_Party/FreeRTOS/Source/tasks.o
 .bss.pxReadyTasksLists
                0x0000000020001638      0x460 ./Middlewares/Third_Party/FreeRTOS/Source/tasks.o
 .bss.uxCurrentNumberOfTasks
                0x0000000020001a98        0x4 ./Middlewares/Third_Party/FreeRTOS/Source/tasks.o
 .bss.uxDeletedTasksWaitingCleanUp
                0x0000000020001a9c        0x4 ./Middlewares/Third_Party/FreeRTOS/Source/tasks.o
 .bss.uxSchedulerSuspended
                0x0000000020001aa0        0x4 ./Middlewares/Third_Party/FreeRTOS/Source/tasks.o
 .bss.uxTaskNumber
                0x0000000020001aa4        0x4 ./Middlewares/Third_Party/FreeRTOS/Source/tasks.o
 .bss.uxTopReadyPriority
                0x0000000020001aa8        0x4 ./Middlewares/Third_Party/FreeRTOS/Source/tasks.o
 .bss.xDelayedTaskList1
                0x0000000020001aac       0x14 ./Middlewares/Third_Party/FreeRTOS/Source/tasks.o
 .bss.xDelayedTaskList2
                0x0000000020001ac0       0x14 ./Middlewares/Third_Party/FreeRTOS/Source/tasks.o
 .bss.xNextTaskUnblockTime
                0x0000000020001ad4        0x4 ./Middlewares/Third_Party/FreeRTOS/Source/tasks.o