Archive member included to satisfy reference by file (symbol)

/app/stm32cubeide/plugins/com.st.stm32cube.ide.mcu.externaltools.gnu-tools-for-stm32.10.3-2021.10.linux64_1.0.200.202301161003/tools/bin/../lib/gcc/arm-none-eabi/10.3.1/../../../../arm-none-eabi/lib/thumb/v7e-m+fp/hard/libc_nano.a(lib_a-errno.o)
                              ./Core/Src/syscalls.o (__errno)
/app/stm32cubeide/plugins/com.st.stm32cube.ide.mcu.externaltools.gnu-tools-for-stm32.10.3-2021.10.linux64_1.0.200.202301161003/tools/bin/../lib/gcc/arm-none-eabi/10.3.1/../../../../arm-none-eabi/lib/thumb/v7e-m+fp/hard/libc_nano.a(lib_a-exit.o)
                              /app/stm32cubeide/plugins/com.st.stm32cube.ide.mcu.externaltools.gnu-tools-for-stm32.10.3-2021.10.linux64_1.0.200.202301161003/tools/bin/../lib/gcc/arm-none-eabi/10.3.1/../../../../arm-none-eabi/lib/thumb/v7e-m+fp/hard/crt0.o (exit)
/app/stm32cubeide/plugins/com.st.stm32cube.ide.mcu.externaltools.gnu-tools-for-stm32.10.3-2021.10.linux64_1.0.200.202301161003/tools/bin/../lib/gcc/arm-none-eabi/10.3.1/../../../../arm-none-eabi/lib/thumb/v7e-m+fp/hard/libc_nano.a(lib_a-findfp.o)
                              ./Middlewares/Third_Party/FreeRTOS/Source/tasks.o (__sf_fake_stderr)
/app/stm32cubeide/plugins/com.st.stm32cube.ide.mcu.externaltools.gnu-tools-for-stm32.10.3-2021.10.linux64_1.0.200.202301161003/tools/bin/../lib/gcc/arm-none-eabi/10.3.1/../../../../arm-none-eabi/lib/thumb/v7e-m+fp/hard/libc_nano.a(lib_a-fwalk.o)
                              /app/stm32cubeide/plugins/com.st.stm32cube.ide.mcu.externaltools.gnu-tools-for-stm32.10.3-2021.10.linux64_1.0.200.202301161003/tools/bin/../lib/gcc/arm-none-eabi/10.3.1/../../../../arm-none-eabi/lib/thumb/v7e-m+fp/hard/libc_nano.a(lib_a-findfp.o) (_fwalk)
/app/stm32cubeide/plugins/com.st.stm32cube.ide.mcu.externaltools.gnu-tools-for-stm32.10.3-2021.10.linux64_1.0.200.202301161003/tools/bin/../lib/gcc/arm-none-eabi/10.3.1/../../../../arm-none-eabi/lib/thumb/v7e-m+fp/hard/libc_nano.a(lib_a-impure.o)
                              /app/stm32cubeide/plugins/com.st.stm32cube.ide.mcu.externaltools.gnu-tools-for-stm32.10.3-2021.10.linux64_1.0.200.202301161003/tools/bin/../lib/gcc/arm-none-eabi/10.3.1/../../../../arm-none-eabi/lib/thumb/v7e-m+fp/hard/libc_nano.a(lib_a-exit.o) (_global_impure_ptr)
/app/stm32cubeide/plugins/com.st.stm32cube.ide.mcu.externaltools.gnu-tools-for-stm32.10.3-2021.10.linux64_1.0.200.202301161003/tools/bin/../lib/gcc/arm-none-eabi/10.3.1/../../../../arm-none-eabi/lib/thumb/v7e-m+fp/hard/libc_nano.a(lib_a-init.o)
                              /app/stm32cubeide/plugins/com.st.stm32cube.ide.mcu.externaltools.gnu-tools-for-stm32.10.3-2021.10.linux64_1.0.200.202301161003/tools/bin/../lib/gcc/arm-none-eabi/10.3.1/../../../../arm-none-eabi/lib/thumb/v7e-m+fp/hard/crt0.o (__libc_init_array)
/app/stm32cubeide/plugins/com.st.stm32cube.ide.mcu.externaltools.gnu-tools-for-stm32.10.3-2021.10.linux64_1.0.200.202301161003/tools/bin/../lib/gcc/arm-none-eabi/10.3.1/../../../../arm-none-eabi/lib/thumb/v7e-m+fp/hard/libc_nano.a(lib_a-lock.o)
                              /app/stm32cubeide/plugins/com.st.stm32cube.ide.mcu.externaltools.gnu-tools-for-stm32.10.3-2021.10.linux64_1.0.200.202301161003/tools/bin/../lib/gcc/arm-none-eabi/10.3.1/../../../../arm-none-eabi/lib/thumb/v7e-m+fp/hard/libc_nano.a(lib_a-findfp.o) (__retarget_lock_init_recursive)
/app/stm32cubeide/plugins/com.st.stm32cube.ide.mcu.externaltools.gnu-tools-for-stm32.10.3-2021.10.linux64_1.0.200.202301161003/tools/bin/../lib/gcc/arm-none-eabi/10.3.1/../../../../arm-none-eabi/lib/thumb/v7e-m+fp/hard/libc_nano.a(lib_a-memcpy-stub.o)
                              ./Middlewares/Third_Party/FreeRTOS/Source/CMSIS_RTOS_V2/cmsis_os2.o (memcpy)
/app/stm32cubeide/plugins/com.st.stm32cube.ide.mcu.externaltools.gnu-tools-for-stm32.10.3-2021.10.linux64_1.0.200.202301161003/tools/bin/../lib/gcc/arm-none-eabi/10.3.1/../../../../arm-none-eabi/lib/thumb/v7e-m+fp/hard/libc_nano.a(lib_a-memset.o)
                              /app/stm32cubeide/plugins/com.st.stm32cube.ide.mcu.externaltools.gnu-tools-for-stm32.10.3-2021.10.linux64_1.0.200.202301161003/tools/bin/../lib/gcc/arm-none-eabi/10.3.1/../../../../arm-none-eabi/lib/thumb/v7e-m+fp/hard/crt0.o (memset)
/app/stm32cubeide/plugins/com.st.stm32cube.ide.mcu.externaltools.gnu-tools-for-stm32.10.3-2021.10.linux64_1.0.200.202301161003/tools/bin/../lib/gcc/arm-none-eabi/10.3.1/../../../../arm-none-eabi/lib/thumb/v7e-m+fp/hard/libc_nano.a(lib_a-nano-mallocr.o)
                              /app/stm32cubeide/plugins/com.st.stm32cube.ide.mcu.externaltools.gnu-tools-for-stm32.10.3-2021.10.linux64_1.0.200.202301161003/tools/bin/../lib/gcc/arm-none-eabi/10.3.1/../../../../arm-none-eabi/lib/thumb/v7e-m+fp/hard/libc_nano.a(lib_a-findfp.o) (_malloc_r)
[...]
Memory Configuration

Name             Origin             Length             Attributes
RAM              0x0000000020000000 0x0000000000004000 xrw
SRAM1_LOW        0x0000000020004000 0x0000000000004000 xrw
SRAM1_UPPER      0x0000000020008000 0x000000000000c000 xrw
SRAM2            0x0000000020014000 0x0000000000004000 xrw
CCM_SRAM_ALL     0x0000000020018000 0x0000000000008000 xrw
FLASH            0x0000000008000000 0x0000000000080000 xr
*default*        0x0000000000000000 0xffffffffffffffff

Linker script and memory map

LOAD /app/stm32cubeide/plugins/com.st.stm32cube.ide.mcu.externaltools.gnu-tools-for-stm32.10.3-2021.10.linux64_1.0.200.202301161003/tools/bin/../lib/gcc/arm-none-eabi/10.3.1/thumb/v7e-m+fp/hard/crti.o
LOAD /app/stm32cubeide/plugins/com.st.stm32cube.ide.mcu.externaltools.gnu-tools-for-stm32.10.3-2021.10.linux64_1.0.200.202301161003/tools/bin/../lib/gcc/arm-none-eabi/10.3.1/thumb/v7e-m+fp/hard/crtbegin.o
LOAD /app/stm32cubeide/plugins/com.st.stm32cube.ide.mcu.externaltools.gnu-tools-for-stm32.10.3-2021.10.linux64_1.0.200.202301161003/tools/bin/../lib/gcc/arm-none-eabi/10.3.1/../../../../arm-none-eabi/lib/thumb/v7e-m+fp/hard/crt0.o
LOAD ./Core/Src/app_freertos.o
LOAD ./Core/Src/braeden.o
LOAD ./Core/Src/bryant.o
LOAD ./Core/Src/fonts.o
LOAD ./Core/Src/ili9341.o
LOAD ./Core/Src/ili9341_touch.o
LOAD ./Core/Src/jeremy.o
LOAD ./Core/Src/main.o
LOAD ./Core/Src/stm32g4xx_hal_msp.o
LOAD ./Core/Src/stm32g4xx_hal_timebase_tim.o
LOAD ./Core/Src/stm32g4xx_it.o
LOAD ./Core/Src/syscalls.o
LOAD ./Core/Src/sysmem.o
LOAD ./Core/Src/system_stm32g4xx.o
LOAD ./Core/Startup/startup_stm32g474vehx.o
LOAD ./Drivers/STM32G4xx_HAL_Driver/Src/stm32g4xx_hal.o
LOAD ./Drivers/STM32G4xx_HAL_Driver/Src/stm32g4xx_hal_adc.o
LOAD ./Drivers/STM32G4xx_HAL_Driver/Src/stm32g4xx_hal_adc_ex.o
LOAD ./Drivers/STM32G4xx_HAL_Driver/Src/stm32g4xx_hal_cortex.o
LOAD ./Drivers/STM32G4xx_HAL_Driver/Src/stm32g4xx_hal_dac.o
LOAD ./Drivers/STM32G4xx_HAL_Driver/Src/stm32g4xx_hal_dac_ex.o
LOAD ./Drivers/STM32G4xx_HAL_Driver/Src/stm32g4xx_hal_dma.o
LOAD ./Drivers/STM32G4xx_HAL_Driver/Src/stm32g4xx_hal_dma_ex.o
LOAD ./Drivers/STM32G4xx_HAL_Driver/Src/stm32g4xx_hal_exti.o
LOAD ./Drivers/STM32G4xx_HAL_Driver/Src/stm32g4xx_hal_flash.o
LOAD ./Drivers/STM32G4xx_HAL_Driver/Src/stm32g4xx_hal_flash_ex.o
LOAD ./Drivers/STM32G4xx_HAL_Driver/Src/stm32g4xx_hal_flash_ramfunc.o
LOAD ./Drivers/STM32G4xx_HAL_Driver/Src/stm32g4xx_hal_gpio.o
LOAD ./Drivers/STM32G4xx_HAL_Driver/Src/stm32g4xx_hal_opamp.o
LOAD ./Drivers/STM32G4xx_HAL_Driver/Src/stm32g4xx_hal_opamp_ex.o
LOAD ./Drivers/STM32G4xx_HAL_Driver/Src/stm32g4xx_hal_pwr.o
LOAD ./Drivers/STM32G4xx_HAL_Driver/Src/stm32g4xx_hal_pwr_ex.o
LOAD ./Drivers/STM32G4xx_HAL_Driver/Src/stm32g4xx_hal_qspi.o
LOAD ./Drivers/STM32G4xx_HAL_Driver/Src/stm32g4xx_hal_rcc.o
LOAD ./Drivers/STM32G4xx_HAL_Driver/Src/stm32g4xx_hal_rcc_ex.o
LOAD ./Drivers/STM32G4xx_HAL_Driver/Src/stm32g4xx_hal_spi.o
LOAD ./Drivers/STM32G4xx_HAL_Driver/Src/stm32g4xx_hal_spi_ex.o
LOAD ./Drivers/STM32G4xx_HAL_Driver/Src/stm32g4xx_hal_tim.o
LOAD ./Drivers/STM32G4xx_HAL_Driver/Src/stm32g4xx_hal_tim_ex.o
LOAD ./Drivers/STM32G4xx_HAL_Driver/Src/stm32g4xx_hal_uart.o
LOAD ./Drivers/STM32G4xx_HAL_Driver/Src/stm32g4xx_hal_uart_ex.o
LOAD ./Drivers/STM32G4xx_HAL_Driver/Src/stm32g4xx_hal_usart.o
LOAD ./Drivers/STM32G4xx_HAL_Driver/Src/stm32g4xx_hal_usart_ex.o
LOAD ./Drivers/STM32G4xx_HAL_Driver/Src/stm32g4xx_ll_adc.o
LOAD ./FATFS/App/app_fatfs.o
LOAD ./FATFS/Target/user_diskio.o
LOAD ./FATFS/Target/user_diskio_spi.o
LOAD ./Middlewares/Third_Party/FatFs/src/diskio.o
LOAD ./Middlewares/Third_Party/FatFs/src/ff.o
LOAD ./Middlewares/Third_Party/FatFs/src/ff_gen_drv.o
LOAD ./Middlewares/Third_Party/FatFs/src/option/syscall.o
LOAD ./Middlewares/Third_Party/FreeRTOS/Source/CMSIS_RTOS_V2/cmsis_os2.o
LOAD ./Middlewares/Third_Party/FreeRTOS/Source/croutine.o
LOAD ./Middlewares/Third_Party/FreeRTOS/Source/event_groups.o
LOAD ./Middlewares/Third_Party/FreeRTOS/Source/list.o
LOAD ./Middlewares/Third_Party/FreeRTOS/Source/queue.o
LOAD ./Middlewares/Third_Party/FreeRTOS/Source/stream_buffer.o
LOAD ./Middlewares/Third_Party/FreeRTOS/Source/tasks.o
LOAD ./Middlewares/Third_Party/FreeRTOS/Source/timers.o
LOAD ./Middlewares/Third_Party/FreeRTOS/Source/portable/GCC/ARM_CM4F/port.o
LOAD ./Middlewares/Third_Party/FreeRTOS/Source/portable/MemMang/heap_4.o
START GROUP
LOAD /app/stm32cubeide/plugins/com.st.stm32cube.ide.mcu.externaltools.gnu-tools-for-stm32.10.3-2021.10.linux64_1.0.200.202301161003/tools/bin/../lib/gcc/arm-none-eabi/10.3.1/../../../../arm-none-eabi/lib/thumb/v7e-m+fp/hard/libc_nano.a
LOAD /app/stm32cubeide/plugins/com.st.stm32cube.ide.mcu.externaltools.gnu-tools-for-stm32.10.3-2021.10.linux64_1.0.200.202301161003/tools/bin/../lib/gcc/arm-none-eabi/10.3.1/../../../../arm-none-eabi/lib/thumb/v7e-m+fp/hard/libm.a
END GROUP
START GROUP
LOAD /app/stm32cubeide/plugins/com.st.stm32cube.ide.mcu.externaltools.gnu-tools-for-stm32.10.3-2021.10.linux64_1.0.200.202301161003/tools/bin/../lib/gcc/arm-none-eabi/10.3.1/thumb/v7e-m+fp/hard/libgcc.a
LOAD /app/stm32cubeide/plugins/com.st.stm32cube.ide.mcu.externaltools.gnu-tools-for-stm32.10.3-2021.10.linux64_1.0.200.202301161003/tools/bin/../lib/gcc/arm-none-eabi/10.3.1/../../../../arm-none-eabi/lib/thumb/v7e-m+fp/hard/libc_nano.a
END GROUP
START GROUP
LOAD /app/stm32cubeide/plugins/com.st.stm32cube.ide.mcu.externaltools.gnu-tools-for-stm32.10.3-2021.10.linux64_1.0.200.202301161003/tools/bin/../lib/gcc/arm-none-eabi/10.3.1/thumb/v7e-m+fp/hard/libgcc.a
LOAD /app/stm32cubeide/plugins/com.st.stm32cube.ide.mcu.externaltools.gnu-tools-for-stm32.10.3-2021.10.linux64_1.0.200.202301161003/tools/bin/../lib/gcc/arm-none-eabi/10.3.1/../../../../arm-none-eabi/lib/thumb/v7e-m+fp/hard/libc_nano.a
LOAD /app/stm32cubeide/plugins/com.st.stm32cube.ide.mcu.externaltools.gnu-tools-for-stm32.10.3-2021.10.linux64_1.0.200.202301161003/tools/bin/../lib/gcc/arm-none-eabi/10.3.1/../../../../arm-none-eabi/lib/thumb/v7e-m+fp/hard/libnosys.a
END GROUP
START GROUP
LOAD /app/stm32cubeide/plugins/com.st.stm32cube.ide.mcu.externaltools.gnu-tools-for-stm32.10.3-2021.10.linux64_1.0.200.202301161003/tools/bin/../lib/gcc/arm-none-eabi/10.3.1/thumb/v7e-m+fp/hard/libgcc.a
LOAD /app/stm32cubeide/plugins/com.st.stm32cube.ide.mcu.externaltools.gnu-tools-for-stm32.10.3-2021.10.linux64_1.0.200.202301161003/tools/bin/../lib/gcc/arm-none-eabi/10.3.1/../../../../arm-none-eabi/lib/thumb/v7e-m+fp/hard/libc_nano.a
LOAD /app/stm32cubeide/plugins/com.st.stm32cube.ide.mcu.externaltools.gnu-tools-for-stm32.10.3-2021.10.linux64_1.0.200.202301161003/tools/bin/../lib/gcc/arm-none-eabi/10.3.1/../../../../arm-none-eabi/lib/thumb/v7e-m+fp/hard/libnosys.a
END GROUP
LOAD /app/stm32cubeide/plugins/com.st.stm32cube.ide.mcu.externaltools.gnu-tools-for-stm32.10.3-2021.10.linux64_1.0.200.202301161003/tools/bin/../lib/gcc/arm-none-eabi/10.3.1/thumb/v7e-m+fp/hard/crtend.o
LOAD /app/stm32cubeide/plugins/com.st.stm32cube.ide.mcu.externaltools.gnu-tools-for-stm32.10.3-2021.10.linux64_1.0.200.202301161003/tools/bin/../lib/gcc/arm-none-eabi/10.3.1/thumb/v7e-m+fp/hard/crtn.o
                0x0000000020004000                _estack = (ORIGIN (RAM) + LENGTH (RAM))
                0x0000000000000200                _Min_Heap_Size = 0x200
                0x0000000000000400                _Min_Stack_Size = 0x400

.sram1_low      0x0000000020004000     0x4000
                0x0000000020004000                . = ALIGN (0x4)
 *(.sram1_low)
 .sram1_low     0x0000000020004000     0x4000 ./Core/Src/main.o
                0x0000000020004000                wyatt_memspace
                0x0000000020005000                bryant_memspace
                0x0000000020006000                braeden_memspace
                0x0000000020007000                jeremy_memspace
                0x0000000020008000                . = ALIGN (0x4)

.sram1_upper    0x0000000020008000     0xc000
                0x0000000020008000                . = ALIGN (0x4)
 *(.sram1_upper)
 .sram1_upper   0x0000000020008000     0xc000 ./Core/Src/main.o
                0x0000000020008000                audio_buffer
                0x0000000020014000                . = ALIGN (0x4)

.sram2          0x0000000020014000        0x0
                0x0000000020014000                . = ALIGN (0x4)
 *(.sram2)
                0x0000000020014000                . = ALIGN (0x4)

.ccm_sram_all   0x0000000020018000        0x0
                0x0000000020018000                . = ALIGN (0x4)
 *(.ccm_sram_all)
                0x0000000020018000                . = ALIGN (0x4)

.isr_vector     0x0000000008000000      0x1d8
                0x0000000008000000                . = ALIGN (0x4)
 *(.isr_vector)
 .isr_vector    0x0000000008000000      0x1d8 ./Core/Startup/startup_stm32g474vehx.o
                0x0000000008000000                g_pfnVectors
                0x00000000080001d8                . = ALIGN (0x4)

.text           0x00000000080001e0    0x1010c
                0x00000000080001e0                . = ALIGN (0x4)
 *(.text)
 .text          0x00000000080001e0       0x40 /app/stm32cubeide/plugins/com.st.stm32cube.ide.mcu.externaltools.gnu-tools-for-stm32.10.3-2021.10.linux64_1.0.200.202301161003/tools/bin/../lib/gcc/arm-none-eabi/10.3.1/thumb/v7e-m+fp/hard/crtbegin.o
 .text          0x0000000008000220       0x10 /app/stm32cubeide/plugins/com.st.stm32cube.ide.mcu.externaltools.gnu-tools-for-stm32.10.3-2021.10.linux64_1.0.200.202301161003/tools/bin/../lib/gcc/arm-none-eabi/10.3.1/../../../../arm-none-eabi/lib/thumb/v7e-m+fp/hard/libc_nano.a(lib_a-strlen.o)
                0x0000000008000220                strlen
 .text          0x0000000008000230       0xa0 /app/stm32cubeide/plugins/com.st.stm32cube.ide.mcu.externaltools.gnu-tools-for-stm32.10.3-2021.10.linux64_1.0.200.202301161003/tools/bin/../lib/gcc/arm-none-eabi/10.3.1/../../../../arm-none-eabi/lib/thumb/v7e-m+fp/hard/libc_nano.a(lib_a-memchr.o)
                0x0000000008000230                memchr
 .text          0x00000000080002d0       0x30 /app/stm32cubeide/plugins/com.st.stm32cube.ide.mcu.externaltools.gnu-tools-for-stm32.10.3-2021.10.linux64_1.0.200.202301161003/tools/bin/../lib/gcc/arm-none-eabi/10.3.1/thumb/v7e-m+fp/hard/libgcc.a(_aeabi_uldivmod.o)
                0x00000000080002d0                __aeabi_uldivmod
 .text          0x0000000008000300      0x2d0 /app/stm32cubeide/plugins/com.st.stm32cube.ide.mcu.externaltools.gnu-tools-for-stm32.10.3-2021.10.linux64_1.0.200.202301161003/tools/bin/../lib/gcc/arm-none-eabi/10.3.1/thumb/v7e-m+fp/hard/libgcc.a(_udivmoddi4.o)
                0x0000000008000300                __udivmoddi4
 .text          0x00000000080005d0        0x4 /app/stm32cubeide/plugins/com.st.stm32cube.ide.mcu.externaltools.gnu-tools-for-stm32.10.3-2021.10.linux64_1.0.200.202301161003/tools/bin/../lib/gcc/arm-none-eabi/10.3.1/thumb/v7e-m+fp/hard/libgcc.a(_dvmd_tls.o)
                0x00000000080005d0                __aeabi_ldiv0
                0x00000000080005d0                __aeabi_idiv0
 *(.text*)
 .text.braeden_main
                0x00000000080005d4       0x22 ./Core/Src/braeden.o
                0x00000000080005d4                braeden_main
 *fill*         0x00000000080005f6        0x2 
 .text.setSampleRate
                0x00000000080005f8       0x98 ./Core/Src/bryant.o
 .text.val2Dac8
                0x0000000008000690       0x1e ./Core/Src/bryant.o
 .text.val2Dac16
                0x00000000080006ae       0x2c ./Core/Src/bryant.o
 .text.prepareDACBuffer_8Bit
                0x00000000080006da       0x76 ./Core/Src/bryant.o
 .text.prepareDACBuffer_16Bit
                0x0000000008000750       0x78 ./Core/Src/bryant.o
 .text.outputSamples
                0x00000000080007c8      0x14c ./Core/Src/bryant.o
 .text.isSupprtedWavFile
                0x0000000008000914       0x58 ./Core/Src/bryant.o
 .text.playWavFile
                0x000000000800096c       0xbc ./Core/Src/bryant.o
 .text.bryant_main
                0x0000000008000a28       0xe4 ./Core/Src/bryant.o
                0x0000000008000a28                bryant_main
 .text.update_green_DMA_addr
                0x0000000008000b0c       0x74 ./Core/Src/jeremy.o
                0x0000000008000b0c                update_green_DMA_addr
 .text.jeremy_main
                0x0000000008000b80      0x164 ./Core/Src/jeremy.o
                0x0000000008000b80                jeremy_main
 .text.wyatt_main
                0x0000000008000ce4       0x16 ./Core/Src/main.o
                0x0000000008000ce4                wyatt_main
 *fill*         0x0000000008000cfa        0x2 
 .text.main     0x0000000008000cfc      0x154 ./Core/Src/main.o
                0x0000000008000cfc                main
 .text.SystemClock_Config
                0x0000000008000e50       0xa0 ./Core/Src/main.o
                0x0000000008000e50                SystemClock_Config
 .text.MX_ADC1_Init
                0x0000000008000ef0       0xf0 ./Core/Src/main.o
 .text.MX_ADC2_Init
                0x0000000008000fe0       0xcc ./Core/Src/main.o
 .text.MX_ADC3_Init
                0x00000000080010ac       0xf0 ./Core/Src/main.o
 .text.MX_ADC4_Init
                0x000000000800119c       0xcc ./Core/Src/main.o
 .text.MX_ADC5_Init
                0x0000000008001268       0xcc ./Core/Src/main.o
 .text.MX_DAC1_Init
                0x0000000008001334       0x88 ./Core/Src/main.o
 .text.MX_DAC2_Init
                0x00000000080013bc       0x74 ./Core/Src/main.o
 .text.MX_DAC3_Init
                0x0000000008001430       0x88 ./Core/Src/main.o
 .text.MX_DAC4_Init
                0x00000000080014b8       0x88 ./Core/Src/main.o
 .text.MX_OPAMP1_Init
                0x0000000008001540       0x4c ./Core/Src/main.o
 .text.MX_OPAMP3_Init
                0x000000000800158c       0x4c ./Core/Src/main.o
 .text.MX_OPAMP4_Init
                0x00000000080015d8       0x4c ./Core/Src/main.o
 .text.MX_OPAMP5_Init
                0x0000000008001624       0x4c ./Core/Src/main.o
 .text.MX_OPAMP6_Init
                0x0000000008001670       0x4c ./Core/Src/main.o
 .text.MX_QUADSPI1_Init
                0x00000000080016bc       0x50 ./Core/Src/main.o
 .text.MX_SPI2_Init
                0x000000000800170c       0x7c ./Core/Src/main.o
 .text.MX_SPI3_Init
                0x0000000008001788       0x7c ./Core/Src/main.o
 .text.MX_SPI4_Init
                0x0000000008001804       0x7c ./Core/Src/main.o
 .text.MX_TIM2_Init
                0x0000000008001880       0x9c ./Core/Src/main.o
 .text.MX_TIM6_Init
                0x000000000800191c       0x6c ./Core/Src/main.o
 .text.MX_UART5_Init
                0x0000000008001988       0xa0 ./Core/Src/main.o
 .text.MX_USART3_Init
                0x0000000008001a28       0x9c ./Core/Src/main.o
 .text.MX_DMA_Init
                0x0000000008001ac4       0x54 ./Core/Src/main.o
 .text.MX_GPIO_Init
                0x0000000008001b18      0x1b8 ./Core/Src/main.o
 .text.StartDefaultTask
                0x0000000008001cd0       0x10 ./Core/Src/main.o
                0x0000000008001cd0                StartDefaultTask
 .text.HAL_TIM_PeriodElapsedCallback
                0x0000000008001ce0       0xb4 ./Core/Src/main.o
                0x0000000008001ce0                HAL_TIM_PeriodElapsedCallback
 .text.Error_Handler
                0x0000000008001d94        0xa ./Core/Src/main.o
                0x0000000008001d94                Error_Handler
 *fill*         0x0000000008001d9e        0x2 
 .text.HAL_MspInit
                0x0000000008001da0       0x50 ./Core/Src/stm32g4xx_hal_msp.o
                0x0000000008001da0                HAL_MspInit
 .text.HAL_ADC_MspInit
                0x0000000008001df0      0x39c ./Core/Src/stm32g4xx_hal_msp.o
                0x0000000008001df0                HAL_ADC_MspInit
 .text.HAL_DAC_MspInit
                0x000000000800218c      0x1c8 ./Core/Src/stm32g4xx_hal_msp.o
                0x000000000800218c                HAL_DAC_MspInit
 .text.HAL_OPAMP_MspInit
                0x0000000008002354      0x170 ./Core/Src/stm32g4xx_hal_msp.o
                0x0000000008002354                HAL_OPAMP_MspInit
 .text.HAL_QSPI_MspInit
                0x00000000080024c4      0x130 ./Core/Src/stm32g4xx_hal_msp.o
                0x00000000080024c4                HAL_QSPI_MspInit
 .text.HAL_SPI_MspInit
                0x00000000080025f4      0x1c8 ./Core/Src/stm32g4xx_hal_msp.o
                0x00000000080025f4                HAL_SPI_MspInit
 .text.HAL_TIM_Base_MspInit
                0x00000000080027bc       0x4c ./Core/Src/stm32g4xx_hal_msp.o
                0x00000000080027bc                HAL_TIM_Base_MspInit
 .text.HAL_UART_MspInit
                0x0000000008002808       0xf0 ./Core/Src/stm32g4xx_hal_msp.o
                0x0000000008002808                HAL_UART_MspInit
 .text.HAL_USART_MspInit
                0x00000000080028f8       0xf0 ./Core/Src/stm32g4xx_hal_msp.o
                0x00000000080028f8                HAL_USART_MspInit
 .text.HAL_InitTick
                0x00000000080029e8       0xd8 ./Core/Src/stm32g4xx_hal_timebase_tim.o
                0x00000000080029e8                HAL_InitTick
 .text.NMI_Handler
                0x0000000008002ac0        0xa ./Core/Src/stm32g4xx_it.o
                0x0000000008002ac0                NMI_Handler
 .text.HardFault_Handler
                0x0000000008002aca        0x6 ./Core/Src/stm32g4xx_it.o
                0x0000000008002aca                HardFault_Handler
 .text.MemManage_Handler
                0x0000000008002ad0        0x6 ./Core/Src/stm32g4xx_it.o
                0x0000000008002ad0                MemManage_Handler
 .text.BusFault_Handler
                0x0000000008002ad6        0x6 ./Core/Src/stm32g4xx_it.o
                0x0000000008002ad6                BusFault_Handler
 .text.UsageFault_Handler
                0x0000000008002adc        0x6 ./Core/Src/stm32g4xx_it.o
                0x0000000008002adc                UsageFault_Handler
 .text.DebugMon_Handler
                0x0000000008002ae2        0xe ./Core/Src/stm32g4xx_it.o
                0x0000000008002ae2                DebugMon_Handler
 .text.DMA1_Channel1_IRQHandler
                0x0000000008002af0       0x14 ./Core/Src/stm32g4xx_it.o
                0x0000000008002af0                DMA1_Channel1_IRQHandler
 .text.TIM6_DAC_IRQHandler
                0x0000000008002b04       0x28 ./Core/Src/stm32g4xx_it.o
                0x0000000008002b04                TIM6_DAC_IRQHandler
 .text.TIM7_DAC_IRQHandler
                0x0000000008002b2c       0x28 ./Core/Src/stm32g4xx_it.o
                0x0000000008002b2c                TIM7_DAC_IRQHandler
 .text._sbrk    0x0000000008002b54       0x6c ./Core/Src/sysmem.o
                0x0000000008002b54                _sbrk
 .text.SystemInit
                0x0000000008002bc0       0x24 ./Core/Src/system_stm32g4xx.o
                0x0000000008002bc0                SystemInit
 .text.Reset_Handler
                0x0000000008002be4       0x50 ./Core/Startup/startup_stm32g474vehx.o
                0x0000000008002be4                Reset_Handler
 .text.Default_Handler
                0x0000000008002c34        0x2 ./Core/Startup/startup_stm32g474vehx.o
                0x0000000008002c34                RTC_Alarm_IRQHandler
                0x0000000008002c34                EXTI2_IRQHandler
                0x0000000008002c34                TIM8_TRG_COM_IRQHandler
                0x0000000008002c34                TIM8_CC_IRQHandler
                0x0000000008002c34                HRTIM1_Master_IRQHandler
                0x0000000008002c34                SPI4_IRQHandler
                0x0000000008002c34                FDCAN3_IT0_IRQHandler
                0x0000000008002c34                TIM1_CC_IRQHandler
                0x0000000008002c34                HRTIM1_FLT_IRQHandler
                0x0000000008002c34                HRTIM1_TIMF_IRQHandler
                0x0000000008002c34                USB_HP_IRQHandler
                0x0000000008002c34                CORDIC_IRQHandler
                0x0000000008002c34                HRTIM1_TIMD_IRQHandler
                0x0000000008002c34                DMA2_Channel8_IRQHandler
                0x0000000008002c34                EXTI3_IRQHandler
                0x0000000008002c34                I2C3_ER_IRQHandler
                0x0000000008002c34                EXTI0_IRQHandler
                0x0000000008002c34                I2C2_EV_IRQHandler
                0x0000000008002c34                FPU_IRQHandler
                0x0000000008002c34                FDCAN1_IT1_IRQHandler
                0x0000000008002c34                TIM1_UP_TIM16_IRQHandler
                0x0000000008002c34                ADC1_2_IRQHandler
                0x0000000008002c34                HRTIM1_TIME_IRQHandler
                0x0000000008002c34                SPI1_IRQHandler
                0x0000000008002c34                HRTIM1_TIMC_IRQHandler
                0x0000000008002c34                TIM8_UP_IRQHandler
                0x0000000008002c34                DMA2_Channel2_IRQHandler
                0x0000000008002c34                DMA1_Channel4_IRQHandler
                0x0000000008002c34                TIM20_TRG_COM_IRQHandler
                0x0000000008002c34                USART3_IRQHandler
                0x0000000008002c34                DMA1_Channel7_IRQHandler
                0x0000000008002c34                UART5_IRQHandler
                0x0000000008002c34                ADC3_IRQHandler
                0x0000000008002c34                TIM4_IRQHandler
                0x0000000008002c34                DMA2_Channel1_IRQHandler
                0x0000000008002c34                QUADSPI_IRQHandler
                0x0000000008002c34                I2C1_EV_IRQHandler
                0x0000000008002c34                DMA1_Channel6_IRQHandler
                0x0000000008002c34                UART4_IRQHandler
                0x0000000008002c34                DMA2_Channel4_IRQHandler
                0x0000000008002c34                TIM3_IRQHandler
                0x0000000008002c34                RCC_IRQHandler
                0x0000000008002c34                TIM20_UP_IRQHandler
                0x0000000008002c34                Default_Handler
                0x0000000008002c34                DMA2_Channel7_IRQHandler
                0x0000000008002c34                RTC_TAMP_LSECSS_IRQHandler
                0x0000000008002c34                FMAC_IRQHandler
                0x0000000008002c34                EXTI15_10_IRQHandler
                0x0000000008002c34                DMA1_Channel8_IRQHandler
                0x0000000008002c34                HRTIM1_TIMA_IRQHandler
                0x0000000008002c34                FDCAN3_IT1_IRQHandler
                0x0000000008002c34                TIM5_IRQHandler
                0x0000000008002c34                UCPD1_IRQHandler
                0x0000000008002c34                I2C3_EV_IRQHandler
                0x0000000008002c34                EXTI9_5_IRQHandler
                0x0000000008002c34                RTC_WKUP_IRQHandler
                0x0000000008002c34                PVD_PVM_IRQHandler
                0x0000000008002c34                SPI2_IRQHandler
                0x0000000008002c34                ADC5_IRQHandler
                0x0000000008002c34                DMA2_Channel5_IRQHandler
                0x0000000008002c34                CRS_IRQHandler
                0x0000000008002c34                DMA1_Channel5_IRQHandler
                0x0000000008002c34                USB_LP_IRQHandler
                0x0000000008002c34                EXTI4_IRQHandler
                0x0000000008002c34                RNG_IRQHandler
                0x0000000008002c34                HRTIM1_TIMB_IRQHandler
                0x0000000008002c34                TIM1_TRG_COM_TIM17_IRQHandler
                0x0000000008002c34                FDCAN2_IT1_IRQHandler
                0x0000000008002c34                DMA1_Channel3_IRQHandler
                0x0000000008002c34                ADC4_IRQHandler
                0x0000000008002c34                WWDG_IRQHandler
                0x0000000008002c34                I2C4_EV_IRQHandler
                0x0000000008002c34                FDCAN2_IT0_IRQHandler
                0x0000000008002c34                LPUART1_IRQHandler
                0x0000000008002c34                DMA2_Channel6_IRQHandler
                0x0000000008002c34                FDCAN1_IT0_IRQHandler
                0x0000000008002c34                TIM2_IRQHandler
                0x0000000008002c34                COMP7_IRQHandler
                0x0000000008002c34                COMP1_2_3_IRQHandler
                0x0000000008002c34                EXTI1_IRQHandler
                0x0000000008002c34                USART2_IRQHandler
                0x0000000008002c34                COMP4_5_6_IRQHandler
                0x0000000008002c34                TIM20_BRK_IRQHandler
                0x0000000008002c34                I2C2_ER_IRQHandler
                0x0000000008002c34                DMA1_Channel2_IRQHandler
                0x0000000008002c34                TIM8_BRK_IRQHandler
                0x0000000008002c34                FLASH_IRQHandler
                0x0000000008002c34                TIM20_CC_IRQHandler
                0x0000000008002c34                USART1_IRQHandler
                0x0000000008002c34                SPI3_IRQHandler
                0x0000000008002c34                I2C1_ER_IRQHandler
                0x0000000008002c34                FMC_IRQHandler
                0x0000000008002c34                LPTIM1_IRQHandler
                0x0000000008002c34                DMAMUX_OVR_IRQHandler
                0x0000000008002c34                I2C4_ER_IRQHandler
                0x0000000008002c34                USBWakeUp_IRQHandler
                0x0000000008002c34                SAI1_IRQHandler
                0x0000000008002c34                DMA2_Channel3_IRQHandler
                0x0000000008002c34                TIM1_BRK_TIM15_IRQHandler
 .text.HAL_Init
                0x0000000008002c36       0x30 ./Drivers/STM32G4xx_HAL_Driver/Src/stm32g4xx_hal.o
                0x0000000008002c36                HAL_Init
 *fill*         0x0000000008002c66        0x2 
 .text.HAL_IncTick
                0x0000000008002c68       0x24 ./Drivers/STM32G4xx_HAL_Driver/Src/stm32g4xx_hal.o
                0x0000000008002c68                HAL_IncTick
 .text.HAL_GetTick
                0x0000000008002c8c       0x18 ./Drivers/STM32G4xx_HAL_Driver/Src/stm32g4xx_hal.o
                0x0000000008002c8c                HAL_GetTick
 .text.HAL_Delay
                0x0000000008002ca4       0x44 ./Drivers/STM32G4xx_HAL_Driver/Src/stm32g4xx_hal.o
                0x0000000008002ca4                HAL_Delay
 .text.LL_ADC_SetCommonClock
                0x0000000008002ce8       0x26 ./Drivers/STM32G4xx_HAL_Driver/Src/stm32g4xx_hal_adc.o
 .text.LL_ADC_SetCommonPathInternalCh
                0x0000000008002d0e       0x26 ./Drivers/STM32G4xx_HAL_Driver/Src/stm32g4xx_hal_adc.o
 .text.LL_ADC_GetCommonPathInternalCh
                0x0000000008002d34       0x1c ./Drivers/STM32G4xx_HAL_Driver/Src/stm32g4xx_hal_adc.o
 .text.LL_ADC_SetOffset
                0x0000000008002d50       0x48 ./Drivers/STM32G4xx_HAL_Driver/Src/stm32g4xx_hal_adc.o
 .text.LL_ADC_GetOffsetChannel
                0x0000000008002d98       0x2c ./Drivers/STM32G4xx_HAL_Driver/Src/stm32g4xx_hal_adc.o
 .text.LL_ADC_SetOffsetState
                0x0000000008002dc4       0x36 ./Drivers/STM32G4xx_HAL_Driver/Src/stm32g4xx_hal_adc.o
 .text.LL_ADC_SetOffsetSign
                0x0000000008002dfa       0x36 ./Drivers/STM32G4xx_HAL_Driver/Src/stm32g4xx_hal_adc.o
 .text.LL_ADC_SetOffsetSaturation
                0x0000000008002e30       0x36 ./Drivers/STM32G4xx_HAL_Driver/Src/stm32g4xx_hal_adc.o
 .text.LL_ADC_SetSamplingTimeCommonConfig
                0x0000000008002e66       0x26 ./Drivers/STM32G4xx_HAL_Driver/Src/stm32g4xx_hal_adc.o
 .text.LL_ADC_REG_SetSequencerRanks
                0x0000000008002e8c       0x58 ./Drivers/STM32G4xx_HAL_Driver/Src/stm32g4xx_hal_adc.o
 .text.LL_ADC_SetChannelSamplingTime
                0x0000000008002ee4       0x56 ./Drivers/STM32G4xx_HAL_Driver/Src/stm32g4xx_hal_adc.o
 *fill*         0x0000000008002f3a        0x2 
 .text.LL_ADC_SetChannelSingleDiff
                0x0000000008002f3c       0x48 ./Drivers/STM32G4xx_HAL_Driver/Src/stm32g4xx_hal_adc.o
 .text.LL_ADC_DisableDeepPowerDown
                0x0000000008002f84       0x24 ./Drivers/STM32G4xx_HAL_Driver/Src/stm32g4xx_hal_adc.o
 .text.LL_ADC_IsDeepPowerDownEnabled
                0x0000000008002fa8       0x28 ./Drivers/STM32G4xx_HAL_Driver/Src/stm32g4xx_hal_adc.o
 .text.LL_ADC_EnableInternalRegulator
                0x0000000008002fd0       0x28 ./Drivers/STM32G4xx_HAL_Driver/Src/stm32g4xx_hal_adc.o
 .text.LL_ADC_IsInternalRegulatorEnabled
                0x0000000008002ff8       0x28 ./Drivers/STM32G4xx_HAL_Driver/Src/stm32g4xx_hal_adc.o
 .text.LL_ADC_IsEnabled
                0x0000000008003020       0x26 ./Drivers/STM32G4xx_HAL_Driver/Src/stm32g4xx_hal_adc.o
 .text.LL_ADC_REG_IsConversionOngoing
                0x0000000008003046       0x26 ./Drivers/STM32G4xx_HAL_Driver/Src/stm32g4xx_hal_adc.o
 .text.LL_ADC_INJ_IsConversionOngoing
                0x000000000800306c       0x26 ./Drivers/STM32G4xx_HAL_Driver/Src/stm32g4xx_hal_adc.o
 *fill*         0x0000000008003092        0x2 
 .text.HAL_ADC_Init
                0x0000000008003094      0x3f4 ./Drivers/STM32G4xx_HAL_Driver/Src/stm32g4xx_hal_adc.o
                0x0000000008003094                HAL_ADC_Init
 .text.HAL_ADC_ConvCpltCallback
                0x0000000008003488       0x14 ./Drivers/STM32G4xx_HAL_Driver/Src/stm32g4xx_hal_adc.o
                0x0000000008003488                HAL_ADC_ConvCpltCallback
 .text.HAL_ADC_ConvHalfCpltCallback
                0x000000000800349c       0x14 ./Drivers/STM32G4xx_HAL_Driver/Src/stm32g4xx_hal_adc.o
                0x000000000800349c                HAL_ADC_ConvHalfCpltCallback
 .text.HAL_ADC_LevelOutOfWindowCallback
                0x00000000080034b0       0x14 ./Drivers/STM32G4xx_HAL_Driver/Src/stm32g4xx_hal_adc.o
                0x00000000080034b0                HAL_ADC_LevelOutOfWindowCallback
 .text.HAL_ADC_ErrorCallback
                0x00000000080034c4       0x14 ./Drivers/STM32G4xx_HAL_Driver/Src/stm32g4xx_hal_adc.o
                0x00000000080034c4                HAL_ADC_ErrorCallback
 .text.HAL_ADC_ConfigChannel
                0x00000000080034d8      0x880 ./Drivers/STM32G4xx_HAL_Driver/Src/stm32g4xx_hal_adc.o
                0x00000000080034d8                HAL_ADC_ConfigChannel
 .text.LL_ADC_IsEnabled
                0x0000000008003d58       0x26 ./Drivers/STM32G4xx_HAL_Driver/Src/stm32g4xx_hal_adc_ex.o
 .text.LL_ADC_REG_IsConversionOngoing
                0x0000000008003d7e       0x26 ./Drivers/STM32G4xx_HAL_Driver/Src/stm32g4xx_hal_adc_ex.o
 .text.HAL_ADCEx_InjectedConvCpltCallback
                0x0000000008003da4       0x14 ./Drivers/STM32G4xx_HAL_Driver/Src/stm32g4xx_hal_adc_ex.o
                0x0000000008003da4                HAL_ADCEx_InjectedConvCpltCallback
 .text.HAL_ADCEx_InjectedQueueOverflowCallback
                0x0000000008003db8       0x14 ./Drivers/STM32G4xx_HAL_Driver/Src/stm32g4xx_hal_adc_ex.o
                0x0000000008003db8                HAL_ADCEx_InjectedQueueOverflowCallback
 .text.HAL_ADCEx_LevelOutOfWindow2Callback
                0x0000000008003dcc       0x14 ./Drivers/STM32G4xx_HAL_Driver/Src/stm32g4xx_hal_adc_ex.o
                0x0000000008003dcc                HAL_ADCEx_LevelOutOfWindow2Callback
 .text.HAL_ADCEx_LevelOutOfWindow3Callback
                0x0000000008003de0       0x14 ./Drivers/STM32G4xx_HAL_Driver/Src/stm32g4xx_hal_adc_ex.o
                0x0000000008003de0                HAL_ADCEx_LevelOutOfWindow3Callback
 .text.HAL_ADCEx_EndOfSamplingCallback
                0x0000000008003df4       0x14 ./Drivers/STM32G4xx_HAL_Driver/Src/stm32g4xx_hal_adc_ex.o
                0x0000000008003df4                HAL_ADCEx_EndOfSamplingCallback
 .text.HAL_ADCEx_MultiModeConfigChannel
                0x0000000008003e08      0x230 ./Drivers/STM32G4xx_HAL_Driver/Src/stm32g4xx_hal_adc_ex.o
                0x0000000008003e08                HAL_ADCEx_MultiModeConfigChannel
 .text.__NVIC_SetPriorityGrouping
                0x0000000008004038       0x48 ./Drivers/STM32G4xx_HAL_Driver/Src/stm32g4xx_hal_cortex.o
 .text.__NVIC_GetPriorityGrouping
                0x0000000008004080       0x1c ./Drivers/STM32G4xx_HAL_Driver/Src/stm32g4xx_hal_cortex.o
 .text.__NVIC_EnableIRQ
                0x000000000800409c       0x3c ./Drivers/STM32G4xx_HAL_Driver/Src/stm32g4xx_hal_cortex.o
 .text.__NVIC_SetPriority
                0x00000000080040d8       0x54 ./Drivers/STM32G4xx_HAL_Driver/Src/stm32g4xx_hal_cortex.o
 .text.NVIC_EncodePriority
                0x000000000800412c       0x66 ./Drivers/STM32G4xx_HAL_Driver/Src/stm32g4xx_hal_cortex.o
 .text.HAL_NVIC_SetPriorityGrouping
                0x0000000008004192       0x16 ./Drivers/STM32G4xx_HAL_Driver/Src/stm32g4xx_hal_cortex.o
                0x0000000008004192                HAL_NVIC_SetPriorityGrouping
 .text.HAL_NVIC_SetPriority
                0x00000000080041a8       0x34 ./Drivers/STM32G4xx_HAL_Driver/Src/stm32g4xx_hal_cortex.o
                0x00000000080041a8                HAL_NVIC_SetPriority
 .text.HAL_NVIC_EnableIRQ
                0x00000000080041dc       0x1c ./Drivers/STM32G4xx_HAL_Driver/Src/stm32g4xx_hal_cortex.o
                0x00000000080041dc                HAL_NVIC_EnableIRQ
 .text.HAL_DAC_Init
                0x00000000080041f8       0xa8 ./Drivers/STM32G4xx_HAL_Driver/Src/stm32g4xx_hal_dac.o
                0x00000000080041f8                HAL_DAC_Init
 .text.HAL_DAC_Start
                0x00000000080042a0       0xd8 ./Drivers/STM32G4xx_HAL_Driver/Src/stm32g4xx_hal_dac.o
                0x00000000080042a0                HAL_DAC_Start
 .text.HAL_DAC_Start_DMA
                0x0000000008004378      0x1a8 ./Drivers/STM32G4xx_HAL_Driver/Src/stm32g4xx_hal_dac.o
                0x0000000008004378                HAL_DAC_Start_DMA
 .text.HAL_DAC_Stop_DMA
                0x0000000008004520       0x9a ./Drivers/STM32G4xx_HAL_Driver/Src/stm32g4xx_hal_dac.o
                0x0000000008004520                HAL_DAC_Stop_DMA
 .text.HAL_DAC_IRQHandler
                0x00000000080045ba       0xb0 ./Drivers/STM32G4xx_HAL_Driver/Src/stm32g4xx_hal_dac.o
                0x00000000080045ba                HAL_DAC_IRQHandler
 .text.HAL_DAC_ConvCpltCallbackCh1
                0x000000000800466a       0x14 ./Drivers/STM32G4xx_HAL_Driver/Src/stm32g4xx_hal_dac.o
                0x000000000800466a                HAL_DAC_ConvCpltCallbackCh1
 .text.HAL_DAC_ConvHalfCpltCallbackCh1
                0x000000000800467e       0x14 ./Drivers/STM32G4xx_HAL_Driver/Src/stm32g4xx_hal_dac.o
                0x000000000800467e                HAL_DAC_ConvHalfCpltCallbackCh1
 .text.HAL_DAC_ErrorCallbackCh1
                0x0000000008004692       0x14 ./Drivers/STM32G4xx_HAL_Driver/Src/stm32g4xx_hal_dac.o
                0x0000000008004692                HAL_DAC_ErrorCallbackCh1
 .text.HAL_DAC_DMAUnderrunCallbackCh1
                0x00000000080046a6       0x14 ./Drivers/STM32G4xx_HAL_Driver/Src/stm32g4xx_hal_dac.o
                0x00000000080046a6                HAL_DAC_DMAUnderrunCallbackCh1
 *fill*         0x00000000080046ba        0x2 
 .text.HAL_DAC_ConfigChannel
                0x00000000080046bc      0x370 ./Drivers/STM32G4xx_HAL_Driver/Src/stm32g4xx_hal_dac.o
                0x00000000080046bc                HAL_DAC_ConfigChannel
 .text.DAC_DMAConvCpltCh1
                0x0000000008004a2c       0x24 ./Drivers/STM32G4xx_HAL_Driver/Src/stm32g4xx_hal_dac.o
                0x0000000008004a2c                DAC_DMAConvCpltCh1
 .text.DAC_DMAHalfConvCpltCh1
                0x0000000008004a50       0x1e ./Drivers/STM32G4xx_HAL_Driver/Src/stm32g4xx_hal_dac.o
                0x0000000008004a50                DAC_DMAHalfConvCpltCh1
 .text.DAC_DMAErrorCh1
                0x0000000008004a6e       0x30 ./Drivers/STM32G4xx_HAL_Driver/Src/stm32g4xx_hal_dac.o
                0x0000000008004a6e                DAC_DMAErrorCh1
 .text.HAL_DACEx_ConvCpltCallbackCh2
                0x0000000008004a9e       0x14 ./Drivers/STM32G4xx_HAL_Driver/Src/stm32g4xx_hal_dac_ex.o
                0x0000000008004a9e                HAL_DACEx_ConvCpltCallbackCh2
 .text.HAL_DACEx_ConvHalfCpltCallbackCh2
                0x0000000008004ab2       0x14 ./Drivers/STM32G4xx_HAL_Driver/Src/stm32g4xx_hal_dac_ex.o
                0x0000000008004ab2                HAL_DACEx_ConvHalfCpltCallbackCh2
 .text.HAL_DACEx_ErrorCallbackCh2
                0x0000000008004ac6       0x14 ./Drivers/STM32G4xx_HAL_Driver/Src/stm32g4xx_hal_dac_ex.o
                0x0000000008004ac6                HAL_DACEx_ErrorCallbackCh2
 .text.HAL_DACEx_DMAUnderrunCallbackCh2
                0x0000000008004ada       0x14 ./Drivers/STM32G4xx_HAL_Driver/Src/stm32g4xx_hal_dac_ex.o
                0x0000000008004ada                HAL_DACEx_DMAUnderrunCallbackCh2
 .text.DAC_DMAConvCpltCh2
                0x0000000008004aee       0x24 ./Drivers/STM32G4xx_HAL_Driver/Src/stm32g4xx_hal_dac_ex.o
                0x0000000008004aee                DAC_DMAConvCpltCh2
 .text.DAC_DMAHalfConvCpltCh2
                0x0000000008004b12       0x1e ./Drivers/STM32G4xx_HAL_Driver/Src/stm32g4xx_hal_dac_ex.o
                0x0000000008004b12                DAC_DMAHalfConvCpltCh2
 .text.DAC_DMAErrorCh2
                0x0000000008004b30       0x30 ./Drivers/STM32G4xx_HAL_Driver/Src/stm32g4xx_hal_dac_ex.o
                0x0000000008004b30                DAC_DMAErrorCh2
 .text.HAL_DMA_Init
                0x0000000008004b60      0x150 ./Drivers/STM32G4xx_HAL_Driver/Src/stm32g4xx_hal_dma.o
                0x0000000008004b60                HAL_DMA_Init
 .text.HAL_DMA_Start_IT
                0x0000000008004cb0       0xf6 ./Drivers/STM32G4xx_HAL_Driver/Src/stm32g4xx_hal_dma.o
                0x0000000008004cb0                HAL_DMA_Start_IT
 .text.HAL_DMA_Abort
                0x0000000008004da6       0xb2 ./Drivers/STM32G4xx_HAL_Driver/Src/stm32g4xx_hal_dma.o
                0x0000000008004da6                HAL_DMA_Abort
 .text.HAL_DMA_IRQHandler
                0x0000000008004e58      0x15e ./Drivers/STM32G4xx_HAL_Driver/Src/stm32g4xx_hal_dma.o
                0x0000000008004e58                HAL_DMA_IRQHandler
 .text.DMA_SetConfig
                0x0000000008004fb6       0x7c ./Drivers/STM32G4xx_HAL_Driver/Src/stm32g4xx_hal_dma.o
 *fill*         0x0000000008005032        0x2 
 .text.DMA_CalcDMAMUXChannelBaseAndMask
                0x0000000008005034       0x7c ./Drivers/STM32G4xx_HAL_Driver/Src/stm32g4xx_hal_dma.o
 .text.DMA_CalcDMAMUXRequestGenBaseAndMask
                0x00000000080050b0       0x48 ./Drivers/STM32G4xx_HAL_Driver/Src/stm32g4xx_hal_dma.o
 .text.HAL_GPIO_Init
                0x00000000080050f8      0x304 ./Drivers/STM32G4xx_HAL_Driver/Src/stm32g4xx_hal_gpio.o
                0x00000000080050f8                HAL_GPIO_Init
 .text.HAL_GPIO_ReadPin
                0x00000000080053fc       0x30 ./Drivers/STM32G4xx_HAL_Driver/Src/stm32g4xx_hal_gpio.o
                0x00000000080053fc                HAL_GPIO_ReadPin
 .text.HAL_GPIO_WritePin
                0x000000000800542c       0x30 ./Drivers/STM32G4xx_HAL_Driver/Src/stm32g4xx_hal_gpio.o
                0x000000000800542c                HAL_GPIO_WritePin
 .text.HAL_OPAMP_Init
                0x000000000800545c      0x1c0 ./Drivers/STM32G4xx_HAL_Driver/Src/stm32g4xx_hal_opamp.o
                0x000000000800545c                HAL_OPAMP_Init
 .text.HAL_PWREx_ControlVoltageScaling
                0x000000000800561c      0x148 ./Drivers/STM32G4xx_HAL_Driver/Src/stm32g4xx_hal_pwr_ex.o
                0x000000000800561c                HAL_PWREx_ControlVoltageScaling
 .text.HAL_QSPI_Init
                0x0000000008005764      0x170 ./Drivers/STM32G4xx_HAL_Driver/Src/stm32g4xx_hal_qspi.o
                0x0000000008005764                HAL_QSPI_Init
 .text.HAL_QSPI_ErrorCallback
                0x00000000080058d4       0x14 ./Drivers/STM32G4xx_HAL_Driver/Src/stm32g4xx_hal_qspi.o
                0x00000000080058d4                HAL_QSPI_ErrorCallback
 .text.HAL_QSPI_AbortCpltCallback
                0x00000000080058e8       0x14 ./Drivers/STM32G4xx_HAL_Driver/Src/stm32g4xx_hal_qspi.o
                0x00000000080058e8                HAL_QSPI_AbortCpltCallback
 .text.HAL_QSPI_CmdCpltCallback
                0x00000000080058fc       0x14 ./Drivers/STM32G4xx_HAL_Driver/Src/stm32g4xx_hal_qspi.o
                0x00000000080058fc                HAL_QSPI_CmdCpltCallback
 .text.HAL_QSPI_RxCpltCallback
                0x0000000008005910       0x14 ./Drivers/STM32G4xx_HAL_Driver/Src/stm32g4xx_hal_qspi.o
                0x0000000008005910                HAL_QSPI_RxCpltCallback
 .text.HAL_QSPI_TxCpltCallback
                0x0000000008005924       0x14 ./Drivers/STM32G4xx_HAL_Driver/Src/stm32g4xx_hal_qspi.o
                0x0000000008005924                HAL_QSPI_TxCpltCallback
 .text.HAL_QSPI_RxHalfCpltCallback
                0x0000000008005938       0x14 ./Drivers/STM32G4xx_HAL_Driver/Src/stm32g4xx_hal_qspi.o
                0x0000000008005938                HAL_QSPI_RxHalfCpltCallback
 .text.HAL_QSPI_TxHalfCpltCallback
                0x000000000800594c       0x14 ./Drivers/STM32G4xx_HAL_Driver/Src/stm32g4xx_hal_qspi.o
                0x000000000800594c                HAL_QSPI_TxHalfCpltCallback
 .text.HAL_QSPI_FifoThresholdCallback
                0x0000000008005960       0x14 ./Drivers/STM32G4xx_HAL_Driver/Src/stm32g4xx_hal_qspi.o
                0x0000000008005960                HAL_QSPI_FifoThresholdCallback
 .text.HAL_QSPI_StatusMatchCallback
                0x0000000008005974       0x14 ./Drivers/STM32G4xx_HAL_Driver/Src/stm32g4xx_hal_qspi.o
                0x0000000008005974                HAL_QSPI_StatusMatchCallback
 .text.HAL_QSPI_TimeOutCallback
                0x0000000008005988       0x14 ./Drivers/STM32G4xx_HAL_Driver/Src/stm32g4xx_hal_qspi.o
                0x0000000008005988                HAL_QSPI_TimeOutCallback
 .text.HAL_QSPI_SetTimeout
                0x000000000800599c       0x1c ./Drivers/STM32G4xx_HAL_Driver/Src/stm32g4xx_hal_qspi.o
                0x000000000800599c                HAL_QSPI_SetTimeout
 .text.QSPI_WaitFlagStateUntilTimeout
                0x00000000080059b8       0x6e ./Drivers/STM32G4xx_HAL_Driver/Src/stm32g4xx_hal_qspi.o
 *fill*         0x0000000008005a26        0x2 
 .text.HAL_RCC_OscConfig
                0x0000000008005a28      0x624 ./Drivers/STM32G4xx_HAL_Driver/Src/stm32g4xx_hal_rcc.o
                0x0000000008005a28                HAL_RCC_OscConfig
 .text.HAL_RCC_ClockConfig
                0x000000000800604c      0x278 ./Drivers/STM32G4xx_HAL_Driver/Src/stm32g4xx_hal_rcc.o
                0x000000000800604c                HAL_RCC_ClockConfig
 .text.HAL_RCC_GetSysClockFreq
                0x00000000080062c4       0xc0 ./Drivers/STM32G4xx_HAL_Driver/Src/stm32g4xx_hal_rcc.o
                0x00000000080062c4                HAL_RCC_GetSysClockFreq
 .text.HAL_RCC_GetHCLKFreq
                0x0000000008006384       0x18 ./Drivers/STM32G4xx_HAL_Driver/Src/stm32g4xx_hal_rcc.o
                0x0000000008006384                HAL_RCC_GetHCLKFreq
 .text.HAL_RCC_GetPCLK1Freq
                0x000000000800639c       0x2c ./Drivers/STM32G4xx_HAL_Driver/Src/stm32g4xx_hal_rcc.o
                0x000000000800639c                HAL_RCC_GetPCLK1Freq
 .text.HAL_RCC_GetPCLK2Freq
                0x00000000080063c8       0x2c ./Drivers/STM32G4xx_HAL_Driver/Src/stm32g4xx_hal_rcc.o
                0x00000000080063c8                HAL_RCC_GetPCLK2Freq
 .text.HAL_RCC_GetClockConfig
                0x00000000080063f4       0x64 ./Drivers/STM32G4xx_HAL_Driver/Src/stm32g4xx_hal_rcc.o
                0x00000000080063f4                HAL_RCC_GetClockConfig
 .text.HAL_RCC_EnableCSS
                0x0000000008006458       0x20 ./Drivers/STM32G4xx_HAL_Driver/Src/stm32g4xx_hal_rcc.o
                0x0000000008006458                HAL_RCC_EnableCSS
 .text.HAL_RCC_NMI_IRQHandler
                0x0000000008006478       0x28 ./Drivers/STM32G4xx_HAL_Driver/Src/stm32g4xx_hal_rcc.o
                0x0000000008006478                HAL_RCC_NMI_IRQHandler
 .text.HAL_RCC_CSSCallback
                0x00000000080064a0        0xe ./Drivers/STM32G4xx_HAL_Driver/Src/stm32g4xx_hal_rcc.o
                0x00000000080064a0                HAL_RCC_CSSCallback
 *fill*         0x00000000080064ae        0x2 
 .text.RCC_GetSysClockFreqFromPLLSource
                0x00000000080064b0       0x88 ./Drivers/STM32G4xx_HAL_Driver/Src/stm32g4xx_hal_rcc.o
 .text.HAL_RCCEx_PeriphCLKConfig
                0x0000000008006538      0x49c ./Drivers/STM32G4xx_HAL_Driver/Src/stm32g4xx_hal_rcc_ex.o
                0x0000000008006538                HAL_RCCEx_PeriphCLKConfig
 .text.HAL_SPI_Init
                0x00000000080069d4      0x1c4 ./Drivers/STM32G4xx_HAL_Driver/Src/stm32g4xx_hal_spi.o
                0x00000000080069d4                HAL_SPI_Init
 .text.HAL_SPI_TxCpltCallback
                0x0000000008006b98       0x14 ./Drivers/STM32G4xx_HAL_Driver/Src/stm32g4xx_hal_spi.o
                0x0000000008006b98                HAL_SPI_TxCpltCallback
 .text.HAL_SPI_RxCpltCallback
                0x0000000008006bac       0x14 ./Drivers/STM32G4xx_HAL_Driver/Src/stm32g4xx_hal_spi.o
                0x0000000008006bac                HAL_SPI_RxCpltCallback
 .text.HAL_SPI_TxRxCpltCallback
                0x0000000008006bc0       0x14 ./Drivers/STM32G4xx_HAL_Driver/Src/stm32g4xx_hal_spi.o
                0x0000000008006bc0                HAL_SPI_TxRxCpltCallback
 .text.HAL_SPI_TxHalfCpltCallback
                0x0000000008006bd4       0x14 ./Drivers/STM32G4xx_HAL_Driver/Src/stm32g4xx_hal_spi.o
                0x0000000008006bd4                HAL_SPI_TxHalfCpltCallback
 .text.HAL_SPI_RxHalfCpltCallback
                0x0000000008006be8       0x14 ./Drivers/STM32G4xx_HAL_Driver/Src/stm32g4xx_hal_spi.o
                0x0000000008006be8                HAL_SPI_RxHalfCpltCallback
 .text.HAL_SPI_TxRxHalfCpltCallback
                0x0000000008006bfc       0x14 ./Drivers/STM32G4xx_HAL_Driver/Src/stm32g4xx_hal_spi.o
                0x0000000008006bfc                HAL_SPI_TxRxHalfCpltCallback
 .text.HAL_SPI_ErrorCallback
                0x0000000008006c10       0x14 ./Drivers/STM32G4xx_HAL_Driver/Src/stm32g4xx_hal_spi.o
                0x0000000008006c10                HAL_SPI_ErrorCallback
 .text.HAL_SPI_AbortCpltCallback
                0x0000000008006c24       0x14 ./Drivers/STM32G4xx_HAL_Driver/Src/stm32g4xx_hal_spi.o
                0x0000000008006c24                HAL_SPI_AbortCpltCallback
 .text.HAL_TIM_Base_Init
                0x0000000008006c38       0xc8 ./Drivers/STM32G4xx_HAL_Driver/Src/stm32g4xx_hal_tim.o
                0x0000000008006c38                HAL_TIM_Base_Init
 .text.HAL_TIM_Base_Start
                0x0000000008006d00       0xe0 ./Drivers/STM32G4xx_HAL_Driver/Src/stm32g4xx_hal_tim.o
                0x0000000008006d00                HAL_TIM_Base_Start
 .text.HAL_TIM_Base_Start_IT
                0x0000000008006de0       0xf0 ./Drivers/STM32G4xx_HAL_Driver/Src/stm32g4xx_hal_tim.o
                0x0000000008006de0                HAL_TIM_Base_Start_IT
 .text.HAL_TIM_IRQHandler
                0x0000000008006ed0      0x2f2 ./Drivers/STM32G4xx_HAL_Driver/Src/stm32g4xx_hal_tim.o
                0x0000000008006ed0                HAL_TIM_IRQHandler
 *fill*         0x00000000080071c2        0x2 
 .text.HAL_TIM_ConfigClockSource
                0x00000000080071c4      0x22c ./Drivers/STM32G4xx_HAL_Driver/Src/stm32g4xx_hal_tim.o
                0x00000000080071c4                HAL_TIM_ConfigClockSource
 .text.HAL_TIM_PeriodElapsedHalfCpltCallback
                0x00000000080073f0       0x14 ./Drivers/STM32G4xx_HAL_Driver/Src/stm32g4xx_hal_tim.o
                0x00000000080073f0                HAL_TIM_PeriodElapsedHalfCpltCallback
 .text.HAL_TIM_OC_DelayElapsedCallback
                0x0000000008007404       0x14 ./Drivers/STM32G4xx_HAL_Driver/Src/stm32g4xx_hal_tim.o
                0x0000000008007404                HAL_TIM_OC_DelayElapsedCallback
 .text.HAL_TIM_IC_CaptureCallback
                0x0000000008007418       0x14 ./Drivers/STM32G4xx_HAL_Driver/Src/stm32g4xx_hal_tim.o
                0x0000000008007418                HAL_TIM_IC_CaptureCallback
 .text.HAL_TIM_IC_CaptureHalfCpltCallback
                0x000000000800742c       0x14 ./Drivers/STM32G4xx_HAL_Driver/Src/stm32g4xx_hal_tim.o
                0x000000000800742c                HAL_TIM_IC_CaptureHalfCpltCallback
 .text.HAL_TIM_PWM_PulseFinishedCallback
                0x0000000008007440       0x14 ./Drivers/STM32G4xx_HAL_Driver/Src/stm32g4xx_hal_tim.o
                0x0000000008007440                HAL_TIM_PWM_PulseFinishedCallback
 .text.HAL_TIM_PWM_PulseFinishedHalfCpltCallback
                0x0000000008007454       0x14 ./Drivers/STM32G4xx_HAL_Driver/Src/stm32g4xx_hal_tim.o
                0x0000000008007454                HAL_TIM_PWM_PulseFinishedHalfCpltCallback
 .text.HAL_TIM_TriggerCallback
                0x0000000008007468       0x14 ./Drivers/STM32G4xx_HAL_Driver/Src/stm32g4xx_hal_tim.o
                0x0000000008007468                HAL_TIM_TriggerCallback
 .text.HAL_TIM_TriggerHalfCpltCallback
                0x000000000800747c       0x14 ./Drivers/STM32G4xx_HAL_Driver/Src/stm32g4xx_hal_tim.o
                0x000000000800747c                HAL_TIM_TriggerHalfCpltCallback
 .text.HAL_TIM_ErrorCallback
                0x0000000008007490       0x14 ./Drivers/STM32G4xx_HAL_Driver/Src/stm32g4xx_hal_tim.o
                0x0000000008007490                HAL_TIM_ErrorCallback
 .text.HAL_TIM_RegisterCallback
                0x00000000080074a4      0x2c0 ./Drivers/STM32G4xx_HAL_Driver/Src/stm32g4xx_hal_tim.o
                0x00000000080074a4                HAL_TIM_RegisterCallback
 .text.TIM_Base_SetConfig
                0x0000000008007764      0x168 ./Drivers/STM32G4xx_HAL_Driver/Src/stm32g4xx_hal_tim.o
                0x0000000008007764                TIM_Base_SetConfig
 .text.TIM_TI1_ConfigInputStage
                0x00000000080078cc       0x5e ./Drivers/STM32G4xx_HAL_Driver/Src/stm32g4xx_hal_tim.o
 .text.TIM_TI2_ConfigInputStage
                0x000000000800792a       0x60 ./Drivers/STM32G4xx_HAL_Driver/Src/stm32g4xx_hal_tim.o
 .text.TIM_ITRx_SetConfig
                0x000000000800798a       0x3a ./Drivers/STM32G4xx_HAL_Driver/Src/stm32g4xx_hal_tim.o
 .text.TIM_ETR_SetConfig
                0x00000000080079c4       0x40 ./Drivers/STM32G4xx_HAL_Driver/Src/stm32g4xx_hal_tim.o
                0x00000000080079c4                TIM_ETR_SetConfig
 .text.TIM_ResetCallback
                0x0000000008007a04       0xec ./Drivers/STM32G4xx_HAL_Driver/Src/stm32g4xx_hal_tim.o
                0x0000000008007a04                TIM_ResetCallback
 .text.HAL_TIMEx_MasterConfigSynchronization
                0x0000000008007af0      0x12c ./Drivers/STM32G4xx_HAL_Driver/Src/stm32g4xx_hal_tim_ex.o
                0x0000000008007af0                HAL_TIMEx_MasterConfigSynchronization
 .text.HAL_TIMEx_CommutCallback
                0x0000000008007c1c       0x14 ./Drivers/STM32G4xx_HAL_Driver/Src/stm32g4xx_hal_tim_ex.o
                0x0000000008007c1c                HAL_TIMEx_CommutCallback
 .text.HAL_TIMEx_CommutHalfCpltCallback
                0x0000000008007c30       0x14 ./Drivers/STM32G4xx_HAL_Driver/Src/stm32g4xx_hal_tim_ex.o
                0x0000000008007c30                HAL_TIMEx_CommutHalfCpltCallback
 .text.HAL_TIMEx_BreakCallback
                0x0000000008007c44       0x14 ./Drivers/STM32G4xx_HAL_Driver/Src/stm32g4xx_hal_tim_ex.o
                0x0000000008007c44                HAL_TIMEx_BreakCallback
 .text.HAL_TIMEx_Break2Callback
                0x0000000008007c58       0x14 ./Drivers/STM32G4xx_HAL_Driver/Src/stm32g4xx_hal_tim_ex.o
                0x0000000008007c58                HAL_TIMEx_Break2Callback
 .text.HAL_TIMEx_EncoderIndexCallback
                0x0000000008007c6c       0x14 ./Drivers/STM32G4xx_HAL_Driver/Src/stm32g4xx_hal_tim_ex.o
                0x0000000008007c6c                HAL_TIMEx_EncoderIndexCallback
 .text.HAL_TIMEx_DirectionChangeCallback
                0x0000000008007c80       0x14 ./Drivers/STM32G4xx_HAL_Driver/Src/stm32g4xx_hal_tim_ex.o
                0x0000000008007c80                HAL_TIMEx_DirectionChangeCallback
 .text.HAL_TIMEx_IndexErrorCallback
                0x0000000008007c94       0x14 ./Drivers/STM32G4xx_HAL_Driver/Src/stm32g4xx_hal_tim_ex.o
                0x0000000008007c94                HAL_TIMEx_IndexErrorCallback
 .text.HAL_TIMEx_TransitionErrorCallback
                0x0000000008007ca8       0x14 ./Drivers/STM32G4xx_HAL_Driver/Src/stm32g4xx_hal_tim_ex.o
                0x0000000008007ca8                HAL_TIMEx_TransitionErrorCallback
 .text.HAL_UART_Init
                0x0000000008007cbc       0xc0 ./Drivers/STM32G4xx_HAL_Driver/Src/stm32g4xx_hal_uart.o
                0x0000000008007cbc                HAL_UART_Init
 .text.HAL_UART_Transmit
                0x0000000008007d7c      0x11c ./Drivers/STM32G4xx_HAL_Driver/Src/stm32g4xx_hal_uart.o
                0x0000000008007d7c                HAL_UART_Transmit
 .text.HAL_UART_TxCpltCallback
                0x0000000008007e98       0x14 ./Drivers/STM32G4xx_HAL_Driver/Src/stm32g4xx_hal_uart.o
                0x0000000008007e98                HAL_UART_TxCpltCallback
 .text.HAL_UART_TxHalfCpltCallback
                0x0000000008007eac       0x14 ./Drivers/STM32G4xx_HAL_Driver/Src/stm32g4xx_hal_uart.o
                0x0000000008007eac                HAL_UART_TxHalfCpltCallback
 .text.HAL_UART_RxCpltCallback
                0x0000000008007ec0       0x14 ./Drivers/STM32G4xx_HAL_Driver/Src/stm32g4xx_hal_uart.o
                0x0000000008007ec0                HAL_UART_RxCpltCallback
 .text.HAL_UART_RxHalfCpltCallback
                0x0000000008007ed4       0x14 ./Drivers/STM32G4xx_HAL_Driver/Src/stm32g4xx_hal_uart.o
                0x0000000008007ed4                HAL_UART_RxHalfCpltCallback
 .text.HAL_UART_ErrorCallback
                0x0000000008007ee8       0x14 ./Drivers/STM32G4xx_HAL_Driver/Src/stm32g4xx_hal_uart.o
                0x0000000008007ee8                HAL_UART_ErrorCallback
 .text.HAL_UART_AbortCpltCallback
                0x0000000008007efc       0x14 ./Drivers/STM32G4xx_HAL_Driver/Src/stm32g4xx_hal_uart.o
                0x0000000008007efc                HAL_UART_AbortCpltCallback
 .text.HAL_UART_AbortTransmitCpltCallback
                0x0000000008007f10       0x14 ./Drivers/STM32G4xx_HAL_Driver/Src/stm32g4xx_hal_uart.o
                0x0000000008007f10                HAL_UART_AbortTransmitCpltCallback
 .text.HAL_UART_AbortReceiveCpltCallback
                0x0000000008007f24       0x14 ./Drivers/STM32G4xx_HAL_Driver/Src/stm32g4xx_hal_uart.o
                0x0000000008007f24                HAL_UART_AbortReceiveCpltCallback
 .text.HAL_UARTEx_RxEventCallback
                0x0000000008007f38       0x18 ./Drivers/STM32G4xx_HAL_Driver/Src/stm32g4xx_hal_uart.o
                0x0000000008007f38                HAL_UARTEx_RxEventCallback
 .text.UART_InitCallbacksToDefault
                0x0000000008007f50       0xa4 ./Drivers/STM32G4xx_HAL_Driver/Src/stm32g4xx_hal_uart.o
                0x0000000008007f50                UART_InitCallbacksToDefault
 .text.UART_SetConfig
                0x0000000008007ff4      0x5f8 ./Drivers/STM32G4xx_HAL_Driver/Src/stm32g4xx_hal_uart.o
                0x0000000008007ff4                UART_SetConfig
 .text.UART_AdvFeatureConfig
                0x00000000080085ec      0x144 ./Drivers/STM32G4xx_HAL_Driver/Src/stm32g4xx_hal_uart.o
                0x00000000080085ec                UART_AdvFeatureConfig
 .text.UART_CheckIdleState
                0x0000000008008730      0x154 ./Drivers/STM32G4xx_HAL_Driver/Src/stm32g4xx_hal_uart.o
                0x0000000008008730                UART_CheckIdleState
 .text.UART_WaitOnFlagUntilTimeout
                0x0000000008008884       0xda ./Drivers/STM32G4xx_HAL_Driver/Src/stm32g4xx_hal_uart.o
                0x0000000008008884                UART_WaitOnFlagUntilTimeout
 .text.UART_EndRxTransfer
                0x000000000800895e       0xcc ./Drivers/STM32G4xx_HAL_Driver/Src/stm32g4xx_hal_uart.o
 .text.HAL_UARTEx_WakeupCallback
                0x0000000008008a2a       0x14 ./Drivers/STM32G4xx_HAL_Driver/Src/stm32g4xx_hal_uart_ex.o
                0x0000000008008a2a                HAL_UARTEx_WakeupCallback
 .text.HAL_UARTEx_RxFifoFullCallback
                0x0000000008008a3e       0x14 ./Drivers/STM32G4xx_HAL_Driver/Src/stm32g4xx_hal_uart_ex.o
                0x0000000008008a3e                HAL_UARTEx_RxFifoFullCallback
 .text.HAL_UARTEx_TxFifoEmptyCallback
                0x0000000008008a52       0x14 ./Drivers/STM32G4xx_HAL_Driver/Src/stm32g4xx_hal_uart_ex.o
                0x0000000008008a52                HAL_UARTEx_TxFifoEmptyCallback
 .text.HAL_UARTEx_EnableFifoMode
                0x0000000008008a66       0x76 ./Drivers/STM32G4xx_HAL_Driver/Src/stm32g4xx_hal_uart_ex.o
                0x0000000008008a66                HAL_UARTEx_EnableFifoMode
 .text.HAL_UARTEx_SetTxFifoThreshold
                0x0000000008008adc       0x7c ./Drivers/STM32G4xx_HAL_Driver/Src/stm32g4xx_hal_uart_ex.o
                0x0000000008008adc                HAL_UARTEx_SetTxFifoThreshold
 .text.HAL_UARTEx_SetRxFifoThreshold
                0x0000000008008b58       0x7c ./Drivers/STM32G4xx_HAL_Driver/Src/stm32g4xx_hal_uart_ex.o
                0x0000000008008b58                HAL_UARTEx_SetRxFifoThreshold
 .text.UARTEx_SetNbDataToProcess
                0x0000000008008bd4       0x9c ./Drivers/STM32G4xx_HAL_Driver/Src/stm32g4xx_hal_uart_ex.o
 .text.HAL_USART_Init
                0x0000000008008c70       0xb4 ./Drivers/STM32G4xx_HAL_Driver/Src/stm32g4xx_hal_usart.o
                0x0000000008008c70                HAL_USART_Init
 .text.HAL_USART_TxCpltCallback
                0x0000000008008d24       0x14 ./Drivers/STM32G4xx_HAL_Driver/Src/stm32g4xx_hal_usart.o
                0x0000000008008d24                HAL_USART_TxCpltCallback
 .text.HAL_USART_TxHalfCpltCallback
                0x0000000008008d38       0x14 ./Drivers/STM32G4xx_HAL_Driver/Src/stm32g4xx_hal_usart.o
                0x0000000008008d38                HAL_USART_TxHalfCpltCallback
 .text.HAL_USART_RxCpltCallback
                0x0000000008008d4c       0x14 ./Drivers/STM32G4xx_HAL_Driver/Src/stm32g4xx_hal_usart.o
                0x0000000008008d4c                HAL_USART_RxCpltCallback
 .text.HAL_USART_RxHalfCpltCallback
                0x0000000008008d60       0x14 ./Drivers/STM32G4xx_HAL_Driver/Src/stm32g4xx_hal_usart.o
                0x0000000008008d60                HAL_USART_RxHalfCpltCallback
 .text.HAL_USART_TxRxCpltCallback
                0x0000000008008d74       0x14 ./Drivers/STM32G4xx_HAL_Driver/Src/stm32g4xx_hal_usart.o
                0x0000000008008d74                HAL_USART_TxRxCpltCallback
 .text.HAL_USART_ErrorCallback
                0x0000000008008d88       0x14 ./Drivers/STM32G4xx_HAL_Driver/Src/stm32g4xx_hal_usart.o
                0x0000000008008d88                HAL_USART_ErrorCallback
 .text.HAL_USART_AbortCpltCallback
                0x0000000008008d9c       0x14 ./Drivers/STM32G4xx_HAL_Driver/Src/stm32g4xx_hal_usart.o
                0x0000000008008d9c                HAL_USART_AbortCpltCallback
 .text.USART_InitCallbacksToDefault
                0x0000000008008db0       0x70 ./Drivers/STM32G4xx_HAL_Driver/Src/stm32g4xx_hal_usart.o
                0x0000000008008db0                USART_InitCallbacksToDefault
 .text.USART_WaitOnFlagUntilTimeout
                0x0000000008008e20       0x6c ./Drivers/STM32G4xx_HAL_Driver/Src/stm32g4xx_hal_usart.o
 .text.USART_SetConfig
                0x0000000008008e8c      0x5d0 ./Drivers/STM32G4xx_HAL_Driver/Src/stm32g4xx_hal_usart.o
 .text.USART_CheckIdleState
                0x000000000800945c       0x86 ./Drivers/STM32G4xx_HAL_Driver/Src/stm32g4xx_hal_usart.o
 .text.HAL_USARTEx_RxFifoFullCallback
                0x00000000080094e2       0x14 ./Drivers/STM32G4xx_HAL_Driver/Src/stm32g4xx_hal_usart_ex.o
                0x00000000080094e2                HAL_USARTEx_RxFifoFullCallback
 .text.HAL_USARTEx_TxFifoEmptyCallback
                0x00000000080094f6       0x14 ./Drivers/STM32G4xx_HAL_Driver/Src/stm32g4xx_hal_usart_ex.o
                0x00000000080094f6                HAL_USARTEx_TxFifoEmptyCallback
 .text.HAL_USARTEx_DisableFifoMode
                0x000000000800950a       0x72 ./Drivers/STM32G4xx_HAL_Driver/Src/stm32g4xx_hal_usart_ex.o
                0x000000000800950a                HAL_USARTEx_DisableFifoMode
 .text.HAL_USARTEx_SetTxFifoThreshold
                0x000000000800957c       0x7c ./Drivers/STM32G4xx_HAL_Driver/Src/stm32g4xx_hal_usart_ex.o
                0x000000000800957c                HAL_USARTEx_SetTxFifoThreshold
 .text.HAL_USARTEx_SetRxFifoThreshold
                0x00000000080095f8       0x7c ./Drivers/STM32G4xx_HAL_Driver/Src/stm32g4xx_hal_usart_ex.o
                0x00000000080095f8                HAL_USARTEx_SetRxFifoThreshold
 .text.USARTEx_SetNbDataToProcess
                0x0000000008009674       0x94 ./Drivers/STM32G4xx_HAL_Driver/Src/stm32g4xx_hal_usart_ex.o
 .text.MX_FATFS_Init
                0x0000000008009708       0x30 ./FATFS/App/app_fatfs.o
                0x0000000008009708                MX_FATFS_Init
 .text.get_fattime
                0x0000000008009738       0x10 ./FATFS/App/app_fatfs.o
                0x0000000008009738                get_fattime
 .text.USER_initialize
                0x0000000008009748       0x28 ./FATFS/Target/user_diskio.o
                0x0000000008009748                USER_initialize
 .text.USER_status
                0x0000000008009770       0x28 ./FATFS/Target/user_diskio.o
                0x0000000008009770                USER_status
 .text.USER_read
                0x0000000008009798       0x1e ./FATFS/Target/user_diskio.o
                0x0000000008009798                USER_read
 .text.USER_write
                0x00000000080097b6       0x1e ./FATFS/Target/user_diskio.o
                0x00000000080097b6                USER_write
 .text.USER_ioctl
                0x00000000080097d4       0x22 ./FATFS/Target/user_diskio.o
                0x00000000080097d4                USER_ioctl
 *fill*         0x00000000080097f6        0x2 
 .text.disk_status
                0x00000000080097f8       0x34 ./Middlewares/Third_Party/FatFs/src/diskio.o
                0x00000000080097f8                disk_status
 .text.disk_initialize
                0x000000000800982c       0x4c ./Middlewares/Third_Party/FatFs/src/diskio.o
                0x000000000800982c                disk_initialize
 .text.disk_read
                0x0000000008009878       0x40 ./Middlewares/Third_Party/FatFs/src/diskio.o
                0x0000000008009878                disk_read
 .text.disk_write
                0x00000000080098b8       0x40 ./Middlewares/Third_Party/FatFs/src/diskio.o
                0x00000000080098b8                disk_write
 .text.disk_ioctl
                0x00000000080098f8       0x3c ./Middlewares/Third_Party/FatFs/src/diskio.o
                0x00000000080098f8                disk_ioctl
 .text.ld_word  0x0000000008009934       0x30 ./Middlewares/Third_Party/FatFs/src/ff.o
 .text.ld_dword
                0x0000000008009964       0x46 ./Middlewares/Third_Party/FatFs/src/ff.o
 .text.st_word  0x00000000080099aa       0x36 ./Middlewares/Third_Party/FatFs/src/ff.o
 .text.st_dword
                0x00000000080099e0       0x58 ./Middlewares/Third_Party/FatFs/src/ff.o
 .text.mem_cpy  0x0000000008009a38       0x42 ./Middlewares/Third_Party/FatFs/src/ff.o
 .text.mem_set  0x0000000008009a7a       0x36 ./Middlewares/Third_Party/FatFs/src/ff.o
 .text.mem_cmp  0x0000000008009ab0       0x4e ./Middlewares/Third_Party/FatFs/src/ff.o
 .text.chk_chr  0x0000000008009afe       0x36 ./Middlewares/Third_Party/FatFs/src/ff.o
 .text.lock_fs  0x0000000008009b34       0x2c ./Middlewares/Third_Party/FatFs/src/ff.o
 .text.unlock_fs
                0x0000000008009b60       0x36 ./Middlewares/Third_Party/FatFs/src/ff.o
 *fill*         0x0000000008009b96        0x2 
 .text.chk_lock
                0x0000000008009b98       0xb8 ./Middlewares/Third_Party/FatFs/src/ff.o
 .text.enq_lock
                0x0000000008009c50       0x44 ./Middlewares/Third_Party/FatFs/src/ff.o
 .text.inc_lock
                0x0000000008009c94      0x11c ./Middlewares/Third_Party/FatFs/src/ff.o
 .text.dec_lock
                0x0000000008009db0       0x78 ./Middlewares/Third_Party/FatFs/src/ff.o
 .text.clear_lock
                0x0000000008009e28       0x48 ./Middlewares/Third_Party/FatFs/src/ff.o
 .text.sync_window
                0x0000000008009e70       0x88 ./Middlewares/Third_Party/FatFs/src/ff.o
 .text.move_window
                0x0000000008009ef8       0x5a ./Middlewares/Third_Party/FatFs/src/ff.o
 *fill*         0x0000000008009f52        0x2 
 .text.sync_fs  0x0000000008009f54       0xdc ./Middlewares/Third_Party/FatFs/src/ff.o
 .text.clust2sect
                0x000000000800a030       0x3e ./Middlewares/Third_Party/FatFs/src/ff.o
 .text.get_fat  0x000000000800a06e      0x150 ./Middlewares/Third_Party/FatFs/src/ff.o
 .text.put_fat  0x000000000800a1be      0x1d8 ./Middlewares/Third_Party/FatFs/src/ff.o
 .text.remove_chain
                0x000000000800a396       0xca ./Middlewares/Third_Party/FatFs/src/ff.o
 .text.create_chain
                0x000000000800a460      0x130 ./Middlewares/Third_Party/FatFs/src/ff.o
 .text.clmt_clust
                0x000000000800a590       0x68 ./Middlewares/Third_Party/FatFs/src/ff.o
 .text.dir_sdi  0x000000000800a5f8       0xf6 ./Middlewares/Third_Party/FatFs/src/ff.o
 .text.dir_next
                0x000000000800a6ee      0x18a ./Middlewares/Third_Party/FatFs/src/ff.o
 .text.dir_alloc
                0x000000000800a878       0x8e ./Middlewares/Third_Party/FatFs/src/ff.o
 .text.ld_clust
                0x000000000800a906       0x3e ./Middlewares/Third_Party/FatFs/src/ff.o
 .text.st_clust
                0x000000000800a944       0x40 ./Middlewares/Third_Party/FatFs/src/ff.o
 .text.dir_read
                0x000000000800a984       0xba ./Middlewares/Third_Party/FatFs/src/ff.o
 .text.dir_find
                0x000000000800aa3e       0xaa ./Middlewares/Third_Party/FatFs/src/ff.o
 .text.dir_register
                0x000000000800aae8       0x64 ./Middlewares/Third_Party/FatFs/src/ff.o
 .text.get_fileinfo
                0x000000000800ab4c       0xbe ./Middlewares/Third_Party/FatFs/src/ff.o
 *fill*         0x000000000800ac0a        0x2 
 .text.create_name
                0x000000000800ac0c      0x128 ./Middlewares/Third_Party/FatFs/src/ff.o
 .text.follow_path
                0x000000000800ad34       0xe2 ./Middlewares/Third_Party/FatFs/src/ff.o
 .text.get_ldnumber
                0x000000000800ae16       0x88 ./Middlewares/Third_Party/FatFs/src/ff.o
 *fill*         0x000000000800ae9e        0x2 
 .text.check_fs
                0x000000000800aea0       0xac ./Middlewares/Third_Party/FatFs/src/ff.o
 .text.find_volume
                0x000000000800af4c      0x4a8 ./Middlewares/Third_Party/FatFs/src/ff.o
 .text.validate
                0x000000000800b3f4       0x8e ./Middlewares/Third_Party/FatFs/src/ff.o
 *fill*         0x000000000800b482        0x2 
 .text.f_mount  0x000000000800b484       0xc8 ./Middlewares/Third_Party/FatFs/src/ff.o
                0x000000000800b484                f_mount
 .text.f_open   0x000000000800b54c      0x38a ./Middlewares/Third_Party/FatFs/src/ff.o
                0x000000000800b54c                f_open
 .text.f_read   0x000000000800b8d6      0x2dc ./Middlewares/Third_Party/FatFs/src/ff.o
                0x000000000800b8d6                f_read
 .text.f_sync   0x000000000800bbb2      0x112 ./Middlewares/Third_Party/FatFs/src/ff.o
                0x000000000800bbb2                f_sync
 .text.f_close  0x000000000800bcc4       0x5e ./Middlewares/Third_Party/FatFs/src/ff.o
                0x000000000800bcc4                f_close
 .text.f_opendir
                0x000000000800bd22       0xf2 ./Middlewares/Third_Party/FatFs/src/ff.o
                0x000000000800bd22                f_opendir
 .text.f_closedir
                0x000000000800be14       0x56 ./Middlewares/Third_Party/FatFs/src/ff.o
                0x000000000800be14                f_closedir
 .text.f_readdir
                0x000000000800be6a       0x86 ./Middlewares/Third_Party/FatFs/src/ff.o
                0x000000000800be6a                f_readdir
 .text.FATFS_LinkDriverEx
                0x000000000800bef0       0x98 ./Middlewares/Third_Party/FatFs/src/ff_gen_drv.o
                0x000000000800bef0                FATFS_LinkDriverEx
 .text.FATFS_LinkDriver
                0x000000000800bf88       0x1e ./Middlewares/Third_Party/FatFs/src/ff_gen_drv.o
                0x000000000800bf88                FATFS_LinkDriver
 .text.ff_cre_syncobj
                0x000000000800bfa6       0x36 ./Middlewares/Third_Party/FatFs/src/option/syscall.o
                0x000000000800bfa6                ff_cre_syncobj
 .text.ff_del_syncobj
                0x000000000800bfdc       0x18 ./Middlewares/Third_Party/FatFs/src/option/syscall.o
                0x000000000800bfdc                ff_del_syncobj
 .text.ff_req_grant
                0x000000000800bff4       0x2a ./Middlewares/Third_Party/FatFs/src/option/syscall.o
                0x000000000800bff4                ff_req_grant
 .text.ff_rel_grant
                0x000000000800c01e       0x16 ./Middlewares/Third_Party/FatFs/src/option/syscall.o
                0x000000000800c01e                ff_rel_grant
 .text.__NVIC_SetPriority
                0x000000000800c034       0x54 ./Middlewares/Third_Party/FreeRTOS/Source/CMSIS_RTOS_V2/cmsis_os2.o
 .text.SysTick_Handler
                0x000000000800c088       0x20 ./Middlewares/Third_Party/FreeRTOS/Source/CMSIS_RTOS_V2/cmsis_os2.o
                0x000000000800c088                SysTick_Handler
 .text.SVC_Setup
                0x000000000800c0a8       0x12 ./Middlewares/Third_Party/FreeRTOS/Source/CMSIS_RTOS_V2/cmsis_os2.o
 *fill*         0x000000000800c0ba        0x2 
 .text.osKernelInitialize
                0x000000000800c0bc       0x48 ./Middlewares/Third_Party/FreeRTOS/Source/CMSIS_RTOS_V2/cmsis_os2.o
                0x000000000800c0bc                osKernelInitialize
 .text.osKernelStart
                0x000000000800c104       0x4c ./Middlewares/Third_Party/FreeRTOS/Source/CMSIS_RTOS_V2/cmsis_os2.o
                0x000000000800c104                osKernelStart
 .text.osThreadNew
                0x000000000800c150      0x124 ./Middlewares/Third_Party/FreeRTOS/Source/CMSIS_RTOS_V2/cmsis_os2.o
                0x000000000800c150                osThreadNew
 .text.osDelay  0x000000000800c274       0x36 ./Middlewares/Third_Party/FreeRTOS/Source/CMSIS_RTOS_V2/cmsis_os2.o
                0x000000000800c274                osDelay
 .text.osSemaphoreNew
                0x000000000800c2aa      0x112 ./Middlewares/Third_Party/FreeRTOS/Source/CMSIS_RTOS_V2/cmsis_os2.o
                0x000000000800c2aa                osSemaphoreNew
 .text.osSemaphoreAcquire
                0x000000000800c3bc       0xa4 ./Middlewares/Third_Party/FreeRTOS/Source/CMSIS_RTOS_V2/cmsis_os2.o
                0x000000000800c3bc                osSemaphoreAcquire
 .text.osSemaphoreRelease
                0x000000000800c460       0x88 ./Middlewares/Third_Party/FreeRTOS/Source/CMSIS_RTOS_V2/cmsis_os2.o
                0x000000000800c460                osSemaphoreRelease
 .text.osSemaphoreDelete
                0x000000000800c4e8       0x48 ./Middlewares/Third_Party/FreeRTOS/Source/CMSIS_RTOS_V2/cmsis_os2.o
                0x000000000800c4e8                osSemaphoreDelete
 .text.vApplicationGetIdleTaskMemory
                0x000000000800c530       0x34 ./Middlewares/Third_Party/FreeRTOS/Source/CMSIS_RTOS_V2/cmsis_os2.o
                0x000000000800c530                vApplicationGetIdleTaskMemory
 .text.vApplicationGetTimerTaskMemory
                0x000000000800c564       0x34 ./Middlewares/Third_Party/FreeRTOS/Source/CMSIS_RTOS_V2/cmsis_os2.o
                0x000000000800c564                vApplicationGetTimerTaskMemory
 .text.vListInitialise
                0x000000000800c598       0x40 ./Middlewares/Third_Party/FreeRTOS/Source/list.o
                0x000000000800c598                vListInitialise
 .text.vListInitialiseItem
                0x000000000800c5d8       0x1a ./Middlewares/Third_Party/FreeRTOS/Source/list.o
                0x000000000800c5d8                vListInitialiseItem
 .text.vListInsertEnd
                0x000000000800c5f2       0x48 ./Middlewares/Third_Party/FreeRTOS/Source/list.o
                0x000000000800c5f2                vListInsertEnd
 .text.vListInsert
                0x000000000800c63a       0x72 ./Middlewares/Third_Party/FreeRTOS/Source/list.o
                0x000000000800c63a                vListInsert
 .text.uxListRemove
                0x000000000800c6ac       0x54 ./Middlewares/Third_Party/FreeRTOS/Source/list.o
                0x000000000800c6ac                uxListRemove
 .text.xQueueGenericReset
                0x000000000800c700       0xd0 ./Middlewares/Third_Party/FreeRTOS/Source/queue.o
                0x000000000800c700                xQueueGenericReset
 .text.xQueueGenericCreateStatic
                0x000000000800c7d0       0xf0 ./Middlewares/Third_Party/FreeRTOS/Source/queue.o
                0x000000000800c7d0                xQueueGenericCreateStatic
 .text.xQueueGenericCreate
                0x000000000800c8c0       0x74 ./Middlewares/Third_Party/FreeRTOS/Source/queue.o
                0x000000000800c8c0                xQueueGenericCreate
 .text.prvInitialiseNewQueue
                0x000000000800c934       0x46 ./Middlewares/Third_Party/FreeRTOS/Source/queue.o
 .text.xQueueCreateCountingSemaphoreStatic
                0x000000000800c97a       0x6e ./Middlewares/Third_Party/FreeRTOS/Source/queue.o
                0x000000000800c97a                xQueueCreateCountingSemaphoreStatic
 .text.xQueueCreateCountingSemaphore
                0x000000000800c9e8       0x66 ./Middlewares/Third_Party/FreeRTOS/Source/queue.o
                0x000000000800c9e8                xQueueCreateCountingSemaphore
 *fill*         0x000000000800ca4e        0x2 
 .text.xQueueGenericSend
                0x000000000800ca50      0x1fc ./Middlewares/Third_Party/FreeRTOS/Source/queue.o
                0x000000000800ca50                xQueueGenericSend
 .text.xQueueGenericSendFromISR
                0x000000000800cc4c      0x136 ./Middlewares/Third_Party/FreeRTOS/Source/queue.o
                0x000000000800cc4c                xQueueGenericSendFromISR
 .text.xQueueGiveFromISR
                0x000000000800cd82      0x11a ./Middlewares/Third_Party/FreeRTOS/Source/queue.o
                0x000000000800cd82                xQueueGiveFromISR
 .text.xQueueReceive
                0x000000000800ce9c      0x1c0 ./Middlewares/Third_Party/FreeRTOS/Source/queue.o
                0x000000000800ce9c                xQueueReceive
 .text.xQueueSemaphoreTake
                0x000000000800d05c      0x218 ./Middlewares/Third_Party/FreeRTOS/Source/queue.o
                0x000000000800d05c                xQueueSemaphoreTake
 .text.xQueueReceiveFromISR
                0x000000000800d274      0x100 ./Middlewares/Third_Party/FreeRTOS/Source/queue.o
                0x000000000800d274                xQueueReceiveFromISR
 .text.vQueueDelete
                0x000000000800d374       0x46 ./Middlewares/Third_Party/FreeRTOS/Source/queue.o
                0x000000000800d374                vQueueDelete
 .text.prvGetDisinheritPriorityAfterTimeout
                0x000000000800d3ba       0x30 ./Middlewares/Third_Party/FreeRTOS/Source/queue.o
 .text.prvCopyDataToQueue
                0x000000000800d3ea       0xd4 ./Middlewares/Third_Party/FreeRTOS/Source/queue.o
 .text.prvCopyDataFromQueue
                0x000000000800d4be       0x4c ./Middlewares/Third_Party/FreeRTOS/Source/queue.o
 .text.prvUnlockQueue
                0x000000000800d50a       0xa4 ./Middlewares/Third_Party/FreeRTOS/Source/queue.o
 .text.prvIsQueueEmpty
                0x000000000800d5ae       0x2c ./Middlewares/Third_Party/FreeRTOS/Source/queue.o
 .text.prvIsQueueFull
                0x000000000800d5da       0x30 ./Middlewares/Third_Party/FreeRTOS/Source/queue.o
 *fill*         0x000000000800d60a        0x2 
 .text.vQueueAddToRegistry
                0x000000000800d60c       0x54 ./Middlewares/Third_Party/FreeRTOS/Source/queue.o
                0x000000000800d60c                vQueueAddToRegistry
 .text.vQueueUnregisterQueue
                0x000000000800d660       0x54 ./Middlewares/Third_Party/FreeRTOS/Source/queue.o
                0x000000000800d660                vQueueUnregisterQueue
 .text.vQueueWaitForMessageRestricted
                0x000000000800d6b4       0x68 ./Middlewares/Third_Party/FreeRTOS/Source/queue.o
                0x000000000800d6b4                vQueueWaitForMessageRestricted
 .text.xTaskCreateStatic
                0x000000000800d71c       0xba ./Middlewares/Third_Party/FreeRTOS/Source/tasks.o
                0x000000000800d71c                xTaskCreateStatic
 .text.xTaskCreate
                0x000000000800d7d6       0x8a ./Middlewares/Third_Party/FreeRTOS/Source/tasks.o
                0x000000000800d7d6                xTaskCreate
 .text.prvInitialiseNewTask
                0x000000000800d860      0x14c ./Middlewares/Third_Party/FreeRTOS/Source/tasks.o
 .text.prvAddNewTaskToReadyList
                0x000000000800d9ac       0xe0 ./Middlewares/Third_Party/FreeRTOS/Source/tasks.o
 .text.vTaskDelete
                0x000000000800da8c       0xe4 ./Middlewares/Third_Party/FreeRTOS/Source/tasks.o
                0x000000000800da8c                vTaskDelete
 .text.vTaskDelay
                0x000000000800db70       0x68 ./Middlewares/Third_Party/FreeRTOS/Source/tasks.o
                0x000000000800db70                vTaskDelay
 .text.vTaskSuspend
                0x000000000800dbd8       0xec ./Middlewares/Third_Party/FreeRTOS/Source/tasks.o
                0x000000000800dbd8                vTaskSuspend
 .text.vTaskStartScheduler
                0x000000000800dcc4       0xe0 ./Middlewares/Third_Party/FreeRTOS/Source/tasks.o
                0x000000000800dcc4                vTaskStartScheduler
 .text.vTaskSuspendAll
                0x000000000800dda4       0x1c ./Middlewares/Third_Party/FreeRTOS/Source/tasks.o
                0x000000000800dda4                vTaskSuspendAll
 .text.xTaskResumeAll
                0x000000000800ddc0      0x13c ./Middlewares/Third_Party/FreeRTOS/Source/tasks.o
                0x000000000800ddc0                xTaskResumeAll
 .text.xTaskGetTickCount
                0x000000000800defc       0x20 ./Middlewares/Third_Party/FreeRTOS/Source/tasks.o
                0x000000000800defc                xTaskGetTickCount
 .text.xTaskIncrementTick
                0x000000000800df1c      0x174 ./Middlewares/Third_Party/FreeRTOS/Source/tasks.o
                0x000000000800df1c                xTaskIncrementTick
 .text.vTaskSwitchContext
                0x000000000800e090       0xc8 ./Middlewares/Third_Party/FreeRTOS/Source/tasks.o
                0x000000000800e090                vTaskSwitchContext
 .text.vTaskPlaceOnEventList
                0x000000000800e158       0x48 ./Middlewares/Third_Party/FreeRTOS/Source/tasks.o
                0x000000000800e158                vTaskPlaceOnEventList
 .text.vTaskPlaceOnEventListRestricted
                0x000000000800e1a0       0x58 ./Middlewares/Third_Party/FreeRTOS/Source/tasks.o
                0x000000000800e1a0                vTaskPlaceOnEventListRestricted
 .text.xTaskRemoveFromEventList
                0x000000000800e1f8       0xc8 ./Middlewares/Third_Party/FreeRTOS/Source/tasks.o
                0x000000000800e1f8                xTaskRemoveFromEventList
 .text.vTaskInternalSetTimeOutState
                0x000000000800e2c0       0x2c ./Middlewares/Third_Party/FreeRTOS/Source/tasks.o
                0x000000000800e2c0                vTaskInternalSetTimeOutState
 .text.xTaskCheckForTimeOut
                0x000000000800e2ec       0xc4 ./Middlewares/Third_Party/FreeRTOS/Source/tasks.o
                0x000000000800e2ec                xTaskCheckForTimeOut
 .text.vTaskMissedYield
                0x000000000800e3b0       0x18 ./Middlewares/Third_Party/FreeRTOS/Source/tasks.o
                0x000000000800e3b0                vTaskMissedYield
 .text.prvIdleTask
                0x000000000800e3c8       0x30 ./Middlewares/Third_Party/FreeRTOS/Source/tasks.o
 .text.prvInitialiseTaskLists
                0x000000000800e3f8       0x80 ./Middlewares/Third_Party/FreeRTOS/Source/tasks.o
 .text.prvCheckTasksWaitingTermination
                0x000000000800e478       0x5c ./Middlewares/Third_Party/FreeRTOS/Source/tasks.o
 .text.prvDeleteTCB
                0x000000000800e4d4       0x68 ./Middlewares/Third_Party/FreeRTOS/Source/tasks.o
 .text.prvResetNextTaskUnblockTime
                0x000000000800e53c       0x40 ./Middlewares/Third_Party/FreeRTOS/Source/tasks.o
 .text.xTaskGetCurrentTaskHandle
                0x000000000800e57c       0x20 ./Middlewares/Third_Party/FreeRTOS/Source/tasks.o
                0x000000000800e57c                xTaskGetCurrentTaskHandle
 .text.xTaskGetSchedulerState
                0x000000000800e59c       0x3c ./Middlewares/Third_Party/FreeRTOS/Source/tasks.o
                0x000000000800e59c                xTaskGetSchedulerState
 .text.xTaskPriorityInherit
                0x000000000800e5d8       0xd0 ./Middlewares/Third_Party/FreeRTOS/Source/tasks.o
                0x000000000800e5d8                xTaskPriorityInherit
 .text.xTaskPriorityDisinherit
                0x000000000800e6a8       0xdc ./Middlewares/Third_Party/FreeRTOS/Source/tasks.o
                0x000000000800e6a8                xTaskPriorityDisinherit
 .text.vTaskPriorityDisinheritAfterTimeout
                0x000000000800e784      0x104 ./Middlewares/Third_Party/FreeRTOS/Source/tasks.o
                0x000000000800e784                vTaskPriorityDisinheritAfterTimeout
 .text.pvTaskIncrementMutexHeldCount
                0x000000000800e888       0x28 ./Middlewares/Third_Party/FreeRTOS/Source/tasks.o
                0x000000000800e888                pvTaskIncrementMutexHeldCount
 .text.prvAddCurrentTaskToDelayedList
                0x000000000800e8b0       0xa8 ./Middlewares/Third_Party/FreeRTOS/Source/tasks.o
 .text.xTimerCreateTimerTask
                0x000000000800e958       0x90 ./Middlewares/Third_Party/FreeRTOS/Source/timers.o
                0x000000000800e958                xTimerCreateTimerTask
 .text.xTimerGenericCommand
                0x000000000800e9e8       0x9c ./Middlewares/Third_Party/FreeRTOS/Source/timers.o
                0x000000000800e9e8                xTimerGenericCommand
 .text.prvProcessExpiredTimer
                0x000000000800ea84       0x98 ./Middlewares/Third_Party/FreeRTOS/Source/timers.o
 .text.prvTimerTask
                0x000000000800eb1c       0x24 ./Middlewares/Third_Party/FreeRTOS/Source/timers.o
 .text.prvProcessTimerOrBlockTask
                0x000000000800eb40       0x9c ./Middlewares/Third_Party/FreeRTOS/Source/timers.o
 .text.prvGetNextExpireTime
                0x000000000800ebdc       0x48 ./Middlewares/Third_Party/FreeRTOS/Source/timers.o
 .text.prvSampleTimeNow
                0x000000000800ec24       0x40 ./Middlewares/Third_Party/FreeRTOS/Source/timers.o
 .text.prvInsertTimerInActiveList
                0x000000000800ec64       0x84 ./Middlewares/Third_Party/FreeRTOS/Source/timers.o
 .text.prvProcessReceivedCommands
                0x000000000800ece8      0x1c4 ./Middlewares/Third_Party/FreeRTOS/Source/timers.o
 .text.prvSwitchTimerLists
                0x000000000800eeac       0xc8 ./Middlewares/Third_Party/FreeRTOS/Source/timers.o
 .text.prvCheckForValidListAndQueue
                0x000000000800ef74       0x80 ./Middlewares/Third_Party/FreeRTOS/Source/timers.o
 .text.pxPortInitialiseStack
                0x000000000800eff4       0x68 ./Middlewares/Third_Party/FreeRTOS/Source/portable/GCC/ARM_CM4F/port.o
                0x000000000800eff4                pxPortInitialiseStack
 .text.prvTaskExitError
                0x000000000800f05c       0x58 ./Middlewares/Third_Party/FreeRTOS/Source/portable/GCC/ARM_CM4F/port.o
 *fill*         0x000000000800f0b4        0xc 
 .text.SVC_Handler
                0x000000000800f0c0       0x28 ./Middlewares/Third_Party/FreeRTOS/Source/portable/GCC/ARM_CM4F/port.o
                0x000000000800f0c0                SVC_Handler
 .text.prvPortStartFirstTask
                0x000000000800f0e8       0x28 ./Middlewares/Third_Party/FreeRTOS/Source/portable/GCC/ARM_CM4F/port.o
 .text.xPortStartScheduler
                0x000000000800f110      0x144 ./Middlewares/Third_Party/FreeRTOS/Source/portable/GCC/ARM_CM4F/port.o
                0x000000000800f110                xPortStartScheduler
 .text.vPortEnterCritical
                0x000000000800f254       0x60 ./Middlewares/Third_Party/FreeRTOS/Source/portable/GCC/ARM_CM4F/port.o
                0x000000000800f254                vPortEnterCritical
 .text.vPortExitCritical
                0x000000000800f2b4       0x54 ./Middlewares/Third_Party/FreeRTOS/Source/portable/GCC/ARM_CM4F/port.o
                0x000000000800f2b4                vPortExitCritical
 *fill*         0x000000000800f308        0x8 
 .text.PendSV_Handler
                0x000000000800f310       0x68 ./Middlewares/Third_Party/FreeRTOS/Source/portable/GCC/ARM_CM4F/port.o
                0x000000000800f310                PendSV_Handler
 .text.xPortSysTickHandler
                0x000000000800f378       0x44 ./Middlewares/Third_Party/FreeRTOS/Source/portable/GCC/ARM_CM4F/port.o
                0x000000000800f378                xPortSysTickHandler
 .text.vPortSetupTimerInterrupt
                0x000000000800f3bc       0x48 ./Middlewares/Third_Party/FreeRTOS/Source/portable/GCC/ARM_CM4F/port.o
                0x000000000800f3bc                vPortSetupTimerInterrupt
 .text.vPortEnableVFP
                0x000000000800f404       0x14 ./Middlewares/Third_Party/FreeRTOS/Source/portable/GCC/ARM_CM4F/port.o
 .text.vPortValidateInterruptPriority
                0x000000000800f418       0x80 ./Middlewares/Third_Party/FreeRTOS/Source/portable/GCC/ARM_CM4F/port.o
                0x000000000800f418                vPortValidateInterruptPriority
 .text.pvPortMalloc
                0x000000000800f498      0x198 ./Middlewares/Third_Party/FreeRTOS/Source/portable/MemMang/heap_4.o
                0x000000000800f498                pvPortMalloc
 .text.vPortFree
                0x000000000800f630       0xc4 ./Middlewares/Third_Party/FreeRTOS/Source/portable/MemMang/heap_4.o
                0x000000000800f630                vPortFree
 .text.prvHeapInit
                0x000000000800f6f4       0xc4 ./Middlewares/Third_Party/FreeRTOS/Source/portable/MemMang/heap_4.o
 .text.prvInsertBlockIntoFreeList
                0x000000000800f7b8       0xb4 ./Middlewares/Third_Party/FreeRTOS/Source/portable/MemMang/heap_4.o
 .text.__errno  0x000000000800f86c        0xc /app/stm32cubeide/plugins/com.st.stm32cube.ide.mcu.externaltools.gnu-tools-for-stm32.10.3-2021.10.linux64_1.0.200.202301161003/tools/bin/../lib/gcc/arm-none-eabi/10.3.1/../../../../arm-none-eabi/lib/thumb/v7e-m+fp/hard/libc_nano.a(lib_a-errno.o)
                0x000000000800f86c                __errno
 .text.__libc_init_array
                0x000000000800f878       0x48 /app/stm32cubeide/plugins/com.st.stm32cube.ide.mcu.externaltools.gnu-tools-for-stm32.10.3-2021.10.linux64_1.0.200.202301161003/tools/bin/../lib/gcc/arm-none-eabi/10.3.1/../../../../arm-none-eabi/lib/thumb/v7e-m+fp/hard/libc_nano.a(lib_a-init.o)
                0x000000000800f878                __libc_init_array
 .text.__retarget_lock_acquire_recursive
                0x000000000800f8c0        0x2 /app/stm32cubeide/plugins/com.st.stm32cube.ide.mcu.externaltools.gnu-tools-for-stm32.10.3-2021.10.linux64_1.0.200.202301161003/tools/bin/../lib/gcc/arm-none-eabi/10.3.1/../../../../arm-none-eabi/lib/thumb/v7e-m+fp/hard/libc_nano.a(lib_a-lock.o)
                0x000000000800f8c0                __retarget_lock_acquire_recursive
 .text.__retarget_lock_release_recursive
                0x000000000800f8c2        0x2 /app/stm32cubeide/plugins/com.st.stm32cube.ide.mcu.externaltools.gnu-tools-for-stm32.10.3-2021.10.linux64_1.0.200.202301161003/tools/bin/../lib/gcc/arm-none-eabi/10.3.1/../../../../arm-none-eabi/lib/thumb/v7e-m+fp/hard/libc_nano.a(lib_a-lock.o)
                0x000000000800f8c2                __retarget_lock_release_recursive
 .text.memcpy   0x000000000800f8c4       0x1c /app/stm32cubeide/plugins/com.st.stm32cube.ide.mcu.externaltools.gnu-tools-for-stm32.10.3-2021.10.linux64_1.0.200.202301161003/tools/bin/../lib/gcc/arm-none-eabi/10.3.1/../../../../arm-none-eabi/lib/thumb/v7e-m+fp/hard/libc_nano.a(lib_a-memcpy-stub.o)
                0x000000000800f8c4                memcpy
 .text.memset   0x000000000800f8e0       0x10 /app/stm32cubeide/plugins/com.st.stm32cube.ide.mcu.externaltools.gnu-tools-for-stm32.10.3-2021.10.linux64_1.0.200.202301161003/tools/bin/../lib/gcc/arm-none-eabi/10.3.1/../../../../arm-none-eabi/lib/thumb/v7e-m+fp/hard/libc_nano.a(lib_a-memset.o)
                0x000000000800f8e0                memset
 .text.sbrk_aligned
                0x000000000800f8f0       0x40 /app/stm32cubeide/plugins/com.st.stm32cube.ide.mcu.externaltools.gnu-tools-for-stm32.10.3-2021.10.linux64_1.0.200.202301161003/tools/bin/../lib/gcc/arm-none-eabi/10.3.1/../../../../arm-none-eabi/lib/thumb/v7e-m+fp/hard/libc_nano.a(lib_a-nano-mallocr.o)
 .text._malloc_r
                0x000000000800f930       0xe8 /app/stm32cubeide/plugins/com.st.stm32cube.ide.mcu.externaltools.gnu-tools-for-stm32.10.3-2021.10.linux64_1.0.200.202301161003/tools/bin/../lib/gcc/arm-none-eabi/10.3.1/../../../../arm-none-eabi/lib/thumb/v7e-m+fp/hard/libc_nano.a(lib_a-nano-mallocr.o)
                0x000000000800f930                _malloc_r
 .text.cleanup_glue
                0x000000000800fa18       0x1a /app/stm32cubeide/plugins/com.st.stm32cube.ide.mcu.externaltools.gnu-tools-for-stm32.10.3-2021.10.linux64_1.0.200.202301161003/tools/bin/../lib/gcc/arm-none-eabi/10.3.1/../../../../arm-none-eabi/lib/thumb/v7e-m+fp/hard/libc_nano.a(lib_a-reent.o)
                0x000000000800fa18                cleanup_glue
 *fill*         0x000000000800fa32        0x2 
 .text._reclaim_reent
                0x000000000800fa34       0xb8 /app/stm32cubeide/plugins/com.st.stm32cube.ide.mcu.externaltools.gnu-tools-for-stm32.10.3-2021.10.linux64_1.0.200.202301161003/tools/bin/../lib/gcc/arm-none-eabi/10.3.1/../../../../arm-none-eabi/lib/thumb/v7e-m+fp/hard/libc_nano.a(lib_a-reent.o)
                0x000000000800fa34                _reclaim_reent
 .text._sbrk_r  0x000000000800faec       0x20 /app/stm32cubeide/plugins/com.st.stm32cube.ide.mcu.externaltools.gnu-tools-for-stm32.10.3-2021.10.linux64_1.0.200.202301161003/tools/bin/../lib/gcc/arm-none-eabi/10.3.1/../../../../arm-none-eabi/lib/thumb/v7e-m+fp/hard/libc_nano.a(lib_a-sbrkr.o)
                0x000000000800faec                _sbrk_r
 .text.sprintf  0x000000000800fb0c       0x40 /app/stm32cubeide/plugins/com.st.stm32cube.ide.mcu.externaltools.gnu-tools-for-stm32.10.3-2021.10.linux64_1.0.200.202301161003/tools/bin/../lib/gcc/arm-none-eabi/10.3.1/../../../../arm-none-eabi/lib/thumb/v7e-m+fp/hard/libc_nano.a(lib_a-sprintf.o)
                0x000000000800fb0c                sprintf
                0x000000000800fb0c                siprintf
 .text.strncmp  0x000000000800fb4c       0x28 /app/stm32cubeide/plugins/com.st.stm32cube.ide.mcu.externaltools.gnu-tools-for-stm32.10.3-2021.10.linux64_1.0.200.202301161003/tools/bin/../lib/gcc/arm-none-eabi/10.3.1/../../../../arm-none-eabi/lib/thumb/v7e-m+fp/hard/libc_nano.a(lib_a-strncmp.o)
                0x000000000800fb4c                strncmp
 .text.strstr   0x000000000800fb74       0x2c /app/stm32cubeide/plugins/com.st.stm32cube.ide.mcu.externaltools.gnu-tools-for-stm32.10.3-2021.10.linux64_1.0.200.202301161003/tools/bin/../lib/gcc/arm-none-eabi/10.3.1/../../../../arm-none-eabi/lib/thumb/v7e-m+fp/hard/libc_nano.a(lib_a-strstr.o)
                0x000000000800fb74                strstr
 .text.__malloc_lock
                0x000000000800fba0        0xc /app/stm32cubeide/plugins/com.st.stm32cube.ide.mcu.externaltools.gnu-tools-for-stm32.10.3-2021.10.linux64_1.0.200.202301161003/tools/bin/../lib/gcc/arm-none-eabi/10.3.1/../../../../arm-none-eabi/lib/thumb/v7e-m+fp/hard/libc_nano.a(lib_a-mlock.o)
                0x000000000800fba0                __malloc_lock
 .text.__malloc_unlock
                0x000000000800fbac        0xc /app/stm32cubeide/plugins/com.st.stm32cube.ide.mcu.externaltools.gnu-tools-for-stm32.10.3-2021.10.linux64_1.0.200.202301161003/tools/bin/../lib/gcc/arm-none-eabi/10.3.1/../../../../arm-none-eabi/lib/thumb/v7e-m+fp/hard/libc_nano.a(lib_a-mlock.o)
                0x000000000800fbac                __malloc_unlock
 .text._free_r  0x000000000800fbb8       0x98 /app/stm32cubeide/plugins/com.st.stm32cube.ide.mcu.externaltools.gnu-tools-for-stm32.10.3-2021.10.linux64_1.0.200.202301161003/tools/bin/../lib/gcc/arm-none-eabi/10.3.1/../../../../arm-none-eabi/lib/thumb/v7e-m+fp/hard/libc_nano.a(lib_a-nano-freer.o)
                0x000000000800fbb8                _free_r
 .text.__ssputs_r
                0x000000000800fc50       0xb6 /app/stm32cubeide/plugins/com.st.stm32cube.ide.mcu.externaltools.gnu-tools-for-stm32.10.3-2021.10.linux64_1.0.200.202301161003/tools/bin/../lib/gcc/arm-none-eabi/10.3.1/../../../../arm-none-eabi/lib/thumb/v7e-m+fp/hard/libc_nano.a(lib_a-nano-svfprintf.o)
                0x000000000800fc50                __ssputs_r
 *fill*         0x000000000800fd06        0x2 
 .text._svfprintf_r
                0x000000000800fd08      0x200 /app/stm32cubeide/plugins/com.st.stm32cube.ide.mcu.externaltools.gnu-tools-for-stm32.10.3-2021.10.linux64_1.0.200.202301161003/tools/bin/../lib/gcc/arm-none-eabi/10.3.1/../../../../arm-none-eabi/lib/thumb/v7e-m+fp/hard/libc_nano.a(lib_a-nano-svfprintf.o)
                0x000000000800fd08                _svfprintf_r
                0x000000000800fd08                _svfiprintf_r
 .text._printf_common