../Drivers/STM32G4xx_HAL_Driver/Src/stm32g4xx_hal_usart.c:381:13:HAL_USART_MspInit	0	static
../Drivers/STM32G4xx_HAL_Driver/Src/stm32g4xx_hal_usart.c:2536:13:USART_EndTransfer	0	static
../Drivers/STM32G4xx_HAL_Driver/Src/stm32g4xx_hal_usart.c:2552:13:USART_DMATransmitCplt	0	static
../Drivers/STM32G4xx_HAL_Driver/Src/stm32g4xx_hal_usart.c:2592:13:USART_DMATxHalfCplt	0	static
../Drivers/STM32G4xx_HAL_Driver/Src/stm32g4xx_hal_usart.c:2610:13:USART_DMAReceiveCplt	8	static
../Drivers/STM32G4xx_HAL_Driver/Src/stm32g4xx_hal_usart.c:2685:13:USART_DMARxHalfCplt	0	static
../Drivers/STM32G4xx_HAL_Driver/Src/stm32g4xx_hal_usart.c:2703:13:USART_DMAError	8	static
../Drivers/STM32G4xx_HAL_Driver/Src/stm32g4xx_hal_usart.c:2729:13:USART_DMAAbortOnError	0	static
../Drivers/STM32G4xx_HAL_Driver/Src/stm32g4xx_hal_usart.c:2752:13:USART_DMATxAbortCallback	0	static
../Drivers/STM32G4xx_HAL_Driver/Src/stm32g4xx_hal_usart.c:2800:13:USART_DMARxAbortCallback	0	static
../Drivers/STM32G4xx_HAL_Driver/Src/stm32g4xx_hal_usart.c:3247:13:USART_RxISR_8BIT	8	static
../Drivers/STM32G4xx_HAL_Driver/Src/stm32g4xx_hal_usart.c:3338:13:USART_RxISR_16BIT	8	static
../Drivers/STM32G4xx_HAL_Driver/Src/stm32g4xx_hal_usart.c:3431:13:USART_RxISR_8BIT_FIFOEN	24	static
../Drivers/STM32G4xx_HAL_Driver/Src/stm32g4xx_hal_usart.c:3564:13:USART_RxISR_16BIT_FIFOEN	24	static
../Drivers/STM32G4xx_HAL_Driver/Src/stm32g4xx_hal_usart.c:3031:13:USART_TxISR_8BIT	0	static
../Drivers/STM32G4xx_HAL_Driver/Src/stm32g4xx_hal_usart.c:3066:13:USART_TxISR_16BIT	0	static
../Drivers/STM32G4xx_HAL_Driver/Src/stm32g4xx_hal_usart.c:3102:13:USART_TxISR_8BIT_FIFOEN	8	static
../Drivers/STM32G4xx_HAL_Driver/Src/stm32g4xx_hal_usart.c:3147:13:USART_TxISR_16BIT_FIFOEN	8	static
../Drivers/STM32G4xx_HAL_Driver/Src/stm32g4xx_hal_usart.c:2849:26:USART_WaitOnFlagUntilTimeout.constprop	24	static
../Drivers/STM32G4xx_HAL_Driver/Src/stm32g4xx_hal_usart.c:2445:13:HAL_USART_AbortCpltCallback	0	static
../Drivers/STM32G4xx_HAL_Driver/Src/stm32g4xx_hal_usart.c:396:13:HAL_USART_MspDeInit	0	static
../Drivers/STM32G4xx_HAL_Driver/Src/stm32g4xx_hal_usart.c:2355:13:HAL_USART_TxCpltCallback	0	static
../Drivers/STM32G4xx_HAL_Driver/Src/stm32g4xx_hal_usart.c:2370:13:HAL_USART_TxHalfCpltCallback	0	static
../Drivers/STM32G4xx_HAL_Driver/Src/stm32g4xx_hal_usart.c:2385:13:HAL_USART_RxCpltCallback	0	static
../Drivers/STM32G4xx_HAL_Driver/Src/stm32g4xx_hal_usart.c:2400:13:HAL_USART_RxHalfCpltCallback	0	static
../Drivers/STM32G4xx_HAL_Driver/Src/stm32g4xx_hal_usart.c:2415:13:HAL_USART_TxRxCpltCallback	0	static
../Drivers/STM32G4xx_HAL_Driver/Src/stm32g4xx_hal_usart.c:2430:13:HAL_USART_ErrorCallback	0	static
../Drivers/STM32G4xx_HAL_Driver/Src/stm32g4xx_hal_usart.c:338:19:HAL_USART_DeInit	8	static
../Drivers/STM32G4xx_HAL_Driver/Src/stm32g4xx_hal_usart.c:429:19:HAL_USART_RegisterCallback	8	static
../Drivers/STM32G4xx_HAL_Driver/Src/stm32g4xx_hal_usart.c:553:19:HAL_USART_UnRegisterCallback	0	static
../Drivers/STM32G4xx_HAL_Driver/Src/stm32g4xx_hal_usart.c:744:19:HAL_USART_Transmit	32	static
../Drivers/STM32G4xx_HAL_Driver/Src/stm32g4xx_hal_usart.c:842:19:HAL_USART_Receive	32	static
../Drivers/STM32G4xx_HAL_Driver/Src/stm32g4xx_hal_usart.c:954:19:HAL_USART_TransmitReceive	40	static
../Drivers/STM32G4xx_HAL_Driver/Src/stm32g4xx_hal_usart.c:1101:19:HAL_USART_Transmit_IT	8	static
../Drivers/STM32G4xx_HAL_Driver/Src/stm32g4xx_hal_usart.c:1184:19:HAL_USART_Receive_IT	16	static
../Drivers/STM32G4xx_HAL_Driver/Src/stm32g4xx_hal_usart.c:1298:19:HAL_USART_TransmitReceive_IT	12	static
../Drivers/STM32G4xx_HAL_Driver/Src/stm32g4xx_hal_usart.c:1406:19:HAL_USART_Transmit_DMA	24	static
../Drivers/STM32G4xx_HAL_Driver/Src/stm32g4xx_hal_usart.c:1491:19:HAL_USART_Receive_DMA	24	static
../Drivers/STM32G4xx_HAL_Driver/Src/stm32g4xx_hal_usart.c:1611:19:HAL_USART_TransmitReceive_DMA	24	static
../Drivers/STM32G4xx_HAL_Driver/Src/stm32g4xx_hal_usart.c:1731:19:HAL_USART_DMAPause	0	static
../Drivers/STM32G4xx_HAL_Driver/Src/stm32g4xx_hal_usart.c:1778:19:HAL_USART_DMAResume	0	static
../Drivers/STM32G4xx_HAL_Driver/Src/stm32g4xx_hal_usart.c:1825:19:HAL_USART_DMAStop	8	static
../Drivers/STM32G4xx_HAL_Driver/Src/stm32g4xx_hal_usart.c:1885:19:HAL_USART_Abort	8	static
../Drivers/STM32G4xx_HAL_Driver/Src/stm32g4xx_hal_usart.c:1983:19:HAL_USART_Abort_IT	8	static
../Drivers/STM32G4xx_HAL_Driver/Src/stm32g4xx_hal_usart.c:2115:6:HAL_USART_IRQHandler	24	static
../Drivers/STM32G4xx_HAL_Driver/Src/stm32g4xx_hal_usart.c:2482:24:HAL_USART_GetState	0	static
../Drivers/STM32G4xx_HAL_Driver/Src/stm32g4xx_hal_usart.c:2493:10:HAL_USART_GetError	0	static
../Drivers/STM32G4xx_HAL_Driver/Src/stm32g4xx_hal_usart.c:2516:6:USART_InitCallbacksToDefault	0	static
../Drivers/STM32G4xx_HAL_Driver/Src/stm32g4xx_hal_usart.c:276:19:HAL_USART_Init	24	static
