../Core/Src/ili9341.c:13:13:ILI9341_Select	0	static
../Core/Src/ili9341.c:27:13:ILI9341_WriteCommand	16	static
../Core/Src/ili9341.c:33:13:ILI9341_WriteData	24	static
../Core/Src/ili9341.c:46:13:ILI9341_SetAddressWindow	32	static
../Core/Src/ili9341.c:17:6:ILI9341_Unselect	0	static
../Core/Src/ili9341.c:278:6:ILI9341_FillRectangle.part.0	32	static
../Core/Src/ili9341.c:65:6:ILI9341_Init	32	static
../Core/Src/ili9341.c:220:6:ILI9341_DrawPixel	24	static
../Core/Src/ili9341.c:252:6:ILI9341_WriteString	72	static
../Core/Src/ili9341.c:278:6:ILI9341_FillRectangle	8	static
../Core/Src/ili9341.c:299:6:ILI9341_FillScreen	16	static
../Core/Src/ili9341.c:303:6:ILI9341_DrawImage	24	static
../Core/Src/ili9341.c:314:6:ILI9341_InvertColors	8	static
