../Core/Src/stm32g4xx_hal_msp.c:64:6:HAL_MspInit	8	static
../Core/Src/stm32g4xx_hal_msp.c:91:6:HAL_ADC_MspInit	168	static
../Core/Src/stm32g4xx_hal_msp.c:290:6:HAL_ADC_MspDeInit	8	static
../Core/Src/stm32g4xx_hal_msp.c:409:6:HAL_DAC_MspInit	64	static
../Core/Src/stm32g4xx_hal_msp.c:516:6:HAL_DAC_MspDeInit	8	static
../Core/Src/stm32g4xx_hal_msp.c:625:6:HAL_OPAMP_MspInit	48	static
../Core/Src/stm32g4xx_hal_msp.c:732:6:HAL_OPAMP_MspDeInit	0	static
../Core/Src/stm32g4xx_hal_msp.c:818:6:HAL_QSPI_MspInit	136	static
../Core/Src/stm32g4xx_hal_msp.c:893:6:HAL_QSPI_MspDeInit	8	static
../Core/Src/stm32g4xx_hal_msp.c:937:6:HAL_SPI_MspInit	72	static
../Core/Src/stm32g4xx_hal_msp.c:1042:6:HAL_SPI_MspDeInit	8	static
../Core/Src/stm32g4xx_hal_msp.c:1116:6:HAL_TIM_Base_MspInit	16	static
../Core/Src/stm32g4xx_hal_msp.c:1141:6:HAL_TIM_Base_MspDeInit	0	static
../Core/Src/stm32g4xx_hal_msp.c:1173:6:HAL_UART_MspInit	136	static
../Core/Src/stm32g4xx_hal_msp.c:1228:6:HAL_USART_MspInit	136	static
../Core/Src/stm32g4xx_hal_msp.c:1284:6:HAL_UART_MspDeInit	8	static
../Core/Src/stm32g4xx_hal_msp.c:1315:6:HAL_USART_MspDeInit	8	static
