../Core/Src/stm32g4xx_it.c:77:6:NMI_Handler	8	static
../Core/Src/stm32g4xx_it.c:93:6:HardFault_Handler	0	static
../Core/Src/stm32g4xx_it.c:108:6:MemManage_Handler	0	static
../Core/Src/stm32g4xx_it.c:123:6:BusFault_Handler	0	static
../Core/Src/stm32g4xx_it.c:138:6:UsageFault_Handler	0	static
../Core/Src/stm32g4xx_it.c:153:6:DebugMon_Handler	0	static
../Core/Src/stm32g4xx_it.c:173:6:DMA1_Channel1_IRQHandler	0	static
../Core/Src/stm32g4xx_it.c:187:6:TIM2_IRQHandler	0	static
../Core/Src/stm32g4xx_it.c:201:6:TIM6_DAC_IRQHandler	8	static
../Core/Src/stm32g4xx_it.c:217:6:TIM7_DAC_IRQHandler	8	static
