../Core/Src/stm32g4xx_hal_msp.c:64:6:HAL_MspInit	16	static
../Core/Src/stm32g4xx_hal_msp.c:95:6:HAL_ADC_MspInit	168	static
../Core/Src/stm32g4xx_hal_msp.c:294:6:HAL_ADC_MspDeInit	8	static
../Core/Src/stm32g4xx_hal_msp.c:413:6:HAL_DAC_MspInit	64	static
../Core/Src/stm32g4xx_hal_msp.c:520:6:HAL_DAC_MspDeInit	8	static
../Core/Src/stm32g4xx_hal_msp.c:629:6:HAL_OPAMP_MspInit	48	static
../Core/Src/stm32g4xx_hal_msp.c:736:6:HAL_OPAMP_MspDeInit	0	static
../Core/Src/stm32g4xx_hal_msp.c:822:6:HAL_QSPI_MspInit	136	static
../Core/Src/stm32g4xx_hal_msp.c:897:6:HAL_QSPI_MspDeInit	8	static
../Core/Src/stm32g4xx_hal_msp.c:941:6:HAL_SPI_MspInit	72	static
../Core/Src/stm32g4xx_hal_msp.c:1046:6:HAL_SPI_MspDeInit	8	static
../Core/Src/stm32g4xx_hal_msp.c:1120:6:HAL_TIM_Base_MspInit	16	static
../Core/Src/stm32g4xx_hal_msp.c:1159:6:HAL_TIM_Base_MspDeInit	0	static
../Core/Src/stm32g4xx_hal_msp.c:1205:6:HAL_UART_MspInit	136	static
../Core/Src/stm32g4xx_hal_msp.c:1260:6:HAL_USART_MspInit	136	static
../Core/Src/stm32g4xx_hal_msp.c:1316:6:HAL_UART_MspDeInit	8	static
../Core/Src/stm32g4xx_hal_msp.c:1347:6:HAL_USART_MspDeInit	8	static
